Component: ARM Compiler 5.05 update 1 (build 106) Tool: armlink [4d0efa]

==============================================================================

Section Cross References

    main.o(i.camera_refresh) refers to tftlcd.o(i.LCD_Display_Dir) for LCD_Display_Dir
    main.o(i.camera_refresh) refers to tftlcd.o(i.LCD_Set_Window) for LCD_Set_Window
    main.o(i.camera_refresh) refers to stm32f10x_gpio.o(i.GPIO_ResetBits) for GPIO_ResetBits
    main.o(i.camera_refresh) refers to stm32f10x_gpio.o(i.GPIO_SetBits) for GPIO_SetBits
    main.o(i.camera_refresh) refers to tftlcd.o(i.LCD_WriteData_Color) for LCD_WriteData_Color
    main.o(i.camera_refresh) refers to exti.o(.data) for ov_sta
    main.o(i.camera_refresh) refers to tftlcd.o(.data) for tftlcd_data
    main.o(i.camera_refresh) refers to time.o(.data) for ov_frame
    main.o(i.main) refers to systick.o(i.SysTick_Init) for SysTick_Init
    main.o(i.main) refers to misc.o(i.NVIC_PriorityGroupConfig) for NVIC_PriorityGroupConfig
    main.o(i.main) refers to led.o(i.LED_Init) for LED_Init
    main.o(i.main) refers to usart.o(i.USART1_Init) for USART1_Init
    main.o(i.main) refers to esp8266_drive.o(i.ESP8266_Init) for ESP8266_Init
    main.o(i.main) refers to esp8266_public.o(i.ESP8266_STA_LinkAP) for ESP8266_STA_LinkAP
    main.o(i.main) refers to tftlcd.o(i.TFTLCD_Init) for TFTLCD_Init
    main.o(i.main) refers to key.o(i.KEY_Init) for KEY_Init
    main.o(i.main) refers to flash.o(i.EN25QXX_Init) for EN25QXX_Init
    main.o(i.main) refers to malloc.o(i.my_mem_init) for my_mem_init
    main.o(i.main) refers to tftlcd.o(i.LCD_ShowString) for LCD_ShowString
    main.o(i.main) refers to systick.o(i.delay_ms) for delay_ms
    main.o(i.main) refers to tftlcd.o(i.LCD_Fill) for LCD_Fill
    main.o(i.main) refers to ov7670.o(i.OV7670_Init) for OV7670_Init
    main.o(i.main) refers to fatfs_app.o(i.FATFS_Init) for FATFS_Init
    main.o(i.main) refers to ff.o(i.f_mount) for f_mount
    main.o(i.main) refers to ff.o(i.f_mkdir) for f_mkdir
    main.o(i.main) refers to malloc.o(i.mymalloc) for mymalloc
    main.o(i.main) refers to ov7670.o(i.OV7670_Light_Mode) for OV7670_Light_Mode
    main.o(i.main) refers to ov7670.o(i.OV7670_Color_Saturation) for OV7670_Color_Saturation
    main.o(i.main) refers to ov7670.o(i.OV7670_Brightness) for OV7670_Brightness
    main.o(i.main) refers to ov7670.o(i.OV7670_Contrast) for OV7670_Contrast
    main.o(i.main) refers to ov7670.o(i.OV7670_Special_Effects) for OV7670_Special_Effects
    main.o(i.main) refers to time.o(i.TIM4_Init) for TIM4_Init
    main.o(i.main) refers to exti.o(i.EXTI7_Init) for EXTI7_Init
    main.o(i.main) refers to ov7670.o(i.OV7670_Window_Set) for OV7670_Window_Set
    main.o(i.main) refers to tftlcd.o(i.LCD_Clear) for LCD_Clear
    main.o(i.main) refers to main.o(i.camera_refresh) for camera_refresh
    main.o(i.main) refers to key.o(i.KEY_Scan) for KEY_Scan
    main.o(i.main) refers to bmp.o(i.camera_new_pathname) for camera_new_pathname
    main.o(i.main) refers to bmp.o(i.bmp_encode) for bmp_encode
    main.o(i.main) refers to esp8266_public.o(i.ESP8266_ConnectToServer) for ESP8266_ConnectToServer
    main.o(i.main) refers to esp8266_public.o(i.PostToWeb) for PostToWeb
    main.o(i.main) refers to printf8.o(i.__0printf$8) for __2printf
    main.o(i.main) refers to tftlcd.o(i.LCD_ShowFontHZ) for LCD_ShowFontHZ
    main.o(i.main) refers to tftlcd.o(.data) for tftlcd_data
    main.o(i.main) refers to fatfs_app.o(.bss) for fs
    startup_stm32f10x_hd.o(RESET) refers to startup_stm32f10x_hd.o(STACK) for __initial_sp
    startup_stm32f10x_hd.o(RESET) refers to startup_stm32f10x_hd.o(.text) for Reset_Handler
    startup_stm32f10x_hd.o(RESET) refers to stm32f10x_it.o(i.NMI_Handler) for NMI_Handler
    startup_stm32f10x_hd.o(RESET) refers to stm32f10x_it.o(i.HardFault_Handler) for HardFault_Handler
    startup_stm32f10x_hd.o(RESET) refers to stm32f10x_it.o(i.MemManage_Handler) for MemManage_Handler
    startup_stm32f10x_hd.o(RESET) refers to stm32f10x_it.o(i.BusFault_Handler) for BusFault_Handler
    startup_stm32f10x_hd.o(RESET) refers to stm32f10x_it.o(i.UsageFault_Handler) for UsageFault_Handler
    startup_stm32f10x_hd.o(RESET) refers to stm32f10x_it.o(i.SVC_Handler) for SVC_Handler
    startup_stm32f10x_hd.o(RESET) refers to stm32f10x_it.o(i.DebugMon_Handler) for DebugMon_Handler
    startup_stm32f10x_hd.o(RESET) refers to stm32f10x_it.o(i.PendSV_Handler) for PendSV_Handler
    startup_stm32f10x_hd.o(RESET) refers to stm32f10x_it.o(i.SysTick_Handler) for SysTick_Handler
    startup_stm32f10x_hd.o(RESET) refers to exti.o(i.EXTI9_5_IRQHandler) for EXTI9_5_IRQHandler
    startup_stm32f10x_hd.o(RESET) refers to time.o(i.TIM4_IRQHandler) for TIM4_IRQHandler
    startup_stm32f10x_hd.o(RESET) refers to usart.o(i.USART1_IRQHandler) for USART1_IRQHandler
    startup_stm32f10x_hd.o(RESET) refers to esp8266_drive.o(i.USART2_IRQHandler) for USART2_IRQHandler
[...]
    .ARM.Collect$$$$0000000F                 0x08000140   Section        0  entry11a.o(.ARM.Collect$$$$0000000F)
    .ARM.Collect$$$$00002712                 0x08000140   Section        4  entry2.o(.ARM.Collect$$$$00002712)
    __lit__00000000                          0x08000140   Data           4  entry2.o(.ARM.Collect$$$$00002712)
    .text                                    0x08000144   Section       36  startup_stm32f10x_hd.o(.text)
    .text                                    0x08000168   Section        0  memseta.o(.text)
    .text                                    0x0800018c   Section        0  strstr.o(.text)
    .text                                    0x080001b0   Section        0  strcpy.o(.text)
    .text                                    0x080001c2   Section        0  uldiv.o(.text)
    .text                                    0x08000224   Section       36  init.o(.text)
    .text                                    0x08000248   Section        0  llshl.o(.text)
    .text                                    0x08000266   Section        0  llushr.o(.text)
    i.BusFault_Handler                       0x08000286   Section        0  stm32f10x_it.o(i.BusFault_Handler)
    i.DebugMon_Handler                       0x0800028a   Section        0  stm32f10x_it.o(i.DebugMon_Handler)
    i.EN25QXX_Erase_Sector                   0x0800028c   Section        0  flash.o(i.EN25QXX_Erase_Sector)
    i.EN25QXX_Init                           0x080002e4   Section        0  flash.o(i.EN25QXX_Init)
    i.EN25QXX_Read                           0x08000394   Section        0  flash.o(i.EN25QXX_Read)
    i.EN25QXX_ReadID                         0x080003e4   Section        0  flash.o(i.EN25QXX_ReadID)
    i.EN25QXX_ReadSR                         0x0800042c   Section        0  flash.o(i.EN25QXX_ReadSR)
    i.EN25QXX_Wait_Busy                      0x08000458   Section        0  flash.o(i.EN25QXX_Wait_Busy)
    i.EN25QXX_Write                          0x0800046c   Section        0  flash.o(i.EN25QXX_Write)
    i.EN25QXX_Write_Enable                   0x08000524   Section        0  flash.o(i.EN25QXX_Write_Enable)
    i.EN25QXX_Write_NoCheck                  0x08000544   Section        0  flash.o(i.EN25QXX_Write_NoCheck)
    i.EN25QXX_Write_Page                     0x0800058c   Section        0  flash.o(i.EN25QXX_Write_Page)
    i.ESP8266_AT_Test                        0x080005e0   Section        0  esp8266_drive.o(i.ESP8266_AT_Test)
    i.ESP8266_ConnectToServer                0x08000624   Section        0  esp8266_public.o(i.ESP8266_ConnectToServer)
    i.ESP8266_Enable_MultipleId              0x08000704   Section        0  esp8266_drive.o(i.ESP8266_Enable_MultipleId)
    i.ESP8266_Init                           0x08000744   Section        0  esp8266_drive.o(i.ESP8266_Init)
    i.ESP8266_JoinAP                         0x0800079c   Section        0  esp8266_drive.o(i.ESP8266_JoinAP)
    i.ESP8266_Net_Mode_Choose                0x080007dc   Section        0  esp8266_drive.o(i.ESP8266_Net_Mode_Choose)
    i.ESP8266_Rst                            0x08000854   Section        0  esp8266_drive.o(i.ESP8266_Rst)
    i.ESP8266_STA_LinkAP                     0x08000874   Section        0  esp8266_public.o(i.ESP8266_STA_LinkAP)
    i.ESP8266_SendString                     0x080008ec   Section        0  esp8266_drive.o(i.ESP8266_SendString)
    i.ESP8266_Send_AT_Cmd                    0x0800098c   Section        0  esp8266_drive.o(i.ESP8266_Send_AT_Cmd)
    i.EXTI7_Init                             0x08000a44   Section        0  exti.o(i.EXTI7_Init)
    i.EXTI9_5_IRQHandler                     0x08000a90   Section        0  exti.o(i.EXTI9_5_IRQHandler)
    i.EXTI_ClearITPendingBit                 0x08000ad4   Section        0  stm32f10x_exti.o(i.EXTI_ClearITPendingBit)
    i.EXTI_GetITStatus                       0x08000ae0   Section        0  stm32f10x_exti.o(i.EXTI_GetITStatus)
    i.EXTI_Init                              0x08000b08   Section        0  stm32f10x_exti.o(i.EXTI_Init)
    i.FATFS_Init                             0x08000b9c   Section        0  fatfs_app.o(i.FATFS_Init)
    i.FSMC_NORSRAMCmd                        0x08000c20   Section        0  stm32f10x_fsmc.o(i.FSMC_NORSRAMCmd)
    i.FSMC_NORSRAMInit                       0x08000c54   Section        0  stm32f10x_fsmc.o(i.FSMC_NORSRAMInit)
    i.GPIO_EXTILineConfig                    0x08000d3c   Section        0  stm32f10x_gpio.o(i.GPIO_EXTILineConfig)
    i.GPIO_Init                              0x08000d7c   Section        0  stm32f10x_gpio.o(i.GPIO_Init)
    i.GPIO_ResetBits                         0x08000e92   Section        0  stm32f10x_gpio.o(i.GPIO_ResetBits)
    i.GPIO_SetBits                           0x08000e96   Section        0  stm32f10x_gpio.o(i.GPIO_SetBits)
    i.HardFault_Handler                      0x08000e9a   Section        0  stm32f10x_it.o(i.HardFault_Handler)
    i.KEY_Init                               0x08000ea0   Section        0  key.o(i.KEY_Init)
    i.KEY_Scan                               0x08000ee8   Section        0  key.o(i.KEY_Scan)
    i.LCD_Clear                              0x08000f84   Section        0  tftlcd.o(i.LCD_Clear)
    i.LCD_Display_Dir                        0x08000fcc   Section        0  tftlcd.o(i.LCD_Display_Dir)
    i.LCD_DrawFRONT_COLOR                    0x08001030   Section        0  tftlcd.o(i.LCD_DrawFRONT_COLOR)
    i.LCD_Fill                               0x0800104c   Section        0  tftlcd.o(i.LCD_Fill)
    i.LCD_ReadData                           0x080010a8   Section        0  tftlcd.o(i.LCD_ReadData)
    i.LCD_ReadPoint                          0x080010b4   Section        0  tftlcd.o(i.LCD_ReadPoint)
    i.LCD_Set_Window                         0x08001108   Section        0  tftlcd.o(i.LCD_Set_Window)
    i.LCD_ShowChar                           0x080011cc   Section        0  tftlcd.o(i.LCD_ShowChar)
    i.LCD_ShowFontHZ                         0x080012dc   Section        0  tftlcd.o(i.LCD_ShowFontHZ)
    i.LCD_ShowString                         0x080013c4   Section        0  tftlcd.o(i.LCD_ShowString)
    i.LCD_WriteCmd                           0x0800142c   Section        0  tftlcd.o(i.LCD_WriteCmd)
    i.LCD_WriteData                          0x08001438   Section        0  tftlcd.o(i.LCD_WriteData)
    i.LCD_WriteData_Color                    0x08001444   Section        0  tftlcd.o(i.LCD_WriteData_Color)
    i.LED_Init                               0x08001450   Section        0  led.o(i.LED_Init)
    i.MemManage_Handler                      0x08001484   Section        0  stm32f10x_it.o(i.MemManage_Handler)
    i.NMI_Handler                            0x08001488   Section        0  stm32f10x_it.o(i.NMI_Handler)
    i.NVIC_Init                              0x0800148c   Section        0  misc.o(i.NVIC_Init)
    i.NVIC_PriorityGroupConfig               0x080014fc   Section        0  misc.o(i.NVIC_PriorityGroupConfig)
    i.OV7670_Brightness                      0x08001510   Section        0  ov7670.o(i.OV7670_Brightness)
    i.OV7670_Color_Saturation                0x08001542   Section        0  ov7670.o(i.OV7670_Color_Saturation)
    i.OV7670_Contrast                        0x080015bc   Section        0  ov7670.o(i.OV7670_Contrast)
    i.OV7670_Init                            0x080015f0   Section        0  ov7670.o(i.OV7670_Init)
    i.OV7670_Light_Mode                      0x080016f0   Section        0  ov7670.o(i.OV7670_Light_Mode)
    i.OV7670_Special_Effects                 0x0800174c   Section        0  ov7670.o(i.OV7670_Special_Effects)
    i.OV7670_Window_Set                      0x080017b6   Section        0  ov7670.o(i.OV7670_Window_Set)
    i.PendSV_Handler                         0x08001840   Section        0  stm32f10x_it.o(i.PendSV_Handler)
    i.PostToWeb                              0x08001844   Section        0  esp8266_public.o(i.PostToWeb)
    i.RCC_AHBPeriphClockCmd                  0x080019a4   Section        0  stm32f10x_rcc.o(i.RCC_AHBPeriphClockCmd)
    i.RCC_APB1PeriphClockCmd                 0x080019c4   Section        0  stm32f10x_rcc.o(i.RCC_APB1PeriphClockCmd)
    i.RCC_APB2PeriphClockCmd                 0x080019e4   Section        0  stm32f10x_rcc.o(i.RCC_APB2PeriphClockCmd)
    i.RCC_GetClocksFreq                      0x08001a04   Section        0  stm32f10x_rcc.o(i.RCC_GetClocksFreq)
    i.SCCB_Init                              0x08001ad8   Section        0  sccb.o(i.SCCB_Init)
    i.SCCB_No_Ack                            0x08001b28   Section        0  sccb.o(i.SCCB_No_Ack)
    i.SCCB_RD_Byte                           0x08001b68   Section        0  sccb.o(i.SCCB_RD_Byte)
    i.SCCB_RD_Reg                            0x08001bb4   Section        0  sccb.o(i.SCCB_RD_Reg)
    i.SCCB_SDA_IN                            0x08001c04   Section        0  sccb.o(i.SCCB_SDA_IN)
    i.SCCB_SDA_OUT                           0x08001c20   Section        0  sccb.o(i.SCCB_SDA_OUT)
    i.SCCB_Start                             0x08001c44   Section        0  sccb.o(i.SCCB_Start)
    i.SCCB_Stop                              0x08001c78   Section        0  sccb.o(i.SCCB_Stop)
    i.SCCB_WR_Byte                           0x08001cac   Section        0  sccb.o(i.SCCB_WR_Byte)
    i.SCCB_WR_Reg                            0x08001d30   Section        0  sccb.o(i.SCCB_WR_Reg)
    i.SD_DisSelect                           0x08001d70   Section        0  sd.o(i.SD_DisSelect)
    i.SD_GetCSD                              0x08001d84   Section        0  sd.o(i.SD_GetCSD)
    i.SD_GetResponse                         0x08001dae   Section        0  sd.o(i.SD_GetResponse)
    i.SD_GetSectorCount                      0x08001dd4   Section        0  sd.o(i.SD_GetSectorCount)
    i.SD_Init                                0x08001e4c   Section        0  sd.o(i.SD_Init)
    i.SD_ReadDisk                            0x08001fd4   Section        0  sd.o(i.SD_ReadDisk)
    i.SD_RecvData                            0x08002048   Section        0  sd.o(i.SD_RecvData)
    i.SD_SPI_Init                            0x08002080   Section        0  sd.o(i.SD_SPI_Init)
    i.SD_SPI_ReadWriteByte                   0x08002104   Section        0  sd.o(i.SD_SPI_ReadWriteByte)
    i.SD_SPI_SpeedHigh                       0x08002110   Section        0  sd.o(i.SD_SPI_SpeedHigh)
    i.SD_SPI_SpeedLow                        0x0800211a   Section        0  sd.o(i.SD_SPI_SpeedLow)
    i.SD_Select                              0x08002124   Section        0  sd.o(i.SD_Select)
    i.SD_SendBlock                           0x08002144   Section        0  sd.o(i.SD_SendBlock)
    i.SD_SendCmd                             0x08002196   Section        0  sd.o(i.SD_SendCmd)
    i.SD_WaitReady                           0x0800220e   Section        0  sd.o(i.SD_WaitReady)
    i.SD_WriteDisk                           0x08002230   Section        0  sd.o(i.SD_WriteDisk)
    i.SPI2_Init                              0x080022c0   Section        0  spi.o(i.SPI2_Init)
    i.SPI2_ReadWriteByte                     0x0800234c   Section        0  spi.o(i.SPI2_ReadWriteByte)
    i.SPI2_SetSpeed                          0x08002384   Section        0  spi.o(i.SPI2_SetSpeed)
    i.SPI_Cmd                                0x080023ac   Section        0  stm32f10x_spi.o(i.SPI_Cmd)
    i.SPI_I2S_GetFlagStatus                  0x080023c4   Section        0  stm32f10x_spi.o(i.SPI_I2S_GetFlagStatus)
    i.SPI_I2S_ReceiveData                    0x080023d6   Section        0  stm32f10x_spi.o(i.SPI_I2S_ReceiveData)
    i.SPI_I2S_SendData                       0x080023dc   Section        0  stm32f10x_spi.o(i.SPI_I2S_SendData)
    i.SPI_Init                               0x080023e0   Section        0  stm32f10x_spi.o(i.SPI_Init)
    i.SVC_Handler                            0x0800241c   Section        0  stm32f10x_it.o(i.SVC_Handler)
    i.SetSysClock                            0x0800241e   Section        0  system_stm32f10x.o(i.SetSysClock)
    SetSysClock                              0x0800241f   Thumb Code     8  system_stm32f10x.o(i.SetSysClock)
    i.SetSysClockTo72                        0x08002428   Section        0  system_stm32f10x.o(i.SetSysClockTo72)
    SetSysClockTo72                          0x08002429   Thumb Code   214  system_stm32f10x.o(i.SetSysClockTo72)
    i.SysTick_CLKSourceConfig                0x08002508   Section        0  misc.o(i.SysTick_CLKSourceConfig)
    i.SysTick_Handler                        0x08002530   Section        0  stm32f10x_it.o(i.SysTick_Handler)
    i.SysTick_Init                           0x08002534   Section        0  systick.o(i.SysTick_Init)
    i.SystemInit                             0x08002570   Section        0  system_stm32f10x.o(i.SystemInit)
    i.TFTLCD_FSMC_Init                       0x080025d0   Section        0  tftlcd.o(i.TFTLCD_FSMC_Init)
    i.TFTLCD_GPIO_Init                       0x08002650   Section        0  tftlcd.o(i.TFTLCD_GPIO_Init)
    i.TFTLCD_Init                            0x080026c0   Section        0  tftlcd.o(i.TFTLCD_Init)
    i.TIM4_IRQHandler                        0x080029b8   Section        0  time.o(i.TIM4_IRQHandler)
    i.TIM4_Init                              0x08002a0c   Section        0  time.o(i.TIM4_Init)
    i.TIM_ClearITPendingBit                  0x08002a74   Section        0  stm32f10x_tim.o(i.TIM_ClearITPendingBit)
    i.TIM_Cmd                                0x08002a7a   Section        0  stm32f10x_tim.o(i.TIM_Cmd)
    i.TIM_GetITStatus                        0x08002a92   Section        0  stm32f10x_tim.o(i.TIM_GetITStatus)
    i.TIM_ITConfig                           0x08002ab4   Section        0  stm32f10x_tim.o(i.TIM_ITConfig)
    i.TIM_TimeBaseInit                       0x08002ac8   Section        0  stm32f10x_tim.o(i.TIM_TimeBaseInit)
    i.USART1_IRQHandler                      0x08002b6c   Section        0  usart.o(i.USART1_IRQHandler)
    i.USART1_Init                            0x08002ba8   Section        0  usart.o(i.USART1_Init)
    i.USART2_IRQHandler                      0x08002c60   Section        0  esp8266_drive.o(i.USART2_IRQHandler)
    i.USART2_Init                            0x08002d00   Section        0  esp8266_drive.o(i.USART2_Init)
    i.USART_ClearFlag                        0x08002da4   Section        0  stm32f10x_usart.o(i.USART_ClearFlag)
    i.USART_Cmd                              0x08002db6   Section        0  stm32f10x_usart.o(i.USART_Cmd)
    i.USART_GetFlagStatus                    0x08002dce   Section        0  stm32f10x_usart.o(i.USART_GetFlagStatus)
    i.USART_GetITStatus                      0x08002de8   Section        0  stm32f10x_usart.o(i.USART_GetITStatus)
    i.USART_ITConfig                         0x08002e3c   Section        0  stm32f10x_usart.o(i.USART_ITConfig)
    i.USART_Init                             0x08002e88   Section        0  stm32f10x_usart.o(i.USART_Init)
    i.USART_ReceiveData                      0x08002f60   Section        0  stm32f10x_usart.o(i.USART_ReceiveData)
    i.USART_SendData                         0x08002f6a   Section        0  stm32f10x_usart.o(i.USART_SendData)
    i.USART_printf                           0x08002f72   Section        0  esp8266_public.o(i.USART_printf)
    i.UsageFault_Handler                     0x08003078   Section        0  stm32f10x_it.o(i.UsageFault_Handler)
    i.__0printf$8                            0x0800307c   Section        0  printf8.o(i.__0printf$8)
    i.__0sprintf$8                           0x0800309c   Section        0  printf8.o(i.__0sprintf$8)
    i.__scatterload_copy                     0x080030c4   Section       14  handlers.o(i.__scatterload_copy)
    i.__scatterload_null                     0x080030d2   Section        2  handlers.o(i.__scatterload_null)
    i.__scatterload_zeroinit                 0x080030d4   Section       14  handlers.o(i.__scatterload_zeroinit)
    i._printf_core                           0x080030e4   Section        0  printf8.o(i._printf_core)
    _printf_core                             0x080030e5   Thumb Code   996  printf8.o(i._printf_core)
    i._printf_post_padding                   0x080034f4   Section        0  printf8.o(i._printf_post_padding)
    _printf_post_padding                     0x080034f5   Thumb Code    36  printf8.o(i._printf_post_padding)
    i._printf_pre_padding                    0x08003518   Section        0  printf8.o(i._printf_pre_padding)
    _printf_pre_padding                      0x08003519   Thumb Code    46  printf8.o(i._printf_pre_padding)
    i._sputc                                 0x08003546   Section        0  printf8.o(i._sputc)
    _sputc                                   0x08003547   Thumb Code    10  printf8.o(i._sputc)
    i.bmp_encode                             0x08003550   Section        0  bmp.o(i.bmp_encode)
    i.camera_new_pathname                    0x08003760   Section        0  bmp.o(i.camera_new_pathname)
    i.camera_refresh                         0x080037b0   Section        0  main.o(i.camera_refresh)
    i.check_fs                               0x08003888   Section        0  ff.o(i.check_fs)
    check_fs                                 0x08003889   Thumb Code   140  ff.o(i.check_fs)
    i.chk_chr                                0x08003918   Section        0  ff.o(i.chk_chr)
    chk_chr                                  0x08003919   Thumb Code    20  ff.o(i.chk_chr)
    i.clmt_clust                             0x0800392c   Section        0  ff.o(i.clmt_clust)
    clmt_clust                               0x0800392d   Thumb Code    50  ff.o(i.clmt_clust)
    i.clust2sect                             0x0800395e   Section        0  ff.o(i.clust2sect)
    i.cmp_lfn                                0x08003978   Section        0  ff.o(i.cmp_lfn)
    cmp_lfn                                  0x08003979   Thumb Code   154  ff.o(i.cmp_lfn)
    i.create_chain                           0x08003a18   Section        0  ff.o(i.create_chain)
    create_chain                             0x08003a19   Thumb Code   214  ff.o(i.create_chain)
    i.create_name                            0x08003af0   Section        0  ff.o(i.create_name)
    create_name                              0x08003af1   Thumb Code   604  ff.o(i.create_name)
    i.delay_ms                               0x08003d60   Section        0  systick.o(i.delay_ms)
    i.delay_us                               0x08003dac   Section        0  systick.o(i.delay_us)
    i.dir_alloc                              0x08003df8   Section        0  ff.o(i.dir_alloc)
    dir_alloc                                0x08003df9   Thumb Code    92  ff.o(i.dir_alloc)
    i.dir_find                               0x08003e54   Section        0  ff.o(i.dir_find)
    dir_find                                 0x08003e55   Thumb Code   234  ff.o(i.dir_find)
    i.dir_next                               0x08003f3e   Section        0  ff.o(i.dir_next)
    dir_next                                 0x08003f3f   Thumb Code   270  ff.o(i.dir_next)
    i.dir_register                           0x0800404c   Section        0  ff.o(i.dir_register)
    dir_register                             0x0800404d   Thumb Code   298  ff.o(i.dir_register)
    i.dir_sdi                                0x08004176   Section        0  ff.o(i.dir_sdi)
    dir_sdi                                  0x08004177   Thumb Code   158  ff.o(i.dir_sdi)
    i.disk_initialize                        0x08004214   Section        0  diskio.o(i.disk_initialize)
    i.disk_ioctl                             0x08004250   Section        0  diskio.o(i.disk_ioctl)
    i.disk_read                              0x080042e4   Section        0  diskio.o(i.disk_read)
    i.disk_status                            0x08004360   Section        0  diskio.o(i.disk_status)
    i.disk_write                             0x0800437e   Section        0  diskio.o(i.disk_write)
    i.f_close                                0x080043f6   Section        0  ff.o(i.f_close)
    i.f_mkdir                                0x08004416   Section        0  ff.o(i.f_mkdir)
    i.f_mount                                0x08004594   Section        0  ff.o(i.f_mount)
    i.f_open                                 0x080045f0   Section        0  ff.o(i.f_open)
    i.f_read                                 0x08004786   Section        0  ff.o(i.f_read)
    i.f_sync                                 0x08004936   Section        0  ff.o(i.f_sync)
    i.f_write                                0x080049e6   Section        0  ff.o(i.f_write)
    i.ff_convert                             0x08004bd0   Section        0  cc936.o(i.ff_convert)
    i.ff_memalloc                            0x08004c4c   Section        0  diskio.o(i.ff_memalloc)
    i.ff_memfree                             0x08004c5a   Section        0  diskio.o(i.ff_memfree)
    i.ff_wtoupper                            0x08004c68   Section        0  cc936.o(i.ff_wtoupper)
    i.find_volume                            0x08004cc4   Section        0  ff.o(i.find_volume)
    find_volume                              0x08004cc5   Thumb Code   900  ff.o(i.find_volume)
    i.fit_lfn                                0x08005058   Section        0  ff.o(i.fit_lfn)
    fit_lfn                                  0x08005059   Thumb Code   122  ff.o(i.fit_lfn)
    i.follow_path                            0x080050d8   Section        0  ff.o(i.follow_path)
    follow_path                              0x080050d9   Thumb Code   144  ff.o(i.follow_path)
    i.fputc                                  0x08005168   Section        0  usart.o(i.fputc)
    i.gen_numname                            0x0800518c   Section        0  ff.o(i.gen_numname)
    gen_numname                              0x0800518d   Thumb Code   198  ff.o(i.gen_numname)
    i.get_fat                                0x08005258   Section        0  ff.o(i.get_fat)
    i.get_fattime                            0x0800534a   Section        0  diskio.o(i.get_fattime)
    i.get_ldnumber                           0x0800534e   Section        0  ff.o(i.get_ldnumber)
    get_ldnumber                             0x0800534f   Thumb Code    74  ff.o(i.get_ldnumber)
    i.itoa                                   0x08005398   Section        0  esp8266_public.o(i.itoa)
    itoa                                     0x08005399   Thumb Code    98  esp8266_public.o(i.itoa)
    i.ld_clust                               0x080053fa   Section        0  ff.o(i.ld_clust)
    ld_clust                                 0x080053fb   Thumb Code    32  ff.o(i.ld_clust)
    i.main                                   0x0800541c   Section        0  main.o(i.main)
    i.mem_cmp                                0x0800596c   Section        0  ff.o(i.mem_cmp)
    mem_cmp                                  0x0800596d   Thumb Code    38  ff.o(i.mem_cmp)
    i.mem_cpy                                0x08005992   Section        0  ff.o(i.mem_cpy)
    mem_cpy                                  0x08005993   Thumb Code    26  ff.o(i.mem_cpy)
    i.mem_set                                0x080059ac   Section        0  ff.o(i.mem_set)
    mem_set                                  0x080059ad   Thumb Code    20  ff.o(i.mem_set)
    i.move_window                            0x080059c0   Section        0  ff.o(i.move_window)
    move_window                              0x080059c1   Thumb Code    52  ff.o(i.move_window)
    i.my_mem_free                            0x080059f4   Section        0  malloc.o(i.my_mem_free)
    i.my_mem_init                            0x08005a60   Section        0  malloc.o(i.my_mem_init)
    i.my_mem_malloc                          0x08005aa4   Section        0  malloc.o(i.my_mem_malloc)
    i.my_mem_perused                         0x08005b4c   Section        0  malloc.o(i.my_mem_perused)
    i.my_mem_set                             0x08005b8c   Section        0  malloc.o(i.my_mem_set)
    i.myfree                                 0x08005ba0   Section        0  malloc.o(i.myfree)
    i.mymalloc                               0x08005bc4   Section        0  malloc.o(i.mymalloc)
    i.pic_memalloc                           0x08005bec   Section        0  piclib.o(i.pic_memalloc)
    i.pic_memfree                            0x08005bfa   Section        0  piclib.o(i.pic_memfree)
    i.put_fat                                0x08005c08   Section        0  ff.o(i.put_fat)
    i.remove_chain                           0x08005d4a   Section        0  ff.o(i.remove_chain)
    remove_chain                             0x08005d4b   Thumb Code   108  ff.o(i.remove_chain)
    i.st_clust                               0x08005db6   Section        0  ff.o(i.st_clust)
    st_clust                                 0x08005db7   Thumb Code    16  ff.o(i.st_clust)
    i.sum_sfn                                0x08005dc6   Section        0  ff.o(i.sum_sfn)
    sum_sfn                                  0x08005dc7   Thumb Code    32  ff.o(i.sum_sfn)
    i.sync_fs                                0x08005de6   Section        0  ff.o(i.sync_fs)
    sync_fs                                  0x08005de7   Thumb Code   200  ff.o(i.sync_fs)
    i.sync_window                            0x08005eae   Section        0  ff.o(i.sync_window)
    sync_window                              0x08005eaf   Thumb Code    82  ff.o(i.sync_window)
    i.validate                               0x08005f00   Section        0  ff.o(i.validate)
    validate                                 0x08005f01   Thumb Code    50  ff.o(i.validate)
    .constdata                               0x08005f32   Section     5530  tftlcd.o(.constdata)
    .constdata                               0x080074cc   Section      336  ov7670.o(.constdata)
    .constdata                               0x0800761c   Section       58  ff.o(.constdata)
    LfnOfs                                   0x0800761c   Data          13  ff.o(.constdata)
    vst                                      0x0800762a   Data          22  ff.o(.constdata)
    cst                                      0x08007640   Data          22  ff.o(.constdata)
    .constdata                               0x08007656   Section    176320  cc936.o(.constdata)
    uni2oem                                  0x08007656   Data       87172  cc936.o(.constdata)
    oem2uni                                  0x0801cada   Data       87172  cc936.o(.constdata)
    lower                                    0x08031f5e   Data         988  cc936.o(.constdata)
    upper                                    0x0803233a   Data         988  cc936.o(.constdata)
    .constdata                               0x08032718   Section       24  malloc.o(.constdata)
    .conststring                             0x08032730   Section      229  esp8266_public.o(.conststring)
    .data                                    0x20000000   Section       20  stm32f10x_rcc.o(.data)
    APBAHBPrescTable                         0x20000000   Data          16  stm32f10x_rcc.o(.data)
    ADCPrescTable                            0x20000010   Data           4  stm32f10x_rcc.o(.data)
    .data                                    0x20000014   Section       12  tftlcd.o(.data)
    .data                                    0x20000020   Section        1  key.o(.data)
    key                                      0x20000020   Data           1  key.o(.data)
    .data                                    0x20000021   Section        1  exti.o(.data)
    .data                                    0x20000022   Section        1  time.o(.data)
    .data                                    0x20000023   Section        1  sd.o(.data)
    .data                                    0x20000024   Section        2  flash.o(.data)
    .data                                    0x20000026   Section        1  esp8266_public.o(.data)
    .data                                    0x20000028   Section        4  systick.o(.data)
    fac_us                                   0x20000028   Data           1  systick.o(.data)
    fac_ms                                   0x2000002a   Data           2  systick.o(.data)
    .data                                    0x2000002c   Section        2  diskio.o(.data)
    .data                                    0x2000002e   Section        2  ff.o(.data)
    Fsid                                     0x2000002e   Data           2  ff.o(.data)
    .data                                    0x20000030   Section       20  fatfs_app.o(.data)
    .data                                    0x20000044   Section       28  malloc.o(.data)
    .data                                    0x20000060   Section        4  stdout.o(.data)
    .bss                                     0x20000064   Section     4096  flash.o(.bss)
    .bss                                     0x20001064   Section     1026  esp8266_drive.o(.bss)
    .bss                                     0x20001468   Section       12  ff.o(.bss)
    FatFs                                    0x20001468   Data          12  ff.o(.bss)
    .bss                                     0x20001474   Section      336  fatfs_app.o(.bss)
    lfn                                      0x200014c4   Data         256  fatfs_app.o(.bss)
    .bss                                     0x200015e0   Section    43520  malloc.o(.bss)
    STACK                                    0x2000bfe0   Section     1024  startup_stm32f10x_hd.o(STACK)
    .ARM.__AT_0x68000000                     0x68000000   Section    983040  malloc.o(.ARM.__AT_0x68000000)
    .ARM.__AT_0x680F0000                     0x680f0000   Section    61440  malloc.o(.ARM.__AT_0x680F0000)

    Global Symbols

    Symbol Name                              Value     Ov Type        Size  Object(Section)

    BuildAttributes$$THM_ISAv4$P$D$K$B$S$PE$A:L22UL41UL21$X:L11$S22US41US21$IEEE1$IW$USESV6$~STKCKD$USESV7$~SHL$OTIME$ROPI$EBA8$MICROLIB$REQ8$PRES8$EABIv2 0x00000000   Number         0  anon$$obj.o ABSOLUTE
    __ARM_use_no_argv                        0x00000000   Number         0  main.o ABSOLUTE
    _printf_a                                0x00000000   Number         0  stubs.o ABSOLUTE
    _printf_c                                0x00000000   Number         0  stubs.o ABSOLUTE
    _printf_charcount                        0x00000000   Number         0  stubs.o ABSOLUTE
    _printf_d                                0x00000000   Number         0  stubs.o ABSOLUTE
    _printf_e                                0x00000000   Number         0  stubs.o ABSOLUTE
    _printf_f                                0x00000000   Number         0  stubs.o ABSOLUTE
    _printf_flags                            0x00000000   Number         0  stubs.o ABSOLUTE
    _printf_fp_dec                           0x00000000   Number         0  stubs.o ABSOLUTE
    _printf_fp_hex                           0x00000000   Number         0  stubs.o ABSOLUTE
    _printf_g                                0x00000000   Number         0  stubs.o ABSOLUTE
    _printf_i                                0x00000000   Number         0  stubs.o ABSOLUTE
    _printf_int_dec                          0x00000000   Number         0  stubs.o ABSOLUTE
    _printf_l                                0x00000000   Number         0  stubs.o ABSOLUTE
    _printf_lc                               0x00000000   Number         0  stubs.o ABSOLUTE
    _printf_ll                               0x00000000   Number         0  stubs.o ABSOLUTE
    _printf_lld                              0x00000000   Number         0  stubs.o ABSOLUTE
    _printf_lli                              0x00000000   Number         0  stubs.o ABSOLUTE
    _printf_llo                              0x00000000   Number         0  stubs.o ABSOLUTE
    _printf_llu                              0x00000000   Number         0  stubs.o ABSOLUTE
    _printf_llx                              0x00000000   Number         0  stubs.o ABSOLUTE
    _printf_longlong_dec                     0x00000000   Number         0  stubs.o ABSOLUTE
    _printf_longlong_hex                     0x00000000   Number         0  stubs.o ABSOLUTE
    _printf_longlong_oct                     0x00000000   Number         0  stubs.o ABSOLUTE
    _printf_ls                               0x00000000   Number         0  stubs.o ABSOLUTE
    _printf_mbtowc                           0x00000000   Number         0  stubs.o ABSOLUTE
    _printf_n                                0x00000000   Number         0  stubs.o ABSOLUTE
    _printf_o                                0x00000000   Number         0  stubs.o ABSOLUTE
    _printf_p                                0x00000000   Number         0  stubs.o ABSOLUTE
    _printf_percent                          0x00000000   Number         0  stubs.o ABSOLUTE
    _printf_pre_padding                      0x00000000   Number         0  stubs.o ABSOLUTE
    _printf_return_value                     0x00000000   Number         0  stubs.o ABSOLUTE
    _printf_s                                0x00000000   Number         0  stubs.o ABSOLUTE
    _printf_sizespec                         0x00000000   Number         0  stubs.o ABSOLUTE
    _printf_str                              0x00000000   Number         0  stubs.o ABSOLUTE
    _printf_truncate_signed                  0x00000000   Number         0  stubs.o ABSOLUTE
    _printf_truncate_unsigned                0x00000000   Number         0  stubs.o ABSOLUTE
    _printf_u                                0x00000000   Number         0  stubs.o ABSOLUTE
    _printf_wc                               0x00000000   Number         0  stubs.o ABSOLUTE
    _printf_wctomb                           0x00000000   Number         0  stubs.o ABSOLUTE
    _printf_widthprec                        0x00000000   Number         0  stubs.o ABSOLUTE
    _printf_x                                0x00000000   Number         0  stubs.o ABSOLUTE
    __cpp_initialize__aeabi_                  - Undefined Weak Reference
    __cxa_finalize                            - Undefined Weak Reference
    __decompress                              - Undefined Weak Reference
    _clock_init                               - Undefined Weak Reference
    _microlib_exit                            - Undefined Weak Reference
    __Vectors_Size                           0x00000130   Number         0  startup_stm32f10x_hd.o ABSOLUTE
    __Vectors                                0x08000000   Data           4  startup_stm32f10x_hd.o(RESET)
    __Vectors_End                            0x08000130   Data           0  startup_stm32f10x_hd.o(RESET)
    __main                                   0x08000131   Thumb Code     0  entry.o(.ARM.Collect$$$$00000000)
    _main_stk                                0x08000131   Thumb Code     0  entry2.o(.ARM.Collect$$$$00000001)
    _main_scatterload                        0x08000135   Thumb Code     0  entry5.o(.ARM.Collect$$$$00000004)
    __main_after_scatterload                 0x08000139   Thumb Code     0  entry5.o(.ARM.Collect$$$$00000004)
    _main_clock                              0x08000139   Thumb Code     0  entry7b.o(.ARM.Collect$$$$00000008)
    _main_cpp_init                           0x08000139   Thumb Code     0  entry8b.o(.ARM.Collect$$$$0000000A)
    _main_init                               0x08000139   Thumb Code     0  entry9a.o(.ARM.Collect$$$$0000000B)
    __rt_final_cpp                           0x08000141   Thumb Code     0  entry10a.o(.ARM.Collect$$$$0000000D)
    __rt_final_exit                          0x08000141   Thumb Code     0  entry11a.o(.ARM.Collect$$$$0000000F)
    Reset_Handler                            0x08000145   Thumb Code     8  startup_stm32f10x_hd.o(.text)
    ADC1_2_IRQHandler                        0x0800015f   Thumb Code     0  startup_stm32f10x_hd.o(.text)
    ADC3_IRQHandler                          0x0800015f   Thumb Code     0  startup_stm32f10x_hd.o(.text)
    CAN1_RX1_IRQHandler                      0x0800015f   Thumb Code     0  startup_stm32f10x_hd.o(.text)
    CAN1_SCE_IRQHandler                      0x0800015f   Thumb Code     0  startup_stm32f10x_hd.o(.text)
    DMA1_Channel1_IRQHandler                 0x0800015f   Thumb Code     0  startup_stm32f10x_hd.o(.text)
    DMA1_Channel2_IRQHandler                 0x0800015f   Thumb Code     0  startup_stm32f10x_hd.o(.text)
    DMA1_Channel3_IRQHandler                 0x0800015f   Thumb Code     0  startup_stm32f10x_hd.o(.text)
    DMA1_Channel4_IRQHandler                 0x0800015f   Thumb Code     0  startup_stm32f10x_hd.o(.text)
    DMA1_Channel5_IRQHandler                 0x0800015f   Thumb Code     0  startup_stm32f10x_hd.o(.text)
    DMA1_Channel6_IRQHandler                 0x0800015f   Thumb Code     0  startup_stm32f10x_hd.o(.text)
    DMA1_Channel7_IRQHandler                 0x0800015f   Thumb Code     0  startup_stm32f10x_hd.o(.text)
    DMA2_Channel1_IRQHandler                 0x0800015f   Thumb Code     0  startup_stm32f10x_hd.o(.text)
    DMA2_Channel2_IRQHandler                 0x0800015f   Thumb Code     0  startup_stm32f10x_hd.o(.text)
    DMA2_Channel3_IRQHandler                 0x0800015f   Thumb Code     0  startup_stm32f10x_hd.o(.text)
    DMA2_Channel4_5_IRQHandler               0x0800015f   Thumb Code     0  startup_stm32f10x_hd.o(.text)
    EXTI0_IRQHandler                         0x0800015f   Thumb Code     0  startup_stm32f10x_hd.o(.text)
    EXTI15_10_IRQHandler                     0x0800015f   Thumb Code     0  startup_stm32f10x_hd.o(.text)
    EXTI1_IRQHandler                         0x0800015f   Thumb Code     0  startup_stm32f10x_hd.o(.text)
    EXTI2_IRQHandler                         0x0800015f   Thumb Code     0  startup_stm32f10x_hd.o(.text)
    EXTI3_IRQHandler                         0x0800015f   Thumb Code     0  startup_stm32f10x_hd.o(.text)
    EXTI4_IRQHandler                         0x0800015f   Thumb Code     0  startup_stm32f10x_hd.o(.text)
    FLASH_IRQHandler                         0x0800015f   Thumb Code     0  startup_stm32f10x_hd.o(.text)
    FSMC_IRQHandler                          0x0800015f   Thumb Code     0  startup_stm32f10x_hd.o(.text)
    I2C1_ER_IRQHandler                       0x0800015f   Thumb Code     0  startup_stm32f10x_hd.o(.text)
    I2C1_EV_IRQHandler                       0x0800015f   Thumb Code     0  startup_stm32f10x_hd.o(.text)
    I2C2_ER_IRQHandler                       0x0800015f   Thumb Code     0  startup_stm32f10x_hd.o(.text)
    I2C2_EV_IRQHandler                       0x0800015f   Thumb Code     0  startup_stm32f10x_hd.o(.text)
    PVD_IRQHandler                           0x0800015f   Thumb Code     0  startup_stm32f10x_hd.o(.text)
    RCC_IRQHandler                           0x0800015f   Thumb Code     0  startup_stm32f10x_hd.o(.text)
    RTCAlarm_IRQHandler                      0x0800015f   Thumb Code     0  startup_stm32f10x_hd.o(.text)
    RTC_IRQHandler                           0x0800015f   Thumb Code     0  startup_stm32f10x_hd.o(.text)
    SDIO_IRQHandler                          0x0800015f   Thumb Code     0  startup_stm32f10x_hd.o(.text)
    SPI1_IRQHandler                          0x0800015f   Thumb Code     0  startup_stm32f10x_hd.o(.text)
    SPI2_IRQHandler                          0x0800015f   Thumb Code     0  startup_stm32f10x_hd.o(.text)
    SPI3_IRQHandler                          0x0800015f   Thumb Code     0  startup_stm32f10x_hd.o(.text)
    TAMPER_IRQHandler                        0x0800015f   Thumb Code     0  startup_stm32f10x_hd.o(.text)
    TIM1_BRK_IRQHandler                      0x0800015f   Thumb Code     0  startup_stm32f10x_hd.o(.text)
    TIM1_CC_IRQHandler                       0x0800015f   Thumb Code     0  startup_stm32f10x_hd.o(.text)
    TIM1_TRG_COM_IRQHandler                  0x0800015f   Thumb Code     0  startup_stm32f10x_hd.o(.text)
    TIM1_UP_IRQHandler                       0x0800015f   Thumb Code     0  startup_stm32f10x_hd.o(.text)
    TIM2_IRQHandler                          0x0800015f   Thumb Code     0  startup_stm32f10x_hd.o(.text)
    TIM3_IRQHandler                          0x0800015f   Thumb Code     0  startup_stm32f10x_hd.o(.text)
    TIM5_IRQHandler                          0x0800015f   Thumb Code     0  startup_stm32f10x_hd.o(.text)
    TIM6_IRQHandler                          0x0800015f   Thumb Code     0  startup_stm32f10x_hd.o(.text)
    TIM7_IRQHandler                          0x0800015f   Thumb Code     0  startup_stm32f10x_hd.o(.text)
    TIM8_BRK_IRQHandler                      0x0800015f   Thumb Code     0  startup_stm32f10x_hd.o(.text)
    TIM8_CC_IRQHandler                       0x0800015f   Thumb Code     0  startup_stm32f10x_hd.o(.text)
    TIM8_TRG_COM_IRQHandler                  0x0800015f   Thumb Code     0  startup_stm32f10x_hd.o(.text)
    TIM8_UP_IRQHandler                       0x0800015f   Thumb Code     0  startup_stm32f10x_hd.o(.text)
    UART4_IRQHandler                         0x0800015f   Thumb Code     0  startup_stm32f10x_hd.o(.text)
    UART5_IRQHandler                         0x0800015f   Thumb Code     0  startup_stm32f10x_hd.o(.text)
    USART3_IRQHandler                        0x0800015f   Thumb Code     0  startup_stm32f10x_hd.o(.text)
    USBWakeUp_IRQHandler                     0x0800015f   Thumb Code     0  startup_stm32f10x_hd.o(.text)
    USB_HP_CAN1_TX_IRQHandler                0x0800015f   Thumb Code     0  startup_stm32f10x_hd.o(.text)
    USB_LP_CAN1_RX0_IRQHandler               0x0800015f   Thumb Code     0  startup_stm32f10x_hd.o(.text)
    WWDG_IRQHandler                          0x0800015f   Thumb Code     0  startup_stm32f10x_hd.o(.text)
    __aeabi_memset                           0x08000169   Thumb Code    14  memseta.o(.text)
    __aeabi_memset4                          0x08000169   Thumb Code     0  memseta.o(.text)
    __aeabi_memset8                          0x08000169   Thumb Code     0  memseta.o(.text)
    __aeabi_memclr                           0x08000177   Thumb Code     4  memseta.o(.text)
    __aeabi_memclr4                          0x08000177   Thumb Code     0  memseta.o(.text)
    __aeabi_memclr8                          0x08000177   Thumb Code     0  memseta.o(.text)
    _memset$wrapper                          0x0800017b   Thumb Code    18  memseta.o(.text)
    strstr                                   0x0800018d   Thumb Code    36  strstr.o(.text)
    strcpy                                   0x080001b1   Thumb Code    18  strcpy.o(.text)
    __aeabi_uldivmod                         0x080001c3   Thumb Code    98  uldiv.o(.text)
    __scatterload                            0x08000225   Thumb Code    28  init.o(.text)
    __scatterload_rt2                        0x08000225   Thumb Code     0  init.o(.text)
    __aeabi_llsl                             0x08000249   Thumb Code    30  llshl.o(.text)
    _ll_shift_l                              0x08000249   Thumb Code     0  llshl.o(.text)
    __aeabi_llsr                             0x08000267   Thumb Code    32  llushr.o(.text)
    _ll_ushift_r                             0x08000267   Thumb Code     0  llushr.o(.text)
    BusFault_Handler                         0x08000287   Thumb Code     4  stm32f10x_it.o(i.BusFault_Handler)
    DebugMon_Handler                         0x0800028b   Thumb Code     2  stm32f10x_it.o(i.DebugMon_Handler)
    EN25QXX_Erase_Sector                     0x0800028d   Thumb Code    70  flash.o(i.EN25QXX_Erase_Sector)
    EN25QXX_Init                             0x080002e5   Thumb Code   154  flash.o(i.EN25QXX_Init)
    EN25QXX_Read                             0x08000395   Thumb Code    74  flash.o(i.EN25QXX_Read)
    EN25QXX_ReadID                           0x080003e5   Thumb Code    64  flash.o(i.EN25QXX_ReadID)
    EN25QXX_ReadSR                           0x0800042d   Thumb Code    36  flash.o(i.EN25QXX_ReadSR)
    EN25QXX_Wait_Busy                        0x08000459   Thumb Code    18  flash.o(i.EN25QXX_Wait_Busy)
    EN25QXX_Write                            0x0800046d   Thumb Code   180  flash.o(i.EN25QXX_Write)
    EN25QXX_Write_Enable                     0x08000525   Thumb Code    24  flash.o(i.EN25QXX_Write_Enable)
    EN25QXX_Write_NoCheck                    0x08000545   Thumb Code    70  flash.o(i.EN25QXX_Write_NoCheck)
    EN25QXX_Write_Page                       0x0800058d   Thumb Code    80  flash.o(i.EN25QXX_Write_Page)
    ESP8266_AT_Test                          0x080005e1   Thumb Code    56  esp8266_drive.o(i.ESP8266_AT_Test)
    ESP8266_ConnectToServer                  0x08000625   Thumb Code   102  esp8266_public.o(i.ESP8266_ConnectToServer)
    ESP8266_Enable_MultipleId                0x08000705   Thumb Code    42  esp8266_drive.o(i.ESP8266_Enable_MultipleId)
    ESP8266_Init                             0x08000745   Thumb Code    78  esp8266_drive.o(i.ESP8266_Init)
    ESP8266_JoinAP                           0x0800079d   Thumb Code    38  esp8266_drive.o(i.ESP8266_JoinAP)
    ESP8266_Net_Mode_Choose                  0x080007dd   Thumb Code    68  esp8266_drive.o(i.ESP8266_Net_Mode_Choose)
    ESP8266_Rst                              0x08000855   Thumb Code    28  esp8266_drive.o(i.ESP8266_Rst)
    ESP8266_STA_LinkAP                       0x08000875   Thumb Code    54  esp8266_public.o(i.ESP8266_STA_LinkAP)
    ESP8266_SendString                       0x080008ed   Thumb Code   102  esp8266_drive.o(i.ESP8266_SendString)
    ESP8266_Send_AT_Cmd                      0x0800098d   Thumb Code   164  esp8266_drive.o(i.ESP8266_Send_AT_Cmd)
    EXTI7_Init                               0x08000a45   Thumb Code    76  exti.o(i.EXTI7_Init)
    EXTI9_5_IRQHandler                       0x08000a91   Thumb Code    50  exti.o(i.EXTI9_5_IRQHandler)
    EXTI_ClearITPendingBit                   0x08000ad5   Thumb Code     6  stm32f10x_exti.o(i.EXTI_ClearITPendingBit)
    EXTI_GetITStatus                         0x08000ae1   Thumb Code    34  stm32f10x_exti.o(i.EXTI_GetITStatus)
    EXTI_Init                                0x08000b09   Thumb Code   142  stm32f10x_exti.o(i.EXTI_Init)
    FATFS_Init                               0x08000b9d   Thumb Code   114  fatfs_app.o(i.FATFS_Init)
    FSMC_NORSRAMCmd                          0x08000c21   Thumb Code    46  stm32f10x_fsmc.o(i.FSMC_NORSRAMCmd)
    FSMC_NORSRAMInit                         0x08000c55   Thumb Code   230  stm32f10x_fsmc.o(i.FSMC_NORSRAMInit)
    GPIO_EXTILineConfig                      0x08000d3d   Thumb Code    60  stm32f10x_gpio.o(i.GPIO_EXTILineConfig)
    GPIO_Init                                0x08000d7d   Thumb Code   278  stm32f10x_gpio.o(i.GPIO_Init)
    GPIO_ResetBits                           0x08000e93   Thumb Code     4  stm32f10x_gpio.o(i.GPIO_ResetBits)
    GPIO_SetBits                             0x08000e97   Thumb Code     4  stm32f10x_gpio.o(i.GPIO_SetBits)
    HardFault_Handler                        0x08000e9b   Thumb Code     4  stm32f10x_it.o(i.HardFault_Handler)
    KEY_Init                                 0x08000ea1   Thumb Code    64  key.o(i.KEY_Init)
    KEY_Scan                                 0x08000ee9   Thumb Code   142  key.o(i.KEY_Scan)
    LCD_Clear                                0x08000f85   Thumb Code    68  tftlcd.o(i.LCD_Clear)
    LCD_Display_Dir                          0x08000fcd   Thumb Code    96  tftlcd.o(i.LCD_Display_Dir)
    LCD_DrawFRONT_COLOR                      0x08001031   Thumb Code    28  tftlcd.o(i.LCD_DrawFRONT_COLOR)
    LCD_Fill                                 0x0800104d   Thumb Code    92  tftlcd.o(i.LCD_Fill)
    LCD_ReadData                             0x080010a9   Thumb Code     6  tftlcd.o(i.LCD_ReadData)
    LCD_ReadPoint                            0x080010b5   Thumb Code    78  tftlcd.o(i.LCD_ReadPoint)
    LCD_Set_Window                           0x08001109   Thumb Code   192  tftlcd.o(i.LCD_Set_Window)
    LCD_ShowChar                             0x080011cd   Thumb Code   252  tftlcd.o(i.LCD_ShowChar)
    LCD_ShowFontHZ                           0x080012dd   Thumb Code   220  tftlcd.o(i.LCD_ShowFontHZ)
    LCD_ShowString                           0x080013c5   Thumb Code   102  tftlcd.o(i.LCD_ShowString)
    LCD_WriteCmd                             0x0800142d   Thumb Code     6  tftlcd.o(i.LCD_WriteCmd)
    LCD_WriteData                            0x08001439   Thumb Code     6  tftlcd.o(i.LCD_WriteData)
    LCD_WriteData_Color                      0x08001445   Thumb Code     6  tftlcd.o(i.LCD_WriteData_Color)
    LED_Init                                 0x08001451   Thumb Code    46  led.o(i.LED_Init)
    MemManage_Handler                        0x08001485   Thumb Code     4  stm32f10x_it.o(i.MemManage_Handler)
    NMI_Handler                              0x08001489   Thumb Code     2  stm32f10x_it.o(i.NMI_Handler)
    NVIC_Init                                0x0800148d   Thumb Code   100  misc.o(i.NVIC_Init)
    NVIC_PriorityGroupConfig                 0x080014fd   Thumb Code    10  misc.o(i.NVIC_PriorityGroupConfig)
    OV7670_Brightness                        0x08001511   Thumb Code    50  ov7670.o(i.OV7670_Brightness)
    OV7670_Color_Saturation                  0x08001543   Thumb Code   122  ov7670.o(i.OV7670_Color_Saturation)
    OV7670_Contrast                          0x080015bd   Thumb Code    50  ov7670.o(i.OV7670_Contrast)
    OV7670_Init                              0x080015f1   Thumb Code   232  ov7670.o(i.OV7670_Init)
    OV7670_Light_Mode                        0x080016f1   Thumb Code    92  ov7670.o(i.OV7670_Light_Mode)
    OV7670_Special_Effects                   0x0800174d   Thumb Code   106  ov7670.o(i.OV7670_Special_Effects)
    OV7670_Window_Set                        0x080017b7   Thumb Code   138  ov7670.o(i.OV7670_Window_Set)
    PendSV_Handler                           0x08001841   Thumb Code     2  stm32f10x_it.o(i.PendSV_Handler)
    PostToWeb                                0x08001845   Thumb Code   256  esp8266_public.o(i.PostToWeb)
    RCC_AHBPeriphClockCmd                    0x080019a5   Thumb Code    26  stm32f10x_rcc.o(i.RCC_AHBPeriphClockCmd)
    RCC_APB1PeriphClockCmd                   0x080019c5   Thumb Code    26  stm32f10x_rcc.o(i.RCC_APB1PeriphClockCmd)
    RCC_APB2PeriphClockCmd                   0x080019e5   Thumb Code    26  stm32f10x_rcc.o(i.RCC_APB2PeriphClockCmd)
    RCC_GetClocksFreq                        0x08001a05   Thumb Code   192  stm32f10x_rcc.o(i.RCC_GetClocksFreq)
    SCCB_Init                                0x08001ad9   Thumb Code    76  sccb.o(i.SCCB_Init)
    SCCB_No_Ack                              0x08001b29   Thumb Code    56  sccb.o(i.SCCB_No_Ack)
    SCCB_RD_Byte                             0x08001b69   Thumb Code    68  sccb.o(i.SCCB_RD_Byte)
    SCCB_RD_Reg                              0x08001bb5   Thumb Code    78  sccb.o(i.SCCB_RD_Reg)
    SCCB_SDA_IN                              0x08001c05   Thumb Code    24  sccb.o(i.SCCB_SDA_IN)
    SCCB_SDA_OUT                             0x08001c21   Thumb Code    30  sccb.o(i.SCCB_SDA_OUT)
    SCCB_Start                               0x08001c45   Thumb Code    42  sccb.o(i.SCCB_Start)
    SCCB_Stop                                0x08001c79   Thumb Code    42  sccb.o(i.SCCB_Stop)
    SCCB_WR_Byte                             0x08001cad   Thumb Code   122  sccb.o(i.SCCB_WR_Byte)
    SCCB_WR_Reg                              0x08001d31   Thumb Code    62  sccb.o(i.SCCB_WR_Reg)
    SD_DisSelect                             0x08001d71   Thumb Code    16  sd.o(i.SD_DisSelect)
    SD_GetCSD                                0x08001d85   Thumb Code    42  sd.o(i.SD_GetCSD)
    SD_GetResponse                           0x08001daf   Thumb Code    38  sd.o(i.SD_GetResponse)
    SD_GetSectorCount                        0x08001dd5   Thumb Code   118  sd.o(i.SD_GetSectorCount)
    SD_Init                                  0x08001e4d   Thumb Code   386  sd.o(i.SD_Init)
    SD_ReadDisk                              0x08001fd5   Thumb Code   112  sd.o(i.SD_ReadDisk)
    SD_RecvData                              0x08002049   Thumb Code    56  sd.o(i.SD_RecvData)
    SD_SPI_Init                              0x08002081   Thumb Code   114  sd.o(i.SD_SPI_Init)
    SD_SPI_ReadWriteByte                     0x08002105   Thumb Code    12  sd.o(i.SD_SPI_ReadWriteByte)
    SD_SPI_SpeedHigh                         0x08002111   Thumb Code    10  sd.o(i.SD_SPI_SpeedHigh)
    SD_SPI_SpeedLow                          0x0800211b   Thumb Code    10  sd.o(i.SD_SPI_SpeedLow)
    SD_Select                                0x08002125   Thumb Code    26  sd.o(i.SD_Select)
    SD_SendBlock                             0x08002145   Thumb Code    82  sd.o(i.SD_SendBlock)
    SD_SendCmd                               0x08002197   Thumb Code   120  sd.o(i.SD_SendCmd)
    SD_WaitReady                             0x0800220f   Thumb Code    34  sd.o(i.SD_WaitReady)
    SD_WriteDisk                             0x08002231   Thumb Code   140  sd.o(i.SD_WriteDisk)
    SPI2_Init                                0x080022c1   Thumb Code   130  spi.o(i.SPI2_Init)
    SPI2_ReadWriteByte                       0x0800234d   Thumb Code    50  spi.o(i.SPI2_ReadWriteByte)
    SPI2_SetSpeed                            0x08002385   Thumb Code    36  spi.o(i.SPI2_SetSpeed)
    SPI_Cmd                                  0x080023ad   Thumb Code    24  stm32f10x_spi.o(i.SPI_Cmd)
    SPI_I2S_GetFlagStatus                    0x080023c5   Thumb Code    18  stm32f10x_spi.o(i.SPI_I2S_GetFlagStatus)
    SPI_I2S_ReceiveData                      0x080023d7   Thumb Code     6  stm32f10x_spi.o(i.SPI_I2S_ReceiveData)
    SPI_I2S_SendData                         0x080023dd   Thumb Code     4  stm32f10x_spi.o(i.SPI_I2S_SendData)
    SPI_Init                                 0x080023e1   Thumb Code    60  stm32f10x_spi.o(i.SPI_Init)
    SVC_Handler                              0x0800241d   Thumb Code     2  stm32f10x_it.o(i.SVC_Handler)
    SysTick_CLKSourceConfig                  0x08002509   Thumb Code    40  misc.o(i.SysTick_CLKSourceConfig)
    SysTick_Handler                          0x08002531   Thumb Code     2  stm32f10x_it.o(i.SysTick_Handler)
    SysTick_Init                             0x08002535   Thumb Code    52  systick.o(i.SysTick_Init)
    SystemInit                               0x08002571   Thumb Code    78  system_stm32f10x.o(i.SystemInit)
    TFTLCD_FSMC_Init                         0x080025d1   Thumb Code   126  tftlcd.o(i.TFTLCD_FSMC_Init)
    TFTLCD_GPIO_Init                         0x08002651   Thumb Code    98  tftlcd.o(i.TFTLCD_GPIO_Init)
    TFTLCD_Init                              0x080026c1   Thumb Code   738  tftlcd.o(i.TFTLCD_Init)
    TIM4_IRQHandler                          0x080029b9   Thumb Code    54  time.o(i.TIM4_IRQHandler)
    TIM4_Init                                0x08002a0d   Thumb Code    98  time.o(i.TIM4_Init)
    TIM_ClearITPendingBit                    0x08002a75   Thumb Code     6  stm32f10x_tim.o(i.TIM_ClearITPendingBit)
    TIM_Cmd                                  0x08002a7b   Thumb Code    24  stm32f10x_tim.o(i.TIM_Cmd)
    TIM_GetITStatus                          0x08002a93   Thumb Code    34  stm32f10x_tim.o(i.TIM_GetITStatus)
    TIM_ITConfig                             0x08002ab5   Thumb Code    18  stm32f10x_tim.o(i.TIM_ITConfig)
    TIM_TimeBaseInit                         0x08002ac9   Thumb Code   122  stm32f10x_tim.o(i.TIM_TimeBaseInit)
    USART1_IRQHandler                        0x08002b6d   Thumb Code    54  usart.o(i.USART1_IRQHandler)
    USART1_Init                              0x08002ba9   Thumb Code   174  usart.o(i.USART1_Init)
    USART2_IRQHandler                        0x08002c61   Thumb Code   134  esp8266_drive.o(i.USART2_IRQHandler)
    USART2_Init                              0x08002d01   Thumb Code   154  esp8266_drive.o(i.USART2_Init)
    USART_ClearFlag                          0x08002da5   Thumb Code    18  stm32f10x_usart.o(i.USART_ClearFlag)
    USART_Cmd                                0x08002db7   Thumb Code    24  stm32f10x_usart.o(i.USART_Cmd)
    USART_GetFlagStatus                      0x08002dcf   Thumb Code    26  stm32f10x_usart.o(i.USART_GetFlagStatus)
    USART_GetITStatus                        0x08002de9   Thumb Code    84  stm32f10x_usart.o(i.USART_GetITStatus)
    USART_ITConfig                           0x08002e3d   Thumb Code    74  stm32f10x_usart.o(i.USART_ITConfig)
    USART_Init                               0x08002e89   Thumb Code   210  stm32f10x_usart.o(i.USART_Init)
    USART_ReceiveData                        0x08002f61   Thumb Code    10  stm32f10x_usart.o(i.USART_ReceiveData)
    USART_SendData                           0x08002f6b   Thumb Code     8  stm32f10x_usart.o(i.USART_SendData)
    USART_printf                             0x08002f73   Thumb Code   262  esp8266_public.o(i.USART_printf)
    UsageFault_Handler                       0x08003079   Thumb Code     4  stm32f10x_it.o(i.UsageFault_Handler)
    __0printf$8                              0x0800307d   Thumb Code    22  printf8.o(i.__0printf$8)
    __1printf$8                              0x0800307d   Thumb Code     0  printf8.o(i.__0printf$8)
    __2printf                                0x0800307d   Thumb Code     0  printf8.o(i.__0printf$8)
    __0sprintf$8                             0x0800309d   Thumb Code    34  printf8.o(i.__0sprintf$8)
    __1sprintf$8                             0x0800309d   Thumb Code     0  printf8.o(i.__0sprintf$8)
    __2sprintf                               0x0800309d   Thumb Code     0  printf8.o(i.__0sprintf$8)
    __scatterload_copy                       0x080030c5   Thumb Code    14  handlers.o(i.__scatterload_copy)
    __scatterload_null                       0x080030d3   Thumb Code     2  handlers.o(i.__scatterload_null)
    __scatterload_zeroinit                   0x080030d5   Thumb Code    14  handlers.o(i.__scatterload_zeroinit)
    bmp_encode                               0x08003551   Thumb Code   500  bmp.o(i.bmp_encode)
    camera_new_pathname                      0x08003761   Thumb Code    54  bmp.o(i.camera_new_pathname)
    camera_refresh                           0x080037b1   Thumb Code   186  main.o(i.camera_refresh)
    clust2sect                               0x0800395f   Thumb Code    26  ff.o(i.clust2sect)
    delay_ms                                 0x08003d61   Thumb Code    72  systick.o(i.delay_ms)
    delay_us                                 0x08003dad   Thumb Code    72  systick.o(i.delay_us)
    disk_initialize                          0x08004215   Thumb Code    56  diskio.o(i.disk_initialize)
    disk_ioctl                               0x08004251   Thumb Code   144  diskio.o(i.disk_ioctl)
    disk_read                                0x080042e5   Thumb Code   124  diskio.o(i.disk_read)
    disk_status                              0x08004361   Thumb Code    30  diskio.o(i.disk_status)
    disk_write                               0x0800437f   Thumb Code   120  diskio.o(i.disk_write)
    f_close                                  0x080043f7   Thumb Code    32  ff.o(i.f_close)
    f_mkdir                                  0x08004417   Thumb Code   380  ff.o(i.f_mkdir)
    f_mount                                  0x08004595   Thumb Code    86  ff.o(i.f_mount)
    f_open                                   0x080045f1   Thumb Code   406  ff.o(i.f_open)
    f_read                                   0x08004787   Thumb Code   432  ff.o(i.f_read)
    f_sync                                   0x08004937   Thumb Code   176  ff.o(i.f_sync)
    f_write                                  0x080049e7   Thumb Code   490  ff.o(i.f_write)
    ff_convert                               0x08004bd1   Thumb Code   116  cc936.o(i.ff_convert)
    ff_memalloc                              0x08004c4d   Thumb Code    14  diskio.o(i.ff_memalloc)
    ff_memfree                               0x08004c5b   Thumb Code    14  diskio.o(i.ff_memfree)
    ff_wtoupper                              0x08004c69   Thumb Code    84  cc936.o(i.ff_wtoupper)
    fputc                                    0x08005169   Thumb Code    32  usart.o(i.fputc)
    get_fat                                  0x08005259   Thumb Code   242  ff.o(i.get_fat)
    get_fattime                              0x0800534b   Thumb Code     4  diskio.o(i.get_fattime)
    main                                     0x0800541d   Thumb Code  1356  main.o(i.main)
    my_mem_free                              0x080059f5   Thumb Code    96  malloc.o(i.my_mem_free)
    my_mem_init                              0x08005a61   Thumb Code    54  malloc.o(i.my_mem_init)
    my_mem_malloc                            0x08005aa5   Thumb Code   156  malloc.o(i.my_mem_malloc)
    my_mem_perused                           0x08005b4d   Thumb Code    54  malloc.o(i.my_mem_perused)
    my_mem_set                               0x08005b8d   Thumb Code    20  malloc.o(i.my_mem_set)
    myfree                                   0x08005ba1   Thumb Code    30  malloc.o(i.myfree)
    mymalloc                                 0x08005bc5   Thumb Code    34  malloc.o(i.mymalloc)
    pic_memalloc                             0x08005bed   Thumb Code    14  piclib.o(i.pic_memalloc)
    pic_memfree                              0x08005bfb   Thumb Code    14  piclib.o(i.pic_memfree)
    put_fat                                  0x08005c09   Thumb Code   322  ff.o(i.put_fat)
    ascii_1608                               0x08005f32   Data        1520  tftlcd.o(.constdata)
    ascii_2412                               0x08006522   Data        3420  tftlcd.o(.constdata)
    CnChar32x29                              0x0800727e   Data         590  tftlcd.o(.constdata)
    ov7670_init_reg_tbl                      0x080074cc   Data         336  ov7670.o(.constdata)
    memtblsize                               0x08032718   Data           8  malloc.o(.constdata)
    memblksize                               0x08032720   Data           8  malloc.o(.constdata)
    memsize                                  0x08032728   Data           8  malloc.o(.constdata)
    Region$$Table$$Base                      0x08032818   Number         0  anon$$obj.o(Region$$Table)
    Region$$Table$$Limit                     0x08032838   Number         0  anon$$obj.o(Region$$Table)
    FRONT_COLOR                              0x20000014   Data           2  tftlcd.o(.data)
    BACK_COLOR                               0x20000016   Data           2  tftlcd.o(.data)
    tftlcd_data                              0x20000018   Data           8  tftlcd.o(.data)
    ov_sta                                   0x20000021   Data           1  exti.o(.data)
    ov_frame                                 0x20000022   Data           1  time.o(.data)
    SD_Type                                  0x20000023   Data           1  sd.o(.data)
    EN25QXX_TYPE                             0x20000024   Data           2  flash.o(.data)
    TcpClosedFlag                            0x20000026   Data           1  esp8266_public.o(.data)
    FLASH_SECTOR_COUNT                       0x2000002c   Data           2  diskio.o(.data)
    file                                     0x20000030   Data           4  fatfs_app.o(.data)
    ftemp                                    0x20000034   Data           4  fatfs_app.o(.data)
    br                                       0x20000038   Data           4  fatfs_app.o(.data)
    bw                                       0x2000003c   Data           4  fatfs_app.o(.data)
    fatbuf                                   0x20000040   Data           4  fatfs_app.o(.data)
    malloc_cortol                            0x20000044   Data          28  malloc.o(.data)
    __stdout                                 0x20000060   Data           4  stdout.o(.data)
    EN25QXX_BUFFER                           0x20000064   Data        4096  flash.o(.bss)
    ESP8266_Fram_Record_Struct               0x20001064   Data        1026  esp8266_drive.o(.bss)
    fs                                       0x20001474   Data          12  fatfs_app.o(.bss)
    fileinfo                                 0x20001480   Data          32  fatfs_app.o(.bss)
    dir                                      0x200014a0   Data          36  fatfs_app.o(.bss)
    mem1base                                 0x200015e0   Data       40960  malloc.o(.bss)
    mem1mapbase                              0x2000b5e0   Data        2560  malloc.o(.bss)
    __initial_sp                             0x2000c3e0   Data           0  startup_stm32f10x_hd.o(STACK)
    mem2base                                 0x68000000   Data       983040  malloc.o(.ARM.__AT_0x68000000)
    mem2mapbase                              0x680f0000   Data       61440  malloc.o(.ARM.__AT_0x680F0000)



==============================================================================

Memory Map of the image

  Image Entry point : 0x08000131

  Load Region LR_IROM1 (Base: 0x08000000, Size: 0x0003289c, Max: 0x00080000, ABSOLUTE)

    Execution Region ER_IROM1 (Base: 0x08000000, Size: 0x00032838, Max: 0x00080000, ABSOLUTE)

    Base Addr    Size         Type   Attr      Idx    E Section Name        Object

    0x08000000   0x00000130   Data   RO          265    RESET               startup_stm32f10x_hd.o
    0x08000130   0x00000000   Code   RO         4542  * .ARM.Collect$$$$00000000  mc_w.l(entry.o)
    0x08000130   0x00000004   Code   RO         4828    .ARM.Collect$$$$00000001  mc_w.l(entry2.o)
    0x08000134   0x00000004   Code   RO         4831    .ARM.Collect$$$$00000004  mc_w.l(entry5.o)
    0x08000138   0x00000000   Code   RO         4833    .ARM.Collect$$$$00000008  mc_w.l(entry7b.o)
    0x08000138   0x00000000   Code   RO         4835    .ARM.Collect$$$$0000000A  mc_w.l(entry8b.o)
    0x08000138   0x00000008   Code   RO         4836    .ARM.Collect$$$$0000000B  mc_w.l(entry9a.o)
    0x08000140   0x00000000   Code   RO         4838    .ARM.Collect$$$$0000000D  mc_w.l(entry10a.o)
    0x08000140   0x00000000   Code   RO         4840    .ARM.Collect$$$$0000000F  mc_w.l(entry11a.o)
    0x08000140   0x00000004   Code   RO         4829    .ARM.Collect$$$$00002712  mc_w.l(entry2.o)
    0x08000144   0x00000024   Code   RO          266    .text               startup_stm32f10x_hd.o
    0x08000168   0x00000024   Code   RO         4545    .text               mc_w.l(memseta.o)
    0x0800018c   0x00000024   Code   RO         4547    .text               mc_w.l(strstr.o)
    0x080001b0   0x00000012   Code   RO         4551    .text               mc_w.l(strcpy.o)
    0x080001c2   0x00000062   Code   RO         4845    .text               mc_w.l(uldiv.o)
    0x08000224   0x00000024   Code   RO         4860    .text               mc_w.l(init.o)
    0x08000248   0x0000001e   Code   RO         4862    .text               mc_w.l(llshl.o)
    0x08000266   0x00000020   Code   RO         4864    .text               mc_w.l(llushr.o)
    0x08000286   0x00000004   Code   RO          178    i.BusFault_Handler  stm32f10x_it.o
    0x0800028a   0x00000002   Code   RO          179    i.DebugMon_Handler  stm32f10x_it.o
    0x0800028c   0x00000058   Code   RO         3301    i.EN25QXX_Erase_Sector  flash.o
    0x080002e4   0x000000b0   Code   RO         3302    i.EN25QXX_Init      flash.o
    0x08000394   0x00000050   Code   RO         3304    i.EN25QXX_Read      flash.o
    0x080003e4   0x00000048   Code   RO         3305    i.EN25QXX_ReadID    flash.o
    0x0800042c   0x0000002c   Code   RO         3306    i.EN25QXX_ReadSR    flash.o
    0x08000458   0x00000012   Code   RO         3308    i.EN25QXX_Wait_Busy  flash.o
    0x0800046a   0x00000002   PAD
    0x0800046c   0x000000b8   Code   RO         3309    i.EN25QXX_Write     flash.o
    0x08000524   0x00000020   Code   RO         3311    i.EN25QXX_Write_Enable  flash.o
    0x08000544   0x00000046   Code   RO         3312    i.EN25QXX_Write_NoCheck  flash.o
    0x0800058a   0x00000002   PAD
    0x0800058c   0x00000054   Code   RO         3313    i.EN25QXX_Write_Page  flash.o
    0x080005e0   0x00000044   Code   RO         3403    i.ESP8266_AT_Test   esp8266_drive.o
    0x08000624   0x000000e0   Code   RO         3512    i.ESP8266_ConnectToServer  esp8266_public.o
    0x08000704   0x00000040   Code   RO         3404    i.ESP8266_Enable_MultipleId  esp8266_drive.o
    0x08000744   0x00000058   Code   RO         3407    i.ESP8266_Init      esp8266_drive.o
    0x0800079c   0x00000040   Code   RO         3408    i.ESP8266_JoinAP    esp8266_drive.o
    0x080007dc   0x00000078   Code   RO         3410    i.ESP8266_Net_Mode_Choose  esp8266_drive.o
    0x08000854   0x00000020   Code   RO         3412    i.ESP8266_Rst       esp8266_drive.o
    0x08000874   0x00000078   Code   RO         3513    i.ESP8266_STA_LinkAP  esp8266_public.o
    0x080008ec   0x000000a0   Code   RO         3413    i.ESP8266_SendString  esp8266_drive.o
    0x0800098c   0x000000b8   Code   RO         3414    i.ESP8266_Send_AT_Cmd  esp8266_drive.o
    0x08000a44   0x0000004c   Code   RO         3090    i.EXTI7_Init        exti.o
    0x08000a90   0x00000044   Code   RO         3091    i.EXTI9_5_IRQHandler  exti.o
    0x08000ad4   0x0000000c   Code   RO          622    i.EXTI_ClearITPendingBit  stm32f10x_exti.o
    0x08000ae0   0x00000028   Code   RO          626    i.EXTI_GetITStatus  stm32f10x_exti.o
    0x08000b08   0x00000094   Code   RO          627    i.EXTI_Init         stm32f10x_exti.o
    0x08000b9c   0x00000084   Code   RO         4045    i.FATFS_Init        fatfs_app.o
    0x08000c20   0x00000034   Code   RO         2265    i.FSMC_NORSRAMCmd   stm32f10x_fsmc.o
    0x08000c54   0x000000e6   Code   RO         2267    i.FSMC_NORSRAMInit  stm32f10x_fsmc.o
    0x08000d3a   0x00000002   PAD
    0x08000d3c   0x00000040   Code   RO          274    i.GPIO_EXTILineConfig  stm32f10x_gpio.o
    0x08000d7c   0x00000116   Code   RO          277    i.GPIO_Init         stm32f10x_gpio.o
    0x08000e92   0x00000004   Code   RO          284    i.GPIO_ResetBits    stm32f10x_gpio.o
    0x08000e96   0x00000004   Code   RO          285    i.GPIO_SetBits      stm32f10x_gpio.o
    0x08000e9a   0x00000004   Code   RO          180    i.HardFault_Handler  stm32f10x_it.o
    0x08000e9e   0x00000002   PAD
    0x08000ea0   0x00000048   Code   RO         2942    i.KEY_Init          key.o
    0x08000ee8   0x0000009c   Code   RO         2943    i.KEY_Scan          key.o
    0x08000f84   0x00000048   Code   RO         2751    i.LCD_Clear         tftlcd.o
    0x08000fcc   0x00000064   Code   RO         2752    i.LCD_Display_Dir   tftlcd.o
    0x08001030   0x0000001c   Code   RO         2753    i.LCD_DrawFRONT_COLOR  tftlcd.o
    0x0800104c   0x0000005c   Code   RO         2760    i.LCD_Fill          tftlcd.o
    0x080010a8   0x0000000c   Code   RO         2763    i.LCD_ReadData      tftlcd.o
    0x080010b4   0x00000054   Code   RO         2764    i.LCD_ReadPoint     tftlcd.o
    0x08001108   0x000000c4   Code   RO         2765    i.LCD_Set_Window    tftlcd.o
    0x080011cc   0x00000110   Code   RO         2766    i.LCD_ShowChar      tftlcd.o
    0x080012dc   0x000000e8   Code   RO         2767    i.LCD_ShowFontHZ    tftlcd.o
    0x080013c4   0x00000066   Code   RO         2770    i.LCD_ShowString    tftlcd.o
    0x0800142a   0x00000002   PAD
    0x0800142c   0x0000000c   Code   RO         2772    i.LCD_WriteCmd      tftlcd.o
    0x08001438   0x0000000c   Code   RO         2774    i.LCD_WriteData     tftlcd.o
    0x08001444   0x0000000c   Code   RO         2775    i.LCD_WriteData_Color  tftlcd.o
    0x08001450   0x00000034   Code   RO         2736    i.LED_Init          led.o
    0x08001484   0x00000004   Code   RO          181    i.MemManage_Handler  stm32f10x_it.o
    0x08001488   0x00000002   Code   RO          182    i.NMI_Handler       stm32f10x_it.o
    0x0800148a   0x00000002   PAD
    0x0800148c   0x00000070   Code   RO          585    i.NVIC_Init         misc.o
    0x080014fc   0x00000014   Code   RO          586    i.NVIC_PriorityGroupConfig  misc.o
    0x08001510   0x00000032   Code   RO         2964    i.OV7670_Brightness  ov7670.o
    0x08001542   0x0000007a   Code   RO         2965    i.OV7670_Color_Saturation  ov7670.o
    0x080015bc   0x00000032   Code   RO         2966    i.OV7670_Contrast   ov7670.o
    0x080015ee   0x00000002   PAD
    0x080015f0   0x00000100   Code   RO         2967    i.OV7670_Init       ov7670.o
    0x080016f0   0x0000005c   Code   RO         2968    i.OV7670_Light_Mode  ov7670.o
    0x0800174c   0x0000006a   Code   RO         2969    i.OV7670_Special_Effects  ov7670.o
    0x080017b6   0x0000008a   Code   RO         2970    i.OV7670_Window_Set  ov7670.o
    0x08001840   0x00000002   Code   RO          183    i.PendSV_Handler    stm32f10x_it.o
    0x08001842   0x00000002   PAD
    0x08001844   0x00000160   Code   RO         3514    i.PostToWeb         esp8266_public.o
    0x080019a4   0x00000020   Code   RO          386    i.RCC_AHBPeriphClockCmd  stm32f10x_rcc.o
    0x080019c4   0x00000020   Code   RO          387    i.RCC_APB1PeriphClockCmd  stm32f10x_rcc.o
    0x080019e4   0x00000020   Code   RO          389    i.RCC_APB2PeriphClockCmd  stm32f10x_rcc.o
    0x08001a04   0x000000d4   Code   RO          397    i.RCC_GetClocksFreq  stm32f10x_rcc.o
    0x08001ad8   0x00000050   Code   RO         3024    i.SCCB_Init         sccb.o
    0x08001b28   0x00000040   Code   RO         3025    i.SCCB_No_Ack       sccb.o
    0x08001b68   0x0000004c   Code   RO         3026    i.SCCB_RD_Byte      sccb.o
    0x08001bb4   0x0000004e   Code   RO         3027    i.SCCB_RD_Reg       sccb.o
    0x08001c02   0x00000002   PAD
    0x08001c04   0x0000001c   Code   RO         3028    i.SCCB_SDA_IN       sccb.o
    0x08001c20   0x00000024   Code   RO         3029    i.SCCB_SDA_OUT      sccb.o
    0x08001c44   0x00000034   Code   RO         3030    i.SCCB_Start        sccb.o
    0x08001c78   0x00000034   Code   RO         3031    i.SCCB_Stop         sccb.o
    0x08001cac   0x00000084   Code   RO         3032    i.SCCB_WR_Byte      sccb.o
    0x08001d30   0x0000003e   Code   RO         3033    i.SCCB_WR_Reg       sccb.o
    0x08001d6e   0x00000002   PAD
    0x08001d70   0x00000014   Code   RO         3138    i.SD_DisSelect      sd.o
    0x08001d84   0x0000002a   Code   RO         3140    i.SD_GetCSD         sd.o
    0x08001dae   0x00000026   Code   RO         3141    i.SD_GetResponse    sd.o
    0x08001dd4   0x00000076   Code   RO         3142    i.SD_GetSectorCount  sd.o
    0x08001e4a   0x00000002   PAD
    0x08001e4c   0x00000188   Code   RO         3143    i.SD_Init           sd.o
    0x08001fd4   0x00000074   Code   RO         3144    i.SD_ReadDisk       sd.o
    0x08002048   0x00000038   Code   RO         3145    i.SD_RecvData       sd.o
    0x08002080   0x00000084   Code   RO         3146    i.SD_SPI_Init       sd.o
    0x08002104   0x0000000c   Code   RO         3147    i.SD_SPI_ReadWriteByte  sd.o
    0x08002110   0x0000000a   Code   RO         3148    i.SD_SPI_SpeedHigh  sd.o
    0x0800211a   0x0000000a   Code   RO         3149    i.SD_SPI_SpeedLow   sd.o
    0x08002124   0x00000020   Code   RO         3150    i.SD_Select         sd.o
    0x08002144   0x00000052   Code   RO         3151    i.SD_SendBlock      sd.o
    0x08002196   0x00000078   Code   RO         3152    i.SD_SendCmd        sd.o
    0x0800220e   0x00000022   Code   RO         3153    i.SD_WaitReady      sd.o
    0x08002230   0x00000090   Code   RO         3154    i.SD_WriteDisk      sd.o
    0x080022c0   0x0000008c   Code   RO         3258    i.SPI2_Init         spi.o
    0x0800234c   0x00000038   Code   RO         3259    i.SPI2_ReadWriteByte  spi.o
    0x08002384   0x00000028   Code   RO         3260    i.SPI2_SetSpeed     spi.o
    0x080023ac   0x00000018   Code   RO         2379    i.SPI_Cmd           stm32f10x_spi.o
    0x080023c4   0x00000012   Code   RO         2387    i.SPI_I2S_GetFlagStatus  stm32f10x_spi.o
    0x080023d6   0x00000006   Code   RO         2390    i.SPI_I2S_ReceiveData  stm32f10x_spi.o
    0x080023dc   0x00000004   Code   RO         2391    i.SPI_I2S_SendData  stm32f10x_spi.o
    0x080023e0   0x0000003c   Code   RO         2392    i.SPI_Init          stm32f10x_spi.o
    0x0800241c   0x00000002   Code   RO          184    i.SVC_Handler       stm32f10x_it.o
    0x0800241e   0x00000008   Code   RO         2692    i.SetSysClock       system_stm32f10x.o
    0x08002426   0x00000002   PAD
    0x08002428   0x000000e0   Code   RO         2693    i.SetSysClockTo72   system_stm32f10x.o
    0x08002508   0x00000028   Code   RO          589    i.SysTick_CLKSourceConfig  misc.o
    0x08002530   0x00000002   Code   RO          185    i.SysTick_Handler   stm32f10x_it.o
    0x08002532   0x00000002   PAD
    0x08002534   0x0000003c   Code   RO         3577    i.SysTick_Init      systick.o
    0x08002570   0x00000060   Code   RO         2695    i.SystemInit        system_stm32f10x.o
    0x080025d0   0x0000007e   Code   RO         2776    i.TFTLCD_FSMC_Init  tftlcd.o
    0x0800264e   0x00000002   PAD
    0x08002650   0x00000070   Code   RO         2777    i.TFTLCD_GPIO_Init  tftlcd.o
    0x080026c0   0x000002f8   Code   RO         2778    i.TFTLCD_Init       tftlcd.o
    0x080029b8   0x00000054   Code   RO         3114    i.TIM4_IRQHandler   time.o
    0x08002a0c   0x00000068   Code   RO         3115    i.TIM4_Init         time.o
    0x08002a74   0x00000006   Code   RO          686    i.TIM_ClearITPendingBit  stm32f10x_tim.o
    0x08002a7a   0x00000018   Code   RO          691    i.TIM_Cmd           stm32f10x_tim.o
    0x08002a92   0x00000022   Code   RO          712    i.TIM_GetITStatus   stm32f10x_tim.o
    0x08002ab4   0x00000012   Code   RO          716    i.TIM_ITConfig      stm32f10x_tim.o
    0x08002ac6   0x00000002   PAD
    0x08002ac8   0x000000a4   Code   RO          762    i.TIM_TimeBaseInit  stm32f10x_tim.o
    0x08002b6c   0x0000003c   Code   RO         3606    i.USART1_IRQHandler  usart.o
    0x08002ba8   0x000000b8   Code   RO         3607    i.USART1_Init       usart.o
    0x08002c60   0x000000a0   Code   RO         3416    i.USART2_IRQHandler  esp8266_drive.o
    0x08002d00   0x000000a4   Code   RO         3417    i.USART2_Init       esp8266_drive.o
    0x08002da4   0x00000012   Code   RO         1223    i.USART_ClearFlag   stm32f10x_usart.o
    0x08002db6   0x00000018   Code   RO         1227    i.USART_Cmd         stm32f10x_usart.o
    0x08002dce   0x0000001a   Code   RO         1230    i.USART_GetFlagStatus  stm32f10x_usart.o
    0x08002de8   0x00000054   Code   RO         1231    i.USART_GetITStatus  stm32f10x_usart.o
    0x08002e3c   0x0000004a   Code   RO         1233    i.USART_ITConfig    stm32f10x_usart.o
    0x08002e86   0x00000002   PAD
    0x08002e88   0x000000d8   Code   RO         1234    i.USART_Init        stm32f10x_usart.o
    0x08002f60   0x0000000a   Code   RO         1241    i.USART_ReceiveData  stm32f10x_usart.o
    0x08002f6a   0x00000008   Code   RO         1244    i.USART_SendData    stm32f10x_usart.o
    0x08002f72   0x00000106   Code   RO         3515    i.USART_printf      esp8266_public.o
    0x08003078   0x00000004   Code   RO          186    i.UsageFault_Handler  stm32f10x_it.o
    0x0800307c   0x00000020   Code   RO         4760    i.__0printf$8       mc_w.l(printf8.o)
    0x0800309c   0x00000028   Code   RO         4762    i.__0sprintf$8      mc_w.l(printf8.o)
    0x080030c4   0x0000000e   Code   RO         4872    i.__scatterload_copy  mc_w.l(handlers.o)
    0x080030d2   0x00000002   Code   RO         4873    i.__scatterload_null  mc_w.l(handlers.o)
    0x080030d4   0x0000000e   Code   RO         4874    i.__scatterload_zeroinit  mc_w.l(handlers.o)
    0x080030e2   0x00000002   PAD
    0x080030e4   0x00000410   Code   RO         4767    i._printf_core      mc_w.l(printf8.o)
    0x080034f4   0x00000024   Code   RO         4768    i._printf_post_padding  mc_w.l(printf8.o)
    0x08003518   0x0000002e   Code   RO         4769    i._printf_pre_padding  mc_w.l(printf8.o)
    0x08003546   0x0000000a   Code   RO         4771    i._sputc            mc_w.l(printf8.o)
    0x08003550   0x00000210   Code   RO         4124    i.bmp_encode        bmp.o
    0x08003760   0x00000050   Code   RO         4125    i.camera_new_pathname  bmp.o
    0x080037b0   0x000000d8   Code   RO            1    i.camera_refresh    main.o
    0x08003888   0x00000090   Code   RO         3700    i.check_fs          ff.o
    0x08003918   0x00000014   Code   RO         3701    i.chk_chr           ff.o
    0x0800392c   0x00000032   Code   RO         3702    i.clmt_clust        ff.o
    0x0800395e   0x0000001a   Code   RO         3703    i.clust2sect        ff.o
    0x08003978   0x000000a0   Code   RO         3704    i.cmp_lfn           ff.o
    0x08003a18   0x000000d6   Code   RO         3705    i.create_chain      ff.o
    0x08003aee   0x00000002   PAD
    0x08003af0   0x00000270   Code   RO         3706    i.create_name       ff.o
    0x08003d60   0x0000004c   Code   RO         3578    i.delay_ms          systick.o
    0x08003dac   0x0000004c   Code   RO         3579    i.delay_us          systick.o
    0x08003df8   0x0000005c   Code   RO         3707    i.dir_alloc         ff.o
    0x08003e54   0x000000ea   Code   RO         3708    i.dir_find          ff.o
    0x08003f3e   0x0000010e   Code   RO         3709    i.dir_next          ff.o
    0x0800404c   0x0000012a   Code   RO         3711    i.dir_register      ff.o
    0x08004176   0x0000009e   Code   RO         3713    i.dir_sdi           ff.o
    0x08004214   0x0000003c   Code   RO         3633    i.disk_initialize   diskio.o
    0x08004250   0x00000094   Code   RO         3634    i.disk_ioctl        diskio.o
    0x080042e4   0x0000007c   Code   RO         3635    i.disk_read         diskio.o
    0x08004360   0x0000001e   Code   RO         3636    i.disk_status       diskio.o
    0x0800437e   0x00000078   Code   RO         3637    i.disk_write        diskio.o
    0x080043f6   0x00000020   Code   RO         3715    i.f_close           ff.o
    0x08004416   0x0000017c   Code   RO         3721    i.f_mkdir           ff.o
    0x08004592   0x00000002   PAD
    0x08004594   0x0000005c   Code   RO         3723    i.f_mount           ff.o
    0x080045f0   0x00000196   Code   RO         3724    i.f_open            ff.o
    0x08004786   0x000001b0   Code   RO         3729    i.f_read            ff.o
    0x08004936   0x000000b0   Code   RO         3734    i.f_sync            ff.o
    0x080049e6   0x000001ea   Code   RO         3738    i.f_write           ff.o
    0x08004bd0   0x0000007c   Code   RO         4095    i.ff_convert        cc936.o
    0x08004c4c   0x0000000e   Code   RO         3638    i.ff_memalloc       diskio.o
    0x08004c5a   0x0000000e   Code   RO         3639    i.ff_memfree        diskio.o
    0x08004c68   0x0000005c   Code   RO         4096    i.ff_wtoupper       cc936.o
    0x08004cc4   0x00000394   Code   RO         3739    i.find_volume       ff.o
    0x08005058   0x00000080   Code   RO         3740    i.fit_lfn           ff.o
    0x080050d8   0x00000090   Code   RO         3741    i.follow_path       ff.o
    0x08005168   0x00000024   Code   RO         3608    i.fputc             usart.o
    0x0800518c   0x000000cc   Code   RO         3742    i.gen_numname       ff.o
    0x08005258   0x000000f2   Code   RO         3743    i.get_fat           ff.o
    0x0800534a   0x00000004   Code   RO         3640    i.get_fattime       diskio.o
    0x0800534e   0x0000004a   Code   RO         3745    i.get_ldnumber      ff.o
    0x08005398   0x00000062   Code   RO         3516    i.itoa              esp8266_public.o
    0x080053fa   0x00000020   Code   RO         3746    i.ld_clust          ff.o
    0x0800541a   0x00000002   PAD
    0x0800541c   0x00000550   Code   RO            2    i.main              main.o
    0x0800596c   0x00000026   Code   RO         3747    i.mem_cmp           ff.o
    0x08005992   0x0000001a   Code   RO         3748    i.mem_cpy           ff.o
    0x080059ac   0x00000014   Code   RO         3749    i.mem_set           ff.o
    0x080059c0   0x00000034   Code   RO         3750    i.move_window       ff.o
    0x080059f4   0x0000006c   Code   RO         4473    i.my_mem_free       malloc.o
    0x08005a60   0x00000044   Code   RO         4474    i.my_mem_init       malloc.o
    0x08005aa4   0x000000a8   Code   RO         4475    i.my_mem_malloc     malloc.o
    0x08005b4c   0x00000040   Code   RO         4476    i.my_mem_perused    malloc.o
    0x08005b8c   0x00000014   Code   RO         4477    i.my_mem_set        malloc.o
    0x08005ba0   0x00000024   Code   RO         4478    i.myfree            malloc.o
    0x08005bc4   0x00000028   Code   RO         4479    i.mymalloc          malloc.o
    0x08005bec   0x0000000e   Code   RO         4290    i.pic_memalloc      piclib.o
    0x08005bfa   0x0000000e   Code   RO         4291    i.pic_memfree       piclib.o
    0x08005c08   0x00000142   Code   RO         3752    i.put_fat           ff.o
    0x08005d4a   0x0000006c   Code   RO         3754    i.remove_chain      ff.o
    0x08005db6   0x00000010   Code   RO         3755    i.st_clust          ff.o
    0x08005dc6   0x00000020   Code   RO         3756    i.sum_sfn           ff.o
    0x08005de6   0x000000c8   Code   RO         3757    i.sync_fs           ff.o
    0x08005eae   0x00000052   Code   RO         3758    i.sync_window       ff.o
    0x08005f00   0x00000032   Code   RO         3759    i.validate          ff.o
    0x08005f32   0x0000159a   Data   RO         2779    .constdata          tftlcd.o
    0x080074cc   0x00000150   Data   RO         2971    .constdata          ov7670.o
    0x0800761c   0x0000003a   Data   RO         3761    .constdata          ff.o
    0x08007656   0x0002b0c0   Data   RO         4097    .constdata          cc936.o
    0x08032716   0x00000002   PAD
    0x08032718   0x00000018   Data   RO         4484    .constdata          malloc.o
    0x08032730   0x000000e5   Data   RO         3517    .conststring        esp8266_public.o
    0x08032815   0x00000003   PAD
    0x08032818   0x00000020   Data   RO         4870    Region$$Table       anon$$obj.o


    Execution Region RW_IRAM1 (Base: 0x20000000, Size: 0x0000c3e0, Max: 0x00010000, ABSOLUTE)

    Base Addr    Size         Type   Attr      Idx    E Section Name        Object

    0x20000000   0x00000014   Data   RW          417    .data               stm32f10x_rcc.o
    0x20000014   0x0000000c   Data   RW         2780    .data               tftlcd.o
    0x20000020   0x00000001   Data   RW         2944    .data               key.o
    0x20000021   0x00000001   Data   RW         3092    .data               exti.o
    0x20000022   0x00000001   Data   RW         3116    .data               time.o
    0x20000023   0x00000001   Data   RW         3155    .data               sd.o
    0x20000024   0x00000002   Data   RW         3316    .data               flash.o
    0x20000026   0x00000001   Data   RW         3518    .data               esp8266_public.o
    0x20000027   0x00000001   PAD
    0x20000028   0x00000004   Data   RW         3580    .data               systick.o
    0x2000002c   0x00000002   Data   RW         3641    .data               diskio.o
    0x2000002e   0x00000002   Data   RW         3762    .data               ff.o
    0x20000030   0x00000014   Data   RW         4052    .data               fatfs_app.o
    0x20000044   0x0000001c   Data   RW         4485    .data               malloc.o
    0x20000060   0x00000004   Data   RW         4842    .data               mc_w.l(stdout.o)
    0x20000064   0x00001000   Zero   RW         3315    .bss                flash.o
    0x20001064   0x00000402   Zero   RW         3418    .bss                esp8266_drive.o
    0x20001466   0x00000002   PAD
    0x20001468   0x0000000c   Zero   RW         3760    .bss                ff.o
    0x20001474   0x00000150   Zero   RW         4049    .bss                fatfs_app.o
    0x200015c4   0x0000001c   PAD
    0x200015e0   0x0000aa00   Zero   RW         4483    .bss                malloc.o
    0x2000bfe0   0x00000400   Zero   RW          263    STACK               startup_stm32f10x_hd.o



  Load Region LR$$.ARM.__AT_0x68000000 (Base: 0x68000000, Size: 0x00000000, Max: 0x000f0000, ABSOLUTE)

    Execution Region ER$$.ARM.__AT_0x68000000 (Base: 0x68000000, Size: 0x000f0000, Max: 0x000f0000, ABSOLUTE, UNINIT)

    Base Addr    Size         Type   Attr      Idx    E Section Name        Object

    0x68000000   0x000f0000   Zero   RW         4481    .ARM.__AT_0x68000000  malloc.o



  Load Region LR$$.ARM.__AT_0x680F0000 (Base: 0x680f0000, Size: 0x00000000, Max: 0x0000f000, ABSOLUTE)

    Execution Region ER$$.ARM.__AT_0x680F0000 (Base: 0x680f0000, Size: 0x0000f000, Max: 0x0000f000, ABSOLUTE, UNINIT)

    Base Addr    Size         Type   Attr      Idx    E Section Name        Object

    0x680f0000   0x0000f000   Zero   RW         4482    .ARM.__AT_0x680F0000  malloc.o


==============================================================================

Image component sizes


      Code (inc. data)   RO Data    RW Data    ZI Data      Debug   Object Name

       608         54          0          0          0       3343   bmp.o
       216         16     176320          0          0       2587   cc936.o
       514          8          0          2          0       6908   diskio.o
      1104        240          0          0       1026       8488   esp8266_drive.o
      1056        284        229          1          0       5254   esp8266_public.o
       144         18          0          1          0       1263   exti.o
       132         18          0         20        336       5619   fatfs_app.o
      6984         64         58          2         12      36497   ff.o
       848         78          0          2       4096       6629   flash.o
       228         22          0          1          0       1154   key.o
        52          6          0          0          0        487   led.o
      1576        336          0          0          0     277026   main.o
       504         60         24         28    1088000       6054   malloc.o
       172         22          0          0          0       2281   misc.o
       814         32        336          0          0       5093   ov7670.o
        28          0          0          0          0       1021   piclib.o
       660         60          0          0          0       5346   sccb.o
      1358         42          0          1          0      10224   sd.o
       236         20          0          0          0       1653   spi.o
        36          8        304          0       1024        848   startup_stm32f10x_hd.o
       200         18          0          0          0       2316   stm32f10x_exti.o
       282          6          0          0          0       1985   stm32f10x_fsmc.o
       350          4          0          0          0       3906   stm32f10x_gpio.o
        26          0          0          0          0       3926   stm32f10x_it.o
       308         38          0         20          0       5306   stm32f10x_rcc.o
       112          0          0          0          0       4130   stm32f10x_spi.o
       246         42          0          0          0       3866   stm32f10x_tim.o
       460          6          0          0          0       7135   stm32f10x_usart.o
       328         28          0          0          0       1993   system_stm32f10x.o
       212         16          0          4          0       1745   systick.o
      2224        110       5530         12          0      12788   tftlcd.o
       188         36          0          1          0       1345   time.o
       280         20          0          0          0       1730   usart.o

    ----------------------------------------------------------------------
     22524       1712     182838         96    1094524     439946   Object Totals
         0          0         32          0          0          0   (incl. Generated)
        38          0          5          1         30          0   (incl. Padding)

    ----------------------------------------------------------------------

      Code (inc. data)   RO Data    RW Data    ZI Data      Debug   Library Member Name

         0          0          0          0          0          0   entry.o
         0          0          0          0          0          0   entry10a.o
         0          0          0          0          0          0   entry11a.o
         8          4          0          0          0          0   entry2.o
         4          0          0          0          0          0   entry5.o
         0          0          0          0          0          0   entry7b.o
         0          0          0          0          0          0   entry8b.o
         8          4          0          0          0          0   entry9a.o
        30          0          0          0          0          0   handlers.o
        36          8          0          0          0         68   init.o
        30          0          0          0          0         68   llshl.o
        32          0          0          0          0         68   llushr.o
        36          0          0          0          0        108   memseta.o
      1204         60          0          0          0        504   printf8.o
         0          0          0          4          0          0   stdout.o
        18          0          0          0          0         68   strcpy.o
        36          0          0          0          0         80   strstr.o
        98          0          0          0          0         92   uldiv.o

    ----------------------------------------------------------------------
      1542         76          0          4          0       1056   Library Totals
         2          0          0          0          0          0   (incl. Padding)

    ----------------------------------------------------------------------

      Code (inc. data)   RO Data    RW Data    ZI Data      Debug   Library Name

      1540         76          0          4          0       1056   mc_w.l

    ----------------------------------------------------------------------
      1542         76          0          4          0       1056   Library Totals

    ----------------------------------------------------------------------

==============================================================================


      Code (inc. data)   RO Data    RW Data    ZI Data      Debug   

     24066       1788     182838        100    1094524     430598   Grand Totals
     24066       1788     182838        100    1094524     430598   ELF Image Totals
     24066       1788     182838        100          0          0   ROM Totals

==============================================================================

    Total RO  Size (Code + RO Data)               206904 ( 202.05kB)
    Total RW  Size (RW Data + ZI Data)           1094624 (1068.97kB)
    Total ROM Size (Code + RO Data + RW Data)     207004 ( 202.15kB)

==============================================================================

