Component: ARM Compiler 5.05 update 1 (build 106) Tool: armlink [4d0efa]

==============================================================================

Section Cross References

    main.o(i.main) refers to systick.o(i.SysTick_Init) for SysTick_Init
    main.o(i.main) refers to misc.o(i.NVIC_PriorityGroupConfig) for NVIC_PriorityGroupConfig
    main.o(i.main) refers to led.o(i.LED_Init) for LED_Init
    main.o(i.main) refers to usart.o(i.USART1_Init) for USART1_Init
    main.o(i.main) refers to esp8266_drive.o(i.ESP8266_Init) for ESP8266_Init
    main.o(i.main) refers to esp8266_public.o(i.ESP8266_STA_LinkAP) for ESP8266_STA_LinkAP
    main.o(i.main) refers to tftlcd.o(i.TFTLCD_Init) for TFTLCD_Init
    main.o(i.main) refers to key.o(i.KEY_Init) for KEY_Init
    main.o(i.main) refers to flash.o(i.EN25QXX_Init) for EN25QXX_Init
    main.o(i.main) refers to malloc.o(i.my_mem_init) for my_mem_init
    main.o(i.main) refers to tftlcd.o(i.LCD_ShowString) for LCD_ShowString
    main.o(i.main) refers to systick.o(i.delay_ms) for delay_ms
    main.o(i.main) refers to tftlcd.o(i.LCD_Fill) for LCD_Fill
    main.o(i.main) refers to ov7670.o(i.OV7670_Init) for OV7670_Init
    main.o(i.main) refers to fatfs_app.o(i.FATFS_Init) for FATFS_Init
    main.o(i.main) refers to ff.o(i.f_mount) for f_mount
    main.o(i.main) refers to ff.o(i.f_mkdir) for f_mkdir
    main.o(i.main) refers to malloc.o(i.mymalloc) for mymalloc
    main.o(i.main) refers to ov7670.o(i.OV7670_Light_Mode) for OV7670_Light_Mode
    main.o(i.main) refers to ov7670.o(i.OV7670_Color_Saturation) for OV7670_Color_Saturation
    main.o(i.main) refers to ov7670.o(i.OV7670_Brightness) for OV7670_Brightness
    main.o(i.main) refers to ov7670.o(i.OV7670_Contrast) for OV7670_Contrast
    main.o(i.main) refers to ov7670.o(i.OV7670_Special_Effects) for OV7670_Special_Effects
    main.o(i.main) refers to time.o(i.TIM4_Init) for TIM4_Init
    main.o(i.main) refers to exti.o(i.EXTI7_Init) for EXTI7_Init
    main.o(i.main) refers to ov7670.o(i.OV7670_Window_Set) for OV7670_Window_Set
    main.o(i.main) refers to tftlcd.o(i.LCD_Clear) for LCD_Clear
    main.o(i.main) refers to discern.o(i.CameraDiscern) for CameraDiscern
    main.o(i.main) refers to key.o(i.KEY_Scan) for KEY_Scan
    main.o(i.main) refers to bmp.o(i.camera_new_pathname) for camera_new_pathname
    main.o(i.main) refers to bmp.o(i.bmp_encode) for bmp_encode
    main.o(i.main) refers to esp8266_public.o(i.ESP8266_ConnectToServer) for ESP8266_ConnectToServer
    main.o(i.main) refers to esp8266_public.o(i.PostToWeb) for PostToWeb
    main.o(i.main) refers to tftlcd.o(.data) for tftlcd_data
    main.o(i.main) refers to fatfs_app.o(.bss) for fs
    startup_stm32f10x_hd.o(RESET) refers to startup_stm32f10x_hd.o(STACK) for __initial_sp
    startup_stm32f10x_hd.o(RESET) refers to startup_stm32f10x_hd.o(.text) for Reset_Handler
    startup_stm32f10x_hd.o(RESET) refers to stm32f10x_it.o(i.NMI_Handler) for NMI_Handler
    startup_stm32f10x_hd.o(RESET) refers to stm32f10x_it.o(i.HardFault_Handler) for HardFault_Handler
    startup_stm32f10x_hd.o(RESET) refers to stm32f10x_it.o(i.MemManage_Handler) for MemManage_Handler
    startup_stm32f10x_hd.o(RESET) refers to stm32f10x_it.o(i.BusFault_Handler) for BusFault_Handler
    startup_stm32f10x_hd.o(RESET) refers to stm32f10x_it.o(i.UsageFault_Handler) for UsageFault_Handler
    startup_stm32f10x_hd.o(RESET) refers to stm32f10x_it.o(i.SVC_Handler) for SVC_Handler
    startup_stm32f10x_hd.o(RESET) refers to stm32f10x_it.o(i.DebugMon_Handler) for DebugMon_Handler
    startup_stm32f10x_hd.o(RESET) refers to stm32f10x_it.o(i.PendSV_Handler) for PendSV_Handler
    startup_stm32f10x_hd.o(RESET) refers to stm32f10x_it.o(i.SysTick_Handler) for SysTick_Handler
    startup_stm32f10x_hd.o(RESET) refers to exti.o(i.EXTI9_5_IRQHandler) for EXTI9_5_IRQHandler
    startup_stm32f10x_hd.o(RESET) refers to time.o(i.TIM4_IRQHandler) for TIM4_IRQHandler
    startup_stm32f10x_hd.o(RESET) refers to usart.o(i.USART1_IRQHandler) for USART1_IRQHandler
    startup_stm32f10x_hd.o(RESET) refers to esp8266_drive.o(i.USART2_IRQHandler) for USART2_IRQHandler
    startup_stm32f10x_hd.o(.text) refers to system_stm32f10x.o(i.SystemInit) for SystemInit
    startup_stm32f10x_hd.o(.text) refers to entry.o(.ARM.Collect$$$$00000000) for __main
    stm32f10x_gpio.o(i.GPIO_AFIODeInit) refers to stm32f10x_rcc.o(i.RCC_APB2PeriphResetCmd) for RCC_APB2PeriphResetCmd
    stm32f10x_gpio.o(i.GPIO_DeInit) refers to stm32f10x_rcc.o(i.RCC_APB2PeriphResetCmd) for RCC_APB2PeriphResetCmd
    stm32f10x_rcc.o(i.RCC_GetClocksFreq) refers to stm32f10x_rcc.o(.data) for APBAHBPrescTable
    stm32f10x_rcc.o(i.RCC_WaitForHSEStartUp) refers to stm32f10x_rcc.o(i.RCC_GetFlagStatus) for RCC_GetFlagStatus
    stm32f10x_tim.o(i.TIM_DeInit) refers to stm32f10x_rcc.o(i.RCC_APB2PeriphResetCmd) for RCC_APB2PeriphResetCmd
    stm32f10x_tim.o(i.TIM_DeInit) refers to stm32f10x_rcc.o(i.RCC_APB1PeriphResetCmd) for RCC_APB1PeriphResetCmd
[...]
    i.TIM_GetITStatus                        0x0800407e   Section        0  stm32f10x_tim.o(i.TIM_GetITStatus)
    i.TIM_ITConfig                           0x080040a0   Section        0  stm32f10x_tim.o(i.TIM_ITConfig)
    i.TIM_TimeBaseInit                       0x080040b4   Section        0  stm32f10x_tim.o(i.TIM_TimeBaseInit)
    i.USART1_IRQHandler                      0x08004158   Section        0  usart.o(i.USART1_IRQHandler)
    i.USART1_Init                            0x08004194   Section        0  usart.o(i.USART1_Init)
    i.USART2_IRQHandler                      0x0800424c   Section        0  esp8266_drive.o(i.USART2_IRQHandler)
    i.USART2_Init                            0x080042ec   Section        0  esp8266_drive.o(i.USART2_Init)
    i.USART_ClearFlag                        0x08004390   Section        0  stm32f10x_usart.o(i.USART_ClearFlag)
    i.USART_Cmd                              0x080043a2   Section        0  stm32f10x_usart.o(i.USART_Cmd)
    i.USART_GetFlagStatus                    0x080043ba   Section        0  stm32f10x_usart.o(i.USART_GetFlagStatus)
    i.USART_GetITStatus                      0x080043d4   Section        0  stm32f10x_usart.o(i.USART_GetITStatus)
    i.USART_ITConfig                         0x08004428   Section        0  stm32f10x_usart.o(i.USART_ITConfig)
    i.USART_Init                             0x08004474   Section        0  stm32f10x_usart.o(i.USART_Init)
    i.USART_ReceiveData                      0x0800454c   Section        0  stm32f10x_usart.o(i.USART_ReceiveData)
    i.USART_SendData                         0x08004556   Section        0  stm32f10x_usart.o(i.USART_SendData)
    i.USART_printf                           0x0800455e   Section        0  esp8266_public.o(i.USART_printf)
    i.UsageFault_Handler                     0x08004664   Section        0  stm32f10x_it.o(i.UsageFault_Handler)
    i.WordShow                               0x08004668   Section        0  algo.o(i.WordShow)
    i.__0printf$8                            0x08004788   Section        0  printf8.o(i.__0printf$8)
    i.__0sprintf$8                           0x080047a8   Section        0  printf8.o(i.__0sprintf$8)
    i.__scatterload_copy                     0x080047d0   Section       14  handlers.o(i.__scatterload_copy)
    i.__scatterload_null                     0x080047de   Section        2  handlers.o(i.__scatterload_null)
    i.__scatterload_zeroinit                 0x080047e0   Section       14  handlers.o(i.__scatterload_zeroinit)
    i._printf_core                           0x080047f0   Section        0  printf8.o(i._printf_core)
    _printf_core                             0x080047f1   Thumb Code   996  printf8.o(i._printf_core)
    i._printf_post_padding                   0x08004c00   Section        0  printf8.o(i._printf_post_padding)
    _printf_post_padding                     0x08004c01   Thumb Code    36  printf8.o(i._printf_post_padding)
    i._printf_pre_padding                    0x08004c24   Section        0  printf8.o(i._printf_pre_padding)
    _printf_pre_padding                      0x08004c25   Thumb Code    46  printf8.o(i._printf_pre_padding)
    i._sputc                                 0x08004c52   Section        0  printf8.o(i._sputc)
    _sputc                                   0x08004c53   Thumb Code    10  printf8.o(i._sputc)
    i.bmp_encode                             0x08004c5c   Section        0  bmp.o(i.bmp_encode)
    i.camera_new_pathname                    0x08004e6c   Section        0  bmp.o(i.camera_new_pathname)
    i.camera_refresh                         0x08004ebc   Section        0  discern.o(i.camera_refresh)
    i.check_fs                               0x08005034   Section        0  ff.o(i.check_fs)
    check_fs                                 0x08005035   Thumb Code   140  ff.o(i.check_fs)
    i.chk_chr                                0x080050c4   Section        0  ff.o(i.chk_chr)
    chk_chr                                  0x080050c5   Thumb Code    20  ff.o(i.chk_chr)
    i.clmt_clust                             0x080050d8   Section        0  ff.o(i.clmt_clust)
    clmt_clust                               0x080050d9   Thumb Code    50  ff.o(i.clmt_clust)
    i.clust2sect                             0x0800510a   Section        0  ff.o(i.clust2sect)
    i.cmp_lfn                                0x08005124   Section        0  ff.o(i.cmp_lfn)
    cmp_lfn                                  0x08005125   Thumb Code   154  ff.o(i.cmp_lfn)
    i.create_chain                           0x080051c4   Section        0  ff.o(i.create_chain)
    create_chain                             0x080051c5   Thumb Code   214  ff.o(i.create_chain)
    i.create_name                            0x0800529c   Section        0  ff.o(i.create_name)
    create_name                              0x0800529d   Thumb Code   604  ff.o(i.create_name)
    i.delay_ms                               0x0800550c   Section        0  systick.o(i.delay_ms)
    i.delay_us                               0x08005558   Section        0  systick.o(i.delay_us)
    i.dir_alloc                              0x080055a4   Section        0  ff.o(i.dir_alloc)
    dir_alloc                                0x080055a5   Thumb Code    92  ff.o(i.dir_alloc)
    i.dir_find                               0x08005600   Section        0  ff.o(i.dir_find)
    dir_find                                 0x08005601   Thumb Code   234  ff.o(i.dir_find)
    i.dir_next                               0x080056ea   Section        0  ff.o(i.dir_next)
    dir_next                                 0x080056eb   Thumb Code   270  ff.o(i.dir_next)
    i.dir_register                           0x080057f8   Section        0  ff.o(i.dir_register)
    dir_register                             0x080057f9   Thumb Code   298  ff.o(i.dir_register)
    i.dir_sdi                                0x08005922   Section        0  ff.o(i.dir_sdi)
    dir_sdi                                  0x08005923   Thumb Code   158  ff.o(i.dir_sdi)
    i.disk_initialize                        0x080059c0   Section        0  diskio.o(i.disk_initialize)
    i.disk_ioctl                             0x080059fc   Section        0  diskio.o(i.disk_ioctl)
    i.disk_read                              0x08005a90   Section        0  diskio.o(i.disk_read)
    i.disk_status                            0x08005b0c   Section        0  diskio.o(i.disk_status)
    i.disk_write                             0x08005b2a   Section        0  diskio.o(i.disk_write)
    i.f_close                                0x08005ba2   Section        0  ff.o(i.f_close)
    i.f_mkdir                                0x08005bc2   Section        0  ff.o(i.f_mkdir)
    i.f_mount                                0x08005d40   Section        0  ff.o(i.f_mount)
    i.f_open                                 0x08005d9c   Section        0  ff.o(i.f_open)
    i.f_read                                 0x08005f32   Section        0  ff.o(i.f_read)
    i.f_sync                                 0x080060e2   Section        0  ff.o(i.f_sync)
    i.f_write                                0x08006192   Section        0  ff.o(i.f_write)
    i.ff_convert                             0x0800637c   Section        0  cc936.o(i.ff_convert)
    i.ff_memalloc                            0x080063f8   Section        0  diskio.o(i.ff_memalloc)
    i.ff_memfree                             0x08006406   Section        0  diskio.o(i.ff_memfree)
    i.ff_wtoupper                            0x08006414   Section        0  cc936.o(i.ff_wtoupper)
    i.find_volume                            0x08006470   Section        0  ff.o(i.find_volume)
    find_volume                              0x08006471   Thumb Code   900  ff.o(i.find_volume)
    i.fit_lfn                                0x08006804   Section        0  ff.o(i.fit_lfn)
    fit_lfn                                  0x08006805   Thumb Code   122  ff.o(i.fit_lfn)
    i.follow_path                            0x08006884   Section        0  ff.o(i.follow_path)
    follow_path                              0x08006885   Thumb Code   144  ff.o(i.follow_path)
    i.fputc                                  0x08006914   Section        0  usart.o(i.fputc)
    i.gen_numname                            0x08006938   Section        0  ff.o(i.gen_numname)
    gen_numname                              0x08006939   Thumb Code   198  ff.o(i.gen_numname)
    i.get_fat                                0x08006a04   Section        0  ff.o(i.get_fat)
    i.get_fattime                            0x08006af6   Section        0  diskio.o(i.get_fattime)
    i.get_ldnumber                           0x08006afa   Section        0  ff.o(i.get_ldnumber)
    get_ldnumber                             0x08006afb   Thumb Code    74  ff.o(i.get_ldnumber)
    i.itoa                                   0x08006b44   Section        0  esp8266_public.o(i.itoa)
    itoa                                     0x08006b45   Thumb Code    98  esp8266_public.o(i.itoa)
    i.ld_clust                               0x08006ba6   Section        0  ff.o(i.ld_clust)
    ld_clust                                 0x08006ba7   Thumb Code    32  ff.o(i.ld_clust)
    i.main                                   0x08006bc8   Section        0  main.o(i.main)
    i.mem_cmp                                0x08006f74   Section        0  ff.o(i.mem_cmp)
    mem_cmp                                  0x08006f75   Thumb Code    38  ff.o(i.mem_cmp)
    i.mem_cpy                                0x08006f9a   Section        0  ff.o(i.mem_cpy)
    mem_cpy                                  0x08006f9b   Thumb Code    26  ff.o(i.mem_cpy)
    i.mem_set                                0x08006fb4   Section        0  ff.o(i.mem_set)
    mem_set                                  0x08006fb5   Thumb Code    20  ff.o(i.mem_set)
    i.move_window                            0x08006fc8   Section        0  ff.o(i.move_window)
    move_window                              0x08006fc9   Thumb Code    52  ff.o(i.move_window)
    i.my_mem_free                            0x08006ffc   Section        0  malloc.o(i.my_mem_free)
    i.my_mem_init                            0x08007068   Section        0  malloc.o(i.my_mem_init)
    i.my_mem_malloc                          0x080070ac   Section        0  malloc.o(i.my_mem_malloc)
    i.my_mem_perused                         0x08007154   Section        0  malloc.o(i.my_mem_perused)
    i.my_mem_set                             0x08007194   Section        0  malloc.o(i.my_mem_set)
    i.myfree                                 0x080071a8   Section        0  malloc.o(i.myfree)
    i.mymalloc                               0x080071cc   Section        0  malloc.o(i.mymalloc)
    i.pic_memalloc                           0x080071f4   Section        0  piclib.o(i.pic_memalloc)
    i.pic_memfree                            0x08007202   Section        0  piclib.o(i.pic_memfree)
    i.put_fat                                0x08007210   Section        0  ff.o(i.put_fat)
    i.remove_chain                           0x08007352   Section        0  ff.o(i.remove_chain)
    remove_chain                             0x08007353   Thumb Code   108  ff.o(i.remove_chain)
    i.st_clust                               0x080073be   Section        0  ff.o(i.st_clust)
    st_clust                                 0x080073bf   Thumb Code    16  ff.o(i.st_clust)
    i.sum_sfn                                0x080073ce   Section        0  ff.o(i.sum_sfn)
    sum_sfn                                  0x080073cf   Thumb Code    32  ff.o(i.sum_sfn)
    i.sync_fs                                0x080073ee   Section        0  ff.o(i.sync_fs)
    sync_fs                                  0x080073ef   Thumb Code   200  ff.o(i.sync_fs)
    i.sync_window                            0x080074b6   Section        0  ff.o(i.sync_window)
    sync_window                              0x080074b7   Thumb Code    82  ff.o(i.sync_window)
    i.validate                               0x08007508   Section        0  ff.o(i.validate)
    validate                                 0x08007509   Thumb Code    50  ff.o(i.validate)
    .constdata                               0x0800753a   Section     5412  tftlcd.o(.constdata)
    .constdata                               0x08008a5e   Section      336  ov7670.o(.constdata)
    .constdata                               0x08008bae   Section       58  ff.o(.constdata)
    LfnOfs                                   0x08008bae   Data          13  ff.o(.constdata)
    vst                                      0x08008bbc   Data          22  ff.o(.constdata)
    cst                                      0x08008bd2   Data          22  ff.o(.constdata)
    .constdata                               0x08008be8   Section    176320  cc936.o(.constdata)
    uni2oem                                  0x08008be8   Data       87172  cc936.o(.constdata)
    oem2uni                                  0x0801e06c   Data       87172  cc936.o(.constdata)
    lower                                    0x080334f0   Data         988  cc936.o(.constdata)
    upper                                    0x080338cc   Data         988  cc936.o(.constdata)
    .constdata                               0x08033ca8   Section       24  malloc.o(.constdata)
    .conststring                             0x08033cc0   Section      229  esp8266_public.o(.conststring)
    .data                                    0x20000000   Section       20  stm32f10x_rcc.o(.data)
    APBAHBPrescTable                         0x20000000   Data          16  stm32f10x_rcc.o(.data)
    ADCPrescTable                            0x20000010   Data           4  stm32f10x_rcc.o(.data)
    .data                                    0x20000014   Section       12  tftlcd.o(.data)
    .data                                    0x20000020   Section        1  key.o(.data)
    key                                      0x20000020   Data           1  key.o(.data)
    .data                                    0x20000021   Section        1  exti.o(.data)
    .data                                    0x20000022   Section        1  time.o(.data)
    .data                                    0x20000023   Section        1  sd.o(.data)
    .data                                    0x20000024   Section        2  flash.o(.data)
    .data                                    0x20000026   Section        1  esp8266_public.o(.data)
    .data                                    0x20000028   Section        4  systick.o(.data)
    fac_us                                   0x20000028   Data           1  systick.o(.data)
    fac_ms                                   0x2000002a   Data           2  systick.o(.data)
    .data                                    0x2000002c   Section        2  diskio.o(.data)
    .data                                    0x2000002e   Section        2  ff.o(.data)
    Fsid                                     0x2000002e   Data           2  ff.o(.data)
    .data                                    0x20000030   Section       20  fatfs_app.o(.data)
    .data                                    0x20000044   Section       28  malloc.o(.data)
    .data                                    0x20000060   Section      194  value.o(.data)
    .data                                    0x20000122   Section     6642  string.o(.data)
    .data                                    0x20001b14   Section        4  stdout.o(.data)
    .bss                                     0x20001b18   Section     4096  flash.o(.bss)
    .bss                                     0x20002b18   Section     1026  esp8266_drive.o(.bss)
    .bss                                     0x20002f1c   Section       12  ff.o(.bss)
    FatFs                                    0x20002f1c   Data          12  ff.o(.bss)
    .bss                                     0x20002f28   Section      336  fatfs_app.o(.bss)
    lfn                                      0x20002f78   Data         256  fatfs_app.o(.bss)
    .bss                                     0x20003080   Section    43520  malloc.o(.bss)
    .bss                                     0x2000da80   Section      750  value.o(.bss)
    STACK                                    0x2000dd70   Section     1024  startup_stm32f10x_hd.o(STACK)
    .ARM.__AT_0x68000000                     0x68000000   Section    983040  malloc.o(.ARM.__AT_0x68000000)
    .ARM.__AT_0x680F0000                     0x680f0000   Section    61440  malloc.o(.ARM.__AT_0x680F0000)

    Global Symbols

    Symbol Name                              Value     Ov Type        Size  Object(Section)

    BuildAttributes$$THM_ISAv4$P$D$K$B$S$PE$A:L22UL41UL21$X:L11$S22US41US21$IEEE1$IW$USESV6$~STKCKD$USESV7$~SHL$OTIME$ROPI$EBA8$MICROLIB$REQ8$PRES8$EABIv2 0x00000000   Number         0  anon$$obj.o ABSOLUTE
    __ARM_use_no_argv                        0x00000000   Number         0  main.o ABSOLUTE
    _printf_a                                0x00000000   Number         0  stubs.o ABSOLUTE
    _printf_c                                0x00000000   Number         0  stubs.o ABSOLUTE
    _printf_charcount                        0x00000000   Number         0  stubs.o ABSOLUTE
    _printf_d                                0x00000000   Number         0  stubs.o ABSOLUTE
    _printf_e                                0x00000000   Number         0  stubs.o ABSOLUTE
    _printf_f                                0x00000000   Number         0  stubs.o ABSOLUTE
    _printf_flags                            0x00000000   Number         0  stubs.o ABSOLUTE
    _printf_fp_dec                           0x00000000   Number         0  stubs.o ABSOLUTE
    _printf_fp_hex                           0x00000000   Number         0  stubs.o ABSOLUTE
    _printf_g                                0x00000000   Number         0  stubs.o ABSOLUTE
    _printf_i                                0x00000000   Number         0  stubs.o ABSOLUTE
    _printf_int_dec                          0x00000000   Number         0  stubs.o ABSOLUTE
    _printf_l                                0x00000000   Number         0  stubs.o ABSOLUTE
    _printf_lc                               0x00000000   Number         0  stubs.o ABSOLUTE
    _printf_ll                               0x00000000   Number         0  stubs.o ABSOLUTE
    _printf_lld                              0x00000000   Number         0  stubs.o ABSOLUTE
    _printf_lli                              0x00000000   Number         0  stubs.o ABSOLUTE
    _printf_llo                              0x00000000   Number         0  stubs.o ABSOLUTE
    _printf_llu                              0x00000000   Number         0  stubs.o ABSOLUTE
    _printf_llx                              0x00000000   Number         0  stubs.o ABSOLUTE
    _printf_longlong_dec                     0x00000000   Number         0  stubs.o ABSOLUTE
    _printf_longlong_hex                     0x00000000   Number         0  stubs.o ABSOLUTE
    _printf_longlong_oct                     0x00000000   Number         0  stubs.o ABSOLUTE
    _printf_ls                               0x00000000   Number         0  stubs.o ABSOLUTE
    _printf_mbtowc                           0x00000000   Number         0  stubs.o ABSOLUTE
    _printf_n                                0x00000000   Number         0  stubs.o ABSOLUTE
    _printf_o                                0x00000000   Number         0  stubs.o ABSOLUTE
    _printf_p                                0x00000000   Number         0  stubs.o ABSOLUTE
    _printf_percent                          0x00000000   Number         0  stubs.o ABSOLUTE
    _printf_pre_padding                      0x00000000   Number         0  stubs.o ABSOLUTE
    _printf_return_value                     0x00000000   Number         0  stubs.o ABSOLUTE
    _printf_s                                0x00000000   Number         0  stubs.o ABSOLUTE
    _printf_sizespec                         0x00000000   Number         0  stubs.o ABSOLUTE
    _printf_str                              0x00000000   Number         0  stubs.o ABSOLUTE
    _printf_truncate_signed                  0x00000000   Number         0  stubs.o ABSOLUTE
    _printf_truncate_unsigned                0x00000000   Number         0  stubs.o ABSOLUTE
    _printf_u                                0x00000000   Number         0  stubs.o ABSOLUTE
    _printf_wc                               0x00000000   Number         0  stubs.o ABSOLUTE
    _printf_wctomb                           0x00000000   Number         0  stubs.o ABSOLUTE
    _printf_widthprec                        0x00000000   Number         0  stubs.o ABSOLUTE
    _printf_x                                0x00000000   Number         0  stubs.o ABSOLUTE
    __cpp_initialize__aeabi_                  - Undefined Weak Reference
    __cxa_finalize                            - Undefined Weak Reference
    _clock_init                               - Undefined Weak Reference
    _microlib_exit                            - Undefined Weak Reference
    __Vectors_Size                           0x00000130   Number         0  startup_stm32f10x_hd.o ABSOLUTE
    __Vectors                                0x08000000   Data           4  startup_stm32f10x_hd.o(RESET)
    __Vectors_End                            0x08000130   Data           0  startup_stm32f10x_hd.o(RESET)
    __main                                   0x08000131   Thumb Code     0  entry.o(.ARM.Collect$$$$00000000)
    _main_stk                                0x08000131   Thumb Code     0  entry2.o(.ARM.Collect$$$$00000001)
    _main_scatterload                        0x08000135   Thumb Code     0  entry5.o(.ARM.Collect$$$$00000004)
    __main_after_scatterload                 0x08000139   Thumb Code     0  entry5.o(.ARM.Collect$$$$00000004)
    _main_clock                              0x08000139   Thumb Code     0  entry7b.o(.ARM.Collect$$$$00000008)
    _main_cpp_init                           0x08000139   Thumb Code     0  entry8b.o(.ARM.Collect$$$$0000000A)
    _main_init                               0x08000139   Thumb Code     0  entry9a.o(.ARM.Collect$$$$0000000B)
    __rt_final_cpp                           0x08000141   Thumb Code     0  entry10a.o(.ARM.Collect$$$$0000000D)
    __rt_final_exit                          0x08000141   Thumb Code     0  entry11a.o(.ARM.Collect$$$$0000000F)
    Reset_Handler                            0x08000145   Thumb Code     8  startup_stm32f10x_hd.o(.text)
    ADC1_2_IRQHandler                        0x0800015f   Thumb Code     0  startup_stm32f10x_hd.o(.text)
    ADC3_IRQHandler                          0x0800015f   Thumb Code     0  startup_stm32f10x_hd.o(.text)
    CAN1_RX1_IRQHandler                      0x0800015f   Thumb Code     0  startup_stm32f10x_hd.o(.text)
    CAN1_SCE_IRQHandler                      0x0800015f   Thumb Code     0  startup_stm32f10x_hd.o(.text)
    DMA1_Channel1_IRQHandler                 0x0800015f   Thumb Code     0  startup_stm32f10x_hd.o(.text)
    DMA1_Channel2_IRQHandler                 0x0800015f   Thumb Code     0  startup_stm32f10x_hd.o(.text)
    DMA1_Channel3_IRQHandler                 0x0800015f   Thumb Code     0  startup_stm32f10x_hd.o(.text)
    DMA1_Channel4_IRQHandler                 0x0800015f   Thumb Code     0  startup_stm32f10x_hd.o(.text)
    DMA1_Channel5_IRQHandler                 0x0800015f   Thumb Code     0  startup_stm32f10x_hd.o(.text)
    DMA1_Channel6_IRQHandler                 0x0800015f   Thumb Code     0  startup_stm32f10x_hd.o(.text)
    DMA1_Channel7_IRQHandler                 0x0800015f   Thumb Code     0  startup_stm32f10x_hd.o(.text)
    DMA2_Channel1_IRQHandler                 0x0800015f   Thumb Code     0  startup_stm32f10x_hd.o(.text)
    DMA2_Channel2_IRQHandler                 0x0800015f   Thumb Code     0  startup_stm32f10x_hd.o(.text)
    DMA2_Channel3_IRQHandler                 0x0800015f   Thumb Code     0  startup_stm32f10x_hd.o(.text)
    DMA2_Channel4_5_IRQHandler               0x0800015f   Thumb Code     0  startup_stm32f10x_hd.o(.text)
    EXTI0_IRQHandler                         0x0800015f   Thumb Code     0  startup_stm32f10x_hd.o(.text)
    EXTI15_10_IRQHandler                     0x0800015f   Thumb Code     0  startup_stm32f10x_hd.o(.text)
    EXTI1_IRQHandler                         0x0800015f   Thumb Code     0  startup_stm32f10x_hd.o(.text)
    EXTI2_IRQHandler                         0x0800015f   Thumb Code     0  startup_stm32f10x_hd.o(.text)
    EXTI3_IRQHandler                         0x0800015f   Thumb Code     0  startup_stm32f10x_hd.o(.text)
    EXTI4_IRQHandler                         0x0800015f   Thumb Code     0  startup_stm32f10x_hd.o(.text)
    FLASH_IRQHandler                         0x0800015f   Thumb Code     0  startup_stm32f10x_hd.o(.text)
    FSMC_IRQHandler                          0x0800015f   Thumb Code     0  startup_stm32f10x_hd.o(.text)
    I2C1_ER_IRQHandler                       0x0800015f   Thumb Code     0  startup_stm32f10x_hd.o(.text)
    I2C1_EV_IRQHandler                       0x0800015f   Thumb Code     0  startup_stm32f10x_hd.o(.text)
    I2C2_ER_IRQHandler                       0x0800015f   Thumb Code     0  startup_stm32f10x_hd.o(.text)
    I2C2_EV_IRQHandler                       0x0800015f   Thumb Code     0  startup_stm32f10x_hd.o(.text)
    PVD_IRQHandler                           0x0800015f   Thumb Code     0  startup_stm32f10x_hd.o(.text)
    RCC_IRQHandler                           0x0800015f   Thumb Code     0  startup_stm32f10x_hd.o(.text)
    RTCAlarm_IRQHandler                      0x0800015f   Thumb Code     0  startup_stm32f10x_hd.o(.text)
    RTC_IRQHandler                           0x0800015f   Thumb Code     0  startup_stm32f10x_hd.o(.text)
    SDIO_IRQHandler                          0x0800015f   Thumb Code     0  startup_stm32f10x_hd.o(.text)
    SPI1_IRQHandler                          0x0800015f   Thumb Code     0  startup_stm32f10x_hd.o(.text)
    SPI2_IRQHandler                          0x0800015f   Thumb Code     0  startup_stm32f10x_hd.o(.text)
    SPI3_IRQHandler                          0x0800015f   Thumb Code     0  startup_stm32f10x_hd.o(.text)
    TAMPER_IRQHandler                        0x0800015f   Thumb Code     0  startup_stm32f10x_hd.o(.text)
    TIM1_BRK_IRQHandler                      0x0800015f   Thumb Code     0  startup_stm32f10x_hd.o(.text)
    TIM1_CC_IRQHandler                       0x0800015f   Thumb Code     0  startup_stm32f10x_hd.o(.text)
    TIM1_TRG_COM_IRQHandler                  0x0800015f   Thumb Code     0  startup_stm32f10x_hd.o(.text)
    TIM1_UP_IRQHandler                       0x0800015f   Thumb Code     0  startup_stm32f10x_hd.o(.text)
    TIM2_IRQHandler                          0x0800015f   Thumb Code     0  startup_stm32f10x_hd.o(.text)
    TIM3_IRQHandler                          0x0800015f   Thumb Code     0  startup_stm32f10x_hd.o(.text)
    TIM5_IRQHandler                          0x0800015f   Thumb Code     0  startup_stm32f10x_hd.o(.text)
    TIM6_IRQHandler                          0x0800015f   Thumb Code     0  startup_stm32f10x_hd.o(.text)
    TIM7_IRQHandler                          0x0800015f   Thumb Code     0  startup_stm32f10x_hd.o(.text)
    TIM8_BRK_IRQHandler                      0x0800015f   Thumb Code     0  startup_stm32f10x_hd.o(.text)
    TIM8_CC_IRQHandler                       0x0800015f   Thumb Code     0  startup_stm32f10x_hd.o(.text)
    TIM8_TRG_COM_IRQHandler                  0x0800015f   Thumb Code     0  startup_stm32f10x_hd.o(.text)
    TIM8_UP_IRQHandler                       0x0800015f   Thumb Code     0  startup_stm32f10x_hd.o(.text)
    UART4_IRQHandler                         0x0800015f   Thumb Code     0  startup_stm32f10x_hd.o(.text)
    UART5_IRQHandler                         0x0800015f   Thumb Code     0  startup_stm32f10x_hd.o(.text)
    USART3_IRQHandler                        0x0800015f   Thumb Code     0  startup_stm32f10x_hd.o(.text)
    USBWakeUp_IRQHandler                     0x0800015f   Thumb Code     0  startup_stm32f10x_hd.o(.text)
    USB_HP_CAN1_TX_IRQHandler                0x0800015f   Thumb Code     0  startup_stm32f10x_hd.o(.text)
    USB_LP_CAN1_RX0_IRQHandler               0x0800015f   Thumb Code     0  startup_stm32f10x_hd.o(.text)
    WWDG_IRQHandler                          0x0800015f   Thumb Code     0  startup_stm32f10x_hd.o(.text)
    __aeabi_memset                           0x08000169   Thumb Code    14  memseta.o(.text)
    __aeabi_memset4                          0x08000169   Thumb Code     0  memseta.o(.text)
    __aeabi_memset8                          0x08000169   Thumb Code     0  memseta.o(.text)
    __aeabi_memclr                           0x08000177   Thumb Code     4  memseta.o(.text)
    __aeabi_memclr4                          0x08000177   Thumb Code     0  memseta.o(.text)
    __aeabi_memclr8                          0x08000177   Thumb Code     0  memseta.o(.text)
    _memset$wrapper                          0x0800017b   Thumb Code    18  memseta.o(.text)
    strstr                                   0x0800018d   Thumb Code    36  strstr.o(.text)
    __aeabi_fadd                             0x080001b1   Thumb Code   164  fadd.o(.text)
    __aeabi_fsub                             0x08000255   Thumb Code     6  fadd.o(.text)
    __aeabi_frsub                            0x0800025b   Thumb Code     6  fadd.o(.text)
    __aeabi_fmul                             0x08000261   Thumb Code   100  fmul.o(.text)
    __aeabi_fdiv                             0x080002c5   Thumb Code   124  fdiv.o(.text)
    __aeabi_i2f                              0x08000341   Thumb Code    18  fflti.o(.text)
    __aeabi_ui2f                             0x08000353   Thumb Code    10  ffltui.o(.text)
    __aeabi_cfcmpeq                          0x0800035d   Thumb Code     0  cfcmple.o(.text)
    __aeabi_cfcmple                          0x0800035d   Thumb Code    20  cfcmple.o(.text)
    __aeabi_cfrcmple                         0x08000371   Thumb Code    20  cfrcmple.o(.text)
    __aeabi_uldivmod                         0x08000385   Thumb Code    98  uldiv.o(.text)
    __I$use$fp                               0x080003e7   Thumb Code     0  iusefp.o(.text)
    _float_round                             0x080003e7   Thumb Code    18  fepilogue.o(.text)
    _float_epilogue                          0x080003f9   Thumb Code    92  fepilogue.o(.text)
    __scatterload                            0x08000455   Thumb Code    28  init.o(.text)
    __scatterload_rt2                        0x08000455   Thumb Code     0  init.o(.text)
    __aeabi_llsl                             0x08000479   Thumb Code    30  llshl.o(.text)
    _ll_shift_l                              0x08000479   Thumb Code     0  llshl.o(.text)
    __aeabi_llsr                             0x08000497   Thumb Code    32  llushr.o(.text)
    _ll_ushift_r                             0x08000497   Thumb Code     0  llushr.o(.text)
    __decompress                             0x080004b7   Thumb Code     0  __dclz77c.o(.text)
    __decompress2                            0x080004b7   Thumb Code    94  __dclz77c.o(.text)
    BusFault_Handler                         0x08000515   Thumb Code     4  stm32f10x_it.o(i.BusFault_Handler)
    CameraDiscern                            0x08000519   Thumb Code   418  discern.o(i.CameraDiscern)
    CameraScan                               0x080006c9   Thumb Code     8  discern.o(i.CameraScan)
    ChangePoint_Analysis_320                 0x080006d1   Thumb Code   362  algo.o(i.ChangePoint_Analysis_320)
    ChangePoint_Analysis_Blue                0x08000855   Thumb Code   238  algo.o(i.ChangePoint_Analysis_Blue)
    ChangePoint_Show_320                     0x08000979   Thumb Code    76  algo.o(i.ChangePoint_Show_320)
    CharacterRecognition                     0x080009cd   Thumb Code  1668  algo.o(i.CharacterRecognition)
    DebugMon_Handler                         0x080010f1   Thumb Code     2  stm32f10x_it.o(i.DebugMon_Handler)
    EN25QXX_Erase_Sector                     0x080010f5   Thumb Code    70  flash.o(i.EN25QXX_Erase_Sector)
    EN25QXX_Init                             0x0800114d   Thumb Code   154  flash.o(i.EN25QXX_Init)
    EN25QXX_Read                             0x080011fd   Thumb Code    74  flash.o(i.EN25QXX_Read)
    EN25QXX_ReadID                           0x0800124d   Thumb Code    64  flash.o(i.EN25QXX_ReadID)
    EN25QXX_ReadSR                           0x08001295   Thumb Code    36  flash.o(i.EN25QXX_ReadSR)
    EN25QXX_Wait_Busy                        0x080012c1   Thumb Code    18  flash.o(i.EN25QXX_Wait_Busy)
    EN25QXX_Write                            0x080012d5   Thumb Code   180  flash.o(i.EN25QXX_Write)
    EN25QXX_Write_Enable                     0x0800138d   Thumb Code    24  flash.o(i.EN25QXX_Write_Enable)
    EN25QXX_Write_NoCheck                    0x080013ad   Thumb Code    70  flash.o(i.EN25QXX_Write_NoCheck)
    EN25QXX_Write_Page                       0x080013f5   Thumb Code    80  flash.o(i.EN25QXX_Write_Page)
    ESP8266_AT_Test                          0x08001449   Thumb Code    56  esp8266_drive.o(i.ESP8266_AT_Test)
    ESP8266_ConnectToServer                  0x0800148d   Thumb Code   102  esp8266_public.o(i.ESP8266_ConnectToServer)
    ESP8266_Enable_MultipleId                0x0800156d   Thumb Code    42  esp8266_drive.o(i.ESP8266_Enable_MultipleId)
    ESP8266_Init                             0x080015ad   Thumb Code    78  esp8266_drive.o(i.ESP8266_Init)
    ESP8266_JoinAP                           0x08001605   Thumb Code    38  esp8266_drive.o(i.ESP8266_JoinAP)
    ESP8266_Net_Mode_Choose                  0x08001645   Thumb Code    68  esp8266_drive.o(i.ESP8266_Net_Mode_Choose)
    ESP8266_Rst                              0x080016bd   Thumb Code    28  esp8266_drive.o(i.ESP8266_Rst)
    ESP8266_STA_LinkAP                       0x080016dd   Thumb Code    54  esp8266_public.o(i.ESP8266_STA_LinkAP)
    ESP8266_SendString                       0x08001751   Thumb Code   102  esp8266_drive.o(i.ESP8266_SendString)
    ESP8266_Send_AT_Cmd                      0x080017f1   Thumb Code   164  esp8266_drive.o(i.ESP8266_Send_AT_Cmd)
    EXTI7_Init                               0x080018a9   Thumb Code    76  exti.o(i.EXTI7_Init)
    EXTI9_5_IRQHandler                       0x080018f5   Thumb Code    50  exti.o(i.EXTI9_5_IRQHandler)
    EXTI_ClearITPendingBit                   0x08001939   Thumb Code     6  stm32f10x_exti.o(i.EXTI_ClearITPendingBit)
    EXTI_GetITStatus                         0x08001945   Thumb Code    34  stm32f10x_exti.o(i.EXTI_GetITStatus)
    EXTI_Init                                0x0800196d   Thumb Code   142  stm32f10x_exti.o(i.EXTI_Init)
    FATFS_Init                               0x08001a01   Thumb Code   114  fatfs_app.o(i.FATFS_Init)
    FSMC_NORSRAMCmd                          0x08001a85   Thumb Code    46  stm32f10x_fsmc.o(i.FSMC_NORSRAMCmd)
    FSMC_NORSRAMInit                         0x08001ab9   Thumb Code   230  stm32f10x_fsmc.o(i.FSMC_NORSRAMInit)
    GPIO_EXTILineConfig                      0x08001ba1   Thumb Code    60  stm32f10x_gpio.o(i.GPIO_EXTILineConfig)
    GPIO_Init                                0x08001be1   Thumb Code   278  stm32f10x_gpio.o(i.GPIO_Init)
    GPIO_ResetBits                           0x08001cf7   Thumb Code     4  stm32f10x_gpio.o(i.GPIO_ResetBits)
    GPIO_SetBits                             0x08001cfb   Thumb Code     4  stm32f10x_gpio.o(i.GPIO_SetBits)
    HardFault_Handler                        0x08001cff   Thumb Code     4  stm32f10x_it.o(i.HardFault_Handler)
    KEY_Init                                 0x08001d05   Thumb Code    64  key.o(i.KEY_Init)
    KEY_Scan                                 0x08001d4d   Thumb Code   142  key.o(i.KEY_Scan)
    LCD_Clear                                0x08001de9   Thumb Code    68  tftlcd.o(i.LCD_Clear)
    LCD_Display_Dir                          0x08001e31   Thumb Code    96  tftlcd.o(i.LCD_Display_Dir)
    LCD_DrawFRONT_COLOR                      0x08001e95   Thumb Code    28  tftlcd.o(i.LCD_DrawFRONT_COLOR)
    LCD_DrawPoint                            0x08001eb1   Thumb Code    28  tftlcd.o(i.LCD_DrawPoint)
    LCD_Fill                                 0x08001ed1   Thumb Code    92  tftlcd.o(i.LCD_Fill)
    LCD_Pow                                  0x08001f2d   Thumb Code    22  tftlcd.o(i.LCD_Pow)
    LCD_ReadData                             0x08001f45   Thumb Code     6  tftlcd.o(i.LCD_ReadData)
    LCD_ReadPoint                            0x08001f51   Thumb Code    78  tftlcd.o(i.LCD_ReadPoint)
    LCD_Set_Window                           0x08001fa5   Thumb Code   192  tftlcd.o(i.LCD_Set_Window)
    LCD_ShowChar                             0x08002069   Thumb Code   252  tftlcd.o(i.LCD_ShowChar)
    LCD_ShowNum                              0x08002179   Thumb Code   148  tftlcd.o(i.LCD_ShowNum)
    LCD_ShowString                           0x0800220d   Thumb Code   102  tftlcd.o(i.LCD_ShowString)
    LCD_WriteCmd                             0x08002275   Thumb Code     6  tftlcd.o(i.LCD_WriteCmd)
    LCD_WriteData                            0x08002281   Thumb Code     6  tftlcd.o(i.LCD_WriteData)
    LCD_WriteData_Color                      0x0800228d   Thumb Code     6  tftlcd.o(i.LCD_WriteData_Color)
    LED_Init                                 0x08002299   Thumb Code    46  led.o(i.LED_Init)
    MemManage_Handler                        0x080022cd   Thumb Code     4  stm32f10x_it.o(i.MemManage_Handler)
    NMI_Handler                              0x08002401   Thumb Code     2  stm32f10x_it.o(i.NMI_Handler)
    NVIC_Init                                0x08002405   Thumb Code   100  misc.o(i.NVIC_Init)
    NVIC_PriorityGroupConfig                 0x08002475   Thumb Code    10  misc.o(i.NVIC_PriorityGroupConfig)
    Normalized                               0x08002489   Thumb Code   880  algo.o(i.Normalized)
    OV7670_Brightness                        0x08002805   Thumb Code    50  ov7670.o(i.OV7670_Brightness)
    OV7670_Color_Saturation                  0x08002837   Thumb Code   122  ov7670.o(i.OV7670_Color_Saturation)
    OV7670_Contrast                          0x080028b1   Thumb Code    50  ov7670.o(i.OV7670_Contrast)
    OV7670_Init                              0x080028e5   Thumb Code   232  ov7670.o(i.OV7670_Init)
    OV7670_Light_Mode                        0x080029e5   Thumb Code    92  ov7670.o(i.OV7670_Light_Mode)
    OV7670_Special_Effects                   0x08002a41   Thumb Code   106  ov7670.o(i.OV7670_Special_Effects)
    OV7670_Window_Set                        0x08002aab   Thumb Code   138  ov7670.o(i.OV7670_Window_Set)
    PendSV_Handler                           0x08002b35   Thumb Code     2  stm32f10x_it.o(i.PendSV_Handler)
    Picture_String                           0x08002b39   Thumb Code   148  algo.o(i.Picture_String)
    PostToWeb                                0x08002bd1   Thumb Code   196  esp8266_public.o(i.PostToWeb)
    RCC_AHBPeriphClockCmd                    0x08002cdd   Thumb Code    26  stm32f10x_rcc.o(i.RCC_AHBPeriphClockCmd)
    RCC_APB1PeriphClockCmd                   0x08002cfd   Thumb Code    26  stm32f10x_rcc.o(i.RCC_APB1PeriphClockCmd)
    RCC_APB2PeriphClockCmd                   0x08002d1d   Thumb Code    26  stm32f10x_rcc.o(i.RCC_APB2PeriphClockCmd)
    RCC_GetClocksFreq                        0x08002d3d   Thumb Code   192  stm32f10x_rcc.o(i.RCC_GetClocksFreq)
    SCCB_Init                                0x08002fd5   Thumb Code    76  sccb.o(i.SCCB_Init)
    SCCB_No_Ack                              0x08003025   Thumb Code    56  sccb.o(i.SCCB_No_Ack)
    SCCB_RD_Byte                             0x08003065   Thumb Code    68  sccb.o(i.SCCB_RD_Byte)
    SCCB_RD_Reg                              0x080030b1   Thumb Code    78  sccb.o(i.SCCB_RD_Reg)
    SCCB_SDA_IN                              0x08003101   Thumb Code    24  sccb.o(i.SCCB_SDA_IN)
    SCCB_SDA_OUT                             0x0800311d   Thumb Code    30  sccb.o(i.SCCB_SDA_OUT)
    SCCB_Start                               0x08003141   Thumb Code    42  sccb.o(i.SCCB_Start)
    SCCB_Stop                                0x08003175   Thumb Code    42  sccb.o(i.SCCB_Stop)
    SCCB_WR_Byte                             0x080031a9   Thumb Code   122  sccb.o(i.SCCB_WR_Byte)
    SCCB_WR_Reg                              0x0800322d   Thumb Code    62  sccb.o(i.SCCB_WR_Reg)
    SD_DisSelect                             0x0800326d   Thumb Code    16  sd.o(i.SD_DisSelect)
    SD_GetCSD                                0x08003281   Thumb Code    42  sd.o(i.SD_GetCSD)
    SD_GetResponse                           0x080032ab   Thumb Code    38  sd.o(i.SD_GetResponse)
    SD_GetSectorCount                        0x080032d1   Thumb Code   118  sd.o(i.SD_GetSectorCount)
    SD_Init                                  0x08003349   Thumb Code   386  sd.o(i.SD_Init)
    SD_ReadDisk                              0x080034d1   Thumb Code   112  sd.o(i.SD_ReadDisk)
    SD_RecvData                              0x08003545   Thumb Code    56  sd.o(i.SD_RecvData)
    SD_SPI_Init                              0x0800357d   Thumb Code   114  sd.o(i.SD_SPI_Init)
    SD_SPI_ReadWriteByte                     0x08003601   Thumb Code    12  sd.o(i.SD_SPI_ReadWriteByte)
    SD_SPI_SpeedHigh                         0x0800360d   Thumb Code    10  sd.o(i.SD_SPI_SpeedHigh)
    SD_SPI_SpeedLow                          0x08003617   Thumb Code    10  sd.o(i.SD_SPI_SpeedLow)
    SD_Select                                0x08003621   Thumb Code    26  sd.o(i.SD_Select)
    SD_SendBlock                             0x08003641   Thumb Code    82  sd.o(i.SD_SendBlock)
    SD_SendCmd                               0x08003693   Thumb Code   120  sd.o(i.SD_SendCmd)
    SD_WaitReady                             0x0800370b   Thumb Code    34  sd.o(i.SD_WaitReady)
    SD_WriteDisk                             0x0800372d   Thumb Code   140  sd.o(i.SD_WriteDisk)
    SPI2_Init                                0x080037bd   Thumb Code   130  spi.o(i.SPI2_Init)
    SPI2_ReadWriteByte                       0x08003849   Thumb Code    50  spi.o(i.SPI2_ReadWriteByte)
    SPI2_SetSpeed                            0x08003881   Thumb Code    36  spi.o(i.SPI2_SetSpeed)
    SPI_Cmd                                  0x080038a9   Thumb Code    24  stm32f10x_spi.o(i.SPI_Cmd)
    SPI_I2S_GetFlagStatus                    0x080038c1   Thumb Code    18  stm32f10x_spi.o(i.SPI_I2S_GetFlagStatus)
    SPI_I2S_ReceiveData                      0x080038d3   Thumb Code     6  stm32f10x_spi.o(i.SPI_I2S_ReceiveData)
    SPI_I2S_SendData                         0x080038d9   Thumb Code     4  stm32f10x_spi.o(i.SPI_I2S_SendData)
    SPI_Init                                 0x080038dd   Thumb Code    60  stm32f10x_spi.o(i.SPI_Init)
    SVC_Handler                              0x08003919   Thumb Code     2  stm32f10x_it.o(i.SVC_Handler)
    SegmentationChar                         0x0800391d   Thumb Code   206  algo.o(i.SegmentationChar)
    SysTick_CLKSourceConfig                  0x08003af5   Thumb Code    40  misc.o(i.SysTick_CLKSourceConfig)
    SysTick_Handler                          0x08003b1d   Thumb Code     2  stm32f10x_it.o(i.SysTick_Handler)
    SysTick_Init                             0x08003b21   Thumb Code    52  systick.o(i.SysTick_Init)
    SystemInit                               0x08003b5d   Thumb Code    78  system_stm32f10x.o(i.SystemInit)
    TFTLCD_FSMC_Init                         0x08003bbd   Thumb Code   126  tftlcd.o(i.TFTLCD_FSMC_Init)
    TFTLCD_GPIO_Init                         0x08003c3d   Thumb Code    98  tftlcd.o(i.TFTLCD_GPIO_Init)
    TFTLCD_Init                              0x08003cad   Thumb Code   738  tftlcd.o(i.TFTLCD_Init)
    TIM4_IRQHandler                          0x08003fa5   Thumb Code    54  time.o(i.TIM4_IRQHandler)
    TIM4_Init                                0x08003ff9   Thumb Code    98  time.o(i.TIM4_Init)
    TIM_ClearITPendingBit                    0x08004061   Thumb Code     6  stm32f10x_tim.o(i.TIM_ClearITPendingBit)
    TIM_Cmd                                  0x08004067   Thumb Code    24  stm32f10x_tim.o(i.TIM_Cmd)
    TIM_GetITStatus                          0x0800407f   Thumb Code    34  stm32f10x_tim.o(i.TIM_GetITStatus)
    TIM_ITConfig                             0x080040a1   Thumb Code    18  stm32f10x_tim.o(i.TIM_ITConfig)
    TIM_TimeBaseInit                         0x080040b5   Thumb Code   122  stm32f10x_tim.o(i.TIM_TimeBaseInit)
    USART1_IRQHandler                        0x08004159   Thumb Code    54  usart.o(i.USART1_IRQHandler)
    USART1_Init                              0x08004195   Thumb Code   174  usart.o(i.USART1_Init)
    USART2_IRQHandler                        0x0800424d   Thumb Code   134  esp8266_drive.o(i.USART2_IRQHandler)
    USART2_Init                              0x080042ed   Thumb Code   154  esp8266_drive.o(i.USART2_Init)
    USART_ClearFlag                          0x08004391   Thumb Code    18  stm32f10x_usart.o(i.USART_ClearFlag)
    USART_Cmd                                0x080043a3   Thumb Code    24  stm32f10x_usart.o(i.USART_Cmd)
    USART_GetFlagStatus                      0x080043bb   Thumb Code    26  stm32f10x_usart.o(i.USART_GetFlagStatus)
    USART_GetITStatus                        0x080043d5   Thumb Code    84  stm32f10x_usart.o(i.USART_GetITStatus)
    USART_ITConfig                           0x08004429   Thumb Code    74  stm32f10x_usart.o(i.USART_ITConfig)
    USART_Init                               0x08004475   Thumb Code   210  stm32f10x_usart.o(i.USART_Init)
    USART_ReceiveData                        0x0800454d   Thumb Code    10  stm32f10x_usart.o(i.USART_ReceiveData)
    USART_SendData                           0x08004557   Thumb Code     8  stm32f10x_usart.o(i.USART_SendData)
    USART_printf                             0x0800455f   Thumb Code   262  esp8266_public.o(i.USART_printf)
    UsageFault_Handler                       0x08004665   Thumb Code     4  stm32f10x_it.o(i.UsageFault_Handler)
    WordShow                                 0x08004669   Thumb Code   258  algo.o(i.WordShow)
    __0printf$8                              0x08004789   Thumb Code    22  printf8.o(i.__0printf$8)
    __1printf$8                              0x08004789   Thumb Code     0  printf8.o(i.__0printf$8)
    __2printf                                0x08004789   Thumb Code     0  printf8.o(i.__0printf$8)
    __0sprintf$8                             0x080047a9   Thumb Code    34  printf8.o(i.__0sprintf$8)
    __1sprintf$8                             0x080047a9   Thumb Code     0  printf8.o(i.__0sprintf$8)
    __2sprintf                               0x080047a9   Thumb Code     0  printf8.o(i.__0sprintf$8)
    __scatterload_copy                       0x080047d1   Thumb Code    14  handlers.o(i.__scatterload_copy)
    __scatterload_null                       0x080047df   Thumb Code     2  handlers.o(i.__scatterload_null)
    __scatterload_zeroinit                   0x080047e1   Thumb Code    14  handlers.o(i.__scatterload_zeroinit)
    bmp_encode                               0x08004c5d   Thumb Code   500  bmp.o(i.bmp_encode)
    camera_new_pathname                      0x08004e6d   Thumb Code    54  bmp.o(i.camera_new_pathname)
    camera_refresh                           0x08004ebd   Thumb Code   308  discern.o(i.camera_refresh)
    clust2sect                               0x0800510b   Thumb Code    26  ff.o(i.clust2sect)
    delay_ms                                 0x0800550d   Thumb Code    72  systick.o(i.delay_ms)
    delay_us                                 0x08005559   Thumb Code    72  systick.o(i.delay_us)
    disk_initialize                          0x080059c1   Thumb Code    56  diskio.o(i.disk_initialize)
    disk_ioctl                               0x080059fd   Thumb Code   144  diskio.o(i.disk_ioctl)
    disk_read                                0x08005a91   Thumb Code   124  diskio.o(i.disk_read)
    disk_status                              0x08005b0d   Thumb Code    30  diskio.o(i.disk_status)
    disk_write                               0x08005b2b   Thumb Code   120  diskio.o(i.disk_write)
    f_close                                  0x08005ba3   Thumb Code    32  ff.o(i.f_close)
    f_mkdir                                  0x08005bc3   Thumb Code   380  ff.o(i.f_mkdir)
    f_mount                                  0x08005d41   Thumb Code    86  ff.o(i.f_mount)
    f_open                                   0x08005d9d   Thumb Code   406  ff.o(i.f_open)
    f_read                                   0x08005f33   Thumb Code   432  ff.o(i.f_read)
    f_sync                                   0x080060e3   Thumb Code   176  ff.o(i.f_sync)
    f_write                                  0x08006193   Thumb Code   490  ff.o(i.f_write)
    ff_convert                               0x0800637d   Thumb Code   116  cc936.o(i.ff_convert)
    ff_memalloc                              0x080063f9   Thumb Code    14  diskio.o(i.ff_memalloc)
    ff_memfree                               0x08006407   Thumb Code    14  diskio.o(i.ff_memfree)
    ff_wtoupper                              0x08006415   Thumb Code    84  cc936.o(i.ff_wtoupper)
    fputc                                    0x08006915   Thumb Code    32  usart.o(i.fputc)
    get_fat                                  0x08006a05   Thumb Code   242  ff.o(i.get_fat)
    get_fattime                              0x08006af7   Thumb Code     4  diskio.o(i.get_fattime)
    main                                     0x08006bc9   Thumb Code   742  main.o(i.main)
    my_mem_free                              0x08006ffd   Thumb Code    96  malloc.o(i.my_mem_free)
    my_mem_init                              0x08007069   Thumb Code    54  malloc.o(i.my_mem_init)
    my_mem_malloc                            0x080070ad   Thumb Code   156  malloc.o(i.my_mem_malloc)
    my_mem_perused                           0x08007155   Thumb Code    54  malloc.o(i.my_mem_perused)
    my_mem_set                               0x08007195   Thumb Code    20  malloc.o(i.my_mem_set)
    myfree                                   0x080071a9   Thumb Code    30  malloc.o(i.myfree)
    mymalloc                                 0x080071cd   Thumb Code    34  malloc.o(i.mymalloc)
    pic_memalloc                             0x080071f5   Thumb Code    14  piclib.o(i.pic_memalloc)
    pic_memfree                              0x08007203   Thumb Code    14  piclib.o(i.pic_memfree)
    put_fat                                  0x08007211   Thumb Code   322  ff.o(i.put_fat)
    ascii_1608                               0x0800753a   Data        1520  tftlcd.o(.constdata)
    ascii_2412                               0x08007b2a   Data        3420  tftlcd.o(.constdata)
    CnChar32x29                              0x08008886   Data         472  tftlcd.o(.constdata)
    ov7670_init_reg_tbl                      0x08008a5e   Data         336  ov7670.o(.constdata)
    memtblsize                               0x08033ca8   Data           8  malloc.o(.constdata)
    memblksize                               0x08033cb0   Data           8  malloc.o(.constdata)
    memsize                                  0x08033cb8   Data           8  malloc.o(.constdata)
    Region$$Table$$Base                      0x08033da8   Number         0  anon$$obj.o(Region$$Table)
    Region$$Table$$Limit                     0x08033dc8   Number         0  anon$$obj.o(Region$$Table)
    FRONT_COLOR                              0x20000014   Data           2  tftlcd.o(.data)
    BACK_COLOR                               0x20000016   Data           2  tftlcd.o(.data)
    tftlcd_data                              0x20000018   Data           8  tftlcd.o(.data)
    ov_sta                                   0x20000021   Data           1  exti.o(.data)
    ov_frame                                 0x20000022   Data           1  time.o(.data)
    SD_Type                                  0x20000023   Data           1  sd.o(.data)
    EN25QXX_TYPE                             0x20000024   Data           2  flash.o(.data)
    TcpClosedFlag                            0x20000026   Data           1  esp8266_public.o(.data)
    FLASH_SECTOR_COUNT                       0x2000002c   Data           2  diskio.o(.data)
    file                                     0x20000030   Data           4  fatfs_app.o(.data)
    ftemp                                    0x20000034   Data           4  fatfs_app.o(.data)
    br                                       0x20000038   Data           4  fatfs_app.o(.data)
    bw                                       0x2000003c   Data           4  fatfs_app.o(.data)
    fatbuf                                   0x20000040   Data           4  fatfs_app.o(.data)
    malloc_cortol                            0x20000044   Data          28  malloc.o(.data)
    cur_status                               0x20000060   Data           1  value.o(.data)
    LED_flag                                 0x20000061   Data           1  value.o(.data)
    AA                                       0x20000062   Data           2  value.o(.data)
    BB                                       0x20000064   Data           2  value.o(.data)
    color                                    0x20000066   Data           2  value.o(.data)
    color_save                               0x20000068   Data           2  value.o(.data)
    R                                        0x2000006a   Data           1  value.o(.data)
    G                                        0x2000006b   Data           1  value.o(.data)
    B                                        0x2000006c   Data           1  value.o(.data)
    Max_ChangePoint_240                      0x2000006d   Data           1  value.o(.data)
    Min_ChangePoint_240                      0x2000006e   Data           1  value.o(.data)
    Max_bChangePoint                         0x2000006f   Data           1  value.o(.data)
    Min_bChangePoint                         0x20000070   Data           1  value.o(.data)
    a_Continue                               0x20000071   Data           1  value.o(.data)
    b_Continue                               0x20000072   Data           1  value.o(.data)
    flag_aMax                                0x20000073   Data           1  value.o(.data)
    Max_aChangePoint_reset                   0x20000074   Data           1  value.o(.data)
    Min_aChangePoint_reset                   0x20000075   Data           1  value.o(.data)
    Length_card                              0x20000076   Data           2  value.o(.data)
    Width_card                               0x20000078   Data           2  value.o(.data)
    Max_aChangePoint_reset_1                 0x2000007a   Data           1  value.o(.data)
    Min_aChangePoint_reset_1                 0x2000007b   Data           1  value.o(.data)
    flag_MaxMinCompare                       0x2000007c   Data           1  value.o(.data)
    V                                        0x20000080   Data           4  value.o(.data)
    S                                        0x20000084   Data           4  value.o(.data)
    H                                        0x20000088   Data           4  value.o(.data)
    Min_blue                                 0x2000008c   Data           2  value.o(.data)
    Max_blue                                 0x2000008e   Data           2  value.o(.data)
    k1                                       0x20000090   Data           2  value.o(.data)
    kk1                                      0x20000092   Data           2  value.o(.data)
    k2                                       0x20000094   Data           2  value.o(.data)
    kk2                                      0x20000096   Data           2  value.o(.data)
    k3                                       0x20000098   Data           2  value.o(.data)
    kk3                                      0x2000009a   Data           2  value.o(.data)
    k4                                       0x2000009c   Data           2  value.o(.data)
    kk4                                      0x2000009e   Data           2  value.o(.data)
    k5                                       0x200000a0   Data           2  value.o(.data)
    kk5                                      0x200000a2   Data           2  value.o(.data)
    k6                                       0x200000a4   Data           2  value.o(.data)
    kk6                                      0x200000a6   Data           2  value.o(.data)
    k7                                       0x200000a8   Data           2  value.o(.data)
    kk7                                      0x200000aa   Data           2  value.o(.data)
    k8                                       0x200000ac   Data           2  value.o(.data)
    kk8                                      0x200000ae   Data           2  value.o(.data)
    character_boundary_right_1               0x200000b0   Data           2  value.o(.data)
    character_boundary_left_1                0x200000b2   Data           2  value.o(.data)
    character_boundary_right_2               0x200000b4   Data           2  value.o(.data)
    character_boundary_left_2                0x200000b6   Data           2  value.o(.data)
    character_boundary_right_3               0x200000b8   Data           2  value.o(.data)
    character_boundary_left_3                0x200000ba   Data           2  value.o(.data)
    character_boundary_right_4               0x200000bc   Data           2  value.o(.data)
    character_boundary_left_4                0x200000be   Data           2  value.o(.data)
    character_boundary_right_5               0x200000c0   Data           2  value.o(.data)
    character_boundary_left_5                0x200000c2   Data           2  value.o(.data)
    character_boundary_right_6               0x200000c4   Data           2  value.o(.data)
    character_boundary_left_6                0x200000c6   Data           2  value.o(.data)
    character_boundary_right_7               0x200000c8   Data           2  value.o(.data)
    character_boundary_left_7                0x200000ca   Data           2  value.o(.data)
    character_boundary_right_8               0x200000cc   Data           2  value.o(.data)
    character_boundary_left_8                0x200000ce   Data           2  value.o(.data)
    Red_Vlaue                                0x200000d0   Data           1  value.o(.data)
    Green_Value                              0x200000d1   Data           1  value.o(.data)
    Blue_Value                               0x200000d2   Data           1  value.o(.data)
    table_char                               0x200000d3   Data          36  value.o(.data)
    table_char_char                          0x200000f7   Data          36  value.o(.data)
    table_cardMeasure                        0x2000011b   Data           7  value.o(.data)
    talble_0                                 0x20000122   Data         150  string.o(.data)
    table_yu                                 0x200001b8   Data          32  string.o(.data)
    table_min                                0x200001d8   Data          32  string.o(.data)
    table_lu                                 0x200001f8   Data          32  string.o(.data)
    table_zhe                                0x20000218   Data          32  string.o(.data)
    table_shan                               0x20000238   Data          32  string.o(.data)
    table_cuan                               0x20000258   Data          32  string.o(.data)
    Table                                    0x20000278   Data        6300  string.o(.data)
    __stdout                                 0x20001b14   Data           4  stdout.o(.data)
    EN25QXX_BUFFER                           0x20001b18   Data        4096  flash.o(.bss)
    ESP8266_Fram_Record_Struct               0x20002b18   Data        1026  esp8266_drive.o(.bss)
    fs                                       0x20002f28   Data          12  fatfs_app.o(.bss)
    fileinfo                                 0x20002f34   Data          32  fatfs_app.o(.bss)
    dir                                      0x20002f54   Data          36  fatfs_app.o(.bss)
    mem1base                                 0x20003080   Data       40960  malloc.o(.bss)
    mem1mapbase                              0x2000d080   Data        2560  malloc.o(.bss)
    TableChangePoint_240                     0x2000da80   Data         240  value.o(.bss)
    TableChangePoint_320                     0x2000db70   Data         320  value.o(.bss)
    table_picture                            0x2000dcb0   Data         150  value.o(.bss)
    table_card                               0x2000dd46   Data          40  value.o(.bss)
    __initial_sp                             0x2000e170   Data           0  startup_stm32f10x_hd.o(STACK)
    mem2base                                 0x68000000   Data       983040  malloc.o(.ARM.__AT_0x68000000)
    mem2mapbase                              0x680f0000   Data       61440  malloc.o(.ARM.__AT_0x680F0000)



==============================================================================

Memory Map of the image

  Image Entry point : 0x08000131

  Load Region LR_IROM1 (Base: 0x08000000, Size: 0x000358e0, Max: 0x00080000, ABSOLUTE, COMPRESSED[0x00034954])

    Execution Region ER_IROM1 (Base: 0x08000000, Size: 0x00033dc8, Max: 0x00080000, ABSOLUTE)

    Base Addr    Size         Type   Attr      Idx    E Section Name        Object

    0x08000000   0x00000130   Data   RO          268    RESET               startup_stm32f10x_hd.o
    0x08000130   0x00000000   Code   RO         4746  * .ARM.Collect$$$$00000000  mc_w.l(entry.o)
    0x08000130   0x00000004   Code   RO         5034    .ARM.Collect$$$$00000001  mc_w.l(entry2.o)
    0x08000134   0x00000004   Code   RO         5037    .ARM.Collect$$$$00000004  mc_w.l(entry5.o)
    0x08000138   0x00000000   Code   RO         5039    .ARM.Collect$$$$00000008  mc_w.l(entry7b.o)
    0x08000138   0x00000000   Code   RO         5041    .ARM.Collect$$$$0000000A  mc_w.l(entry8b.o)
    0x08000138   0x00000008   Code   RO         5042    .ARM.Collect$$$$0000000B  mc_w.l(entry9a.o)
    0x08000140   0x00000000   Code   RO         5044    .ARM.Collect$$$$0000000D  mc_w.l(entry10a.o)
    0x08000140   0x00000000   Code   RO         5046    .ARM.Collect$$$$0000000F  mc_w.l(entry11a.o)
    0x08000140   0x00000004   Code   RO         5035    .ARM.Collect$$$$00002712  mc_w.l(entry2.o)
    0x08000144   0x00000024   Code   RO          269    .text               startup_stm32f10x_hd.o
    0x08000168   0x00000024   Code   RO         4749    .text               mc_w.l(memseta.o)
    0x0800018c   0x00000024   Code   RO         4751    .text               mc_w.l(strstr.o)
    0x080001b0   0x000000b0   Code   RO         5018    .text               mf_w.l(fadd.o)
    0x08000260   0x00000064   Code   RO         5020    .text               mf_w.l(fmul.o)
    0x080002c4   0x0000007c   Code   RO         5022    .text               mf_w.l(fdiv.o)
    0x08000340   0x00000012   Code   RO         5024    .text               mf_w.l(fflti.o)
    0x08000352   0x0000000a   Code   RO         5026    .text               mf_w.l(ffltui.o)
    0x0800035c   0x00000014   Code   RO         5030    .text               mf_w.l(cfcmple.o)
    0x08000370   0x00000014   Code   RO         5032    .text               mf_w.l(cfrcmple.o)
    0x08000384   0x00000062   Code   RO         5051    .text               mc_w.l(uldiv.o)
    0x080003e6   0x00000000   Code   RO         5053    .text               mc_w.l(iusefp.o)
    0x080003e6   0x0000006e   Code   RO         5054    .text               mf_w.l(fepilogue.o)
    0x08000454   0x00000024   Code   RO         5066    .text               mc_w.l(init.o)
    0x08000478   0x0000001e   Code   RO         5068    .text               mc_w.l(llshl.o)
    0x08000496   0x00000020   Code   RO         5070    .text               mc_w.l(llushr.o)
    0x080004b6   0x0000005e   Code   RO         5084    .text               mc_w.l(__dclz77c.o)
    0x08000514   0x00000004   Code   RO          181    i.BusFault_Handler  stm32f10x_it.o
    0x08000518   0x000001b0   Code   RO         4607    i.CameraDiscern     discern.o
    0x080006c8   0x00000008   Code   RO         4608    i.CameraScan        discern.o
    0x080006d0   0x00000184   Code   RO         4659    i.ChangePoint_Analysis_320  algo.o
    0x08000854   0x00000124   Code   RO         4660    i.ChangePoint_Analysis_Blue  algo.o
    0x08000978   0x00000054   Code   RO         4662    i.ChangePoint_Show_320  algo.o
    0x080009cc   0x00000724   Code   RO         4663    i.CharacterRecognition  algo.o
    0x080010f0   0x00000002   Code   RO          182    i.DebugMon_Handler  stm32f10x_it.o
    0x080010f2   0x00000002   PAD
    0x080010f4   0x00000058   Code   RO         3304    i.EN25QXX_Erase_Sector  flash.o
    0x0800114c   0x000000b0   Code   RO         3305    i.EN25QXX_Init      flash.o
    0x080011fc   0x00000050   Code   RO         3307    i.EN25QXX_Read      flash.o
    0x0800124c   0x00000048   Code   RO         3308    i.EN25QXX_ReadID    flash.o
    0x08001294   0x0000002c   Code   RO         3309    i.EN25QXX_ReadSR    flash.o
    0x080012c0   0x00000012   Code   RO         3311    i.EN25QXX_Wait_Busy  flash.o
    0x080012d2   0x00000002   PAD
    0x080012d4   0x000000b8   Code   RO         3312    i.EN25QXX_Write     flash.o
    0x0800138c   0x00000020   Code   RO         3314    i.EN25QXX_Write_Enable  flash.o
    0x080013ac   0x00000046   Code   RO         3315    i.EN25QXX_Write_NoCheck  flash.o
    0x080013f2   0x00000002   PAD
    0x080013f4   0x00000054   Code   RO         3316    i.EN25QXX_Write_Page  flash.o
    0x08001448   0x00000044   Code   RO         3406    i.ESP8266_AT_Test   esp8266_drive.o
    0x0800148c   0x000000e0   Code   RO         3515    i.ESP8266_ConnectToServer  esp8266_public.o
    0x0800156c   0x00000040   Code   RO         3407    i.ESP8266_Enable_MultipleId  esp8266_drive.o
    0x080015ac   0x00000058   Code   RO         3410    i.ESP8266_Init      esp8266_drive.o
    0x08001604   0x00000040   Code   RO         3411    i.ESP8266_JoinAP    esp8266_drive.o
    0x08001644   0x00000078   Code   RO         3413    i.ESP8266_Net_Mode_Choose  esp8266_drive.o
    0x080016bc   0x00000020   Code   RO         3415    i.ESP8266_Rst       esp8266_drive.o
    0x080016dc   0x00000074   Code   RO         3516    i.ESP8266_STA_LinkAP  esp8266_public.o
    0x08001750   0x000000a0   Code   RO         3416    i.ESP8266_SendString  esp8266_drive.o
    0x080017f0   0x000000b8   Code   RO         3417    i.ESP8266_Send_AT_Cmd  esp8266_drive.o
    0x080018a8   0x0000004c   Code   RO         3093    i.EXTI7_Init        exti.o
    0x080018f4   0x00000044   Code   RO         3094    i.EXTI9_5_IRQHandler  exti.o
    0x08001938   0x0000000c   Code   RO          625    i.EXTI_ClearITPendingBit  stm32f10x_exti.o
    0x08001944   0x00000028   Code   RO          629    i.EXTI_GetITStatus  stm32f10x_exti.o
    0x0800196c   0x00000094   Code   RO          630    i.EXTI_Init         stm32f10x_exti.o
    0x08001a00   0x00000084   Code   RO         4048    i.FATFS_Init        fatfs_app.o
    0x08001a84   0x00000034   Code   RO         2268    i.FSMC_NORSRAMCmd   stm32f10x_fsmc.o
    0x08001ab8   0x000000e6   Code   RO         2270    i.FSMC_NORSRAMInit  stm32f10x_fsmc.o
    0x08001b9e   0x00000002   PAD
    0x08001ba0   0x00000040   Code   RO          277    i.GPIO_EXTILineConfig  stm32f10x_gpio.o
    0x08001be0   0x00000116   Code   RO          280    i.GPIO_Init         stm32f10x_gpio.o
    0x08001cf6   0x00000004   Code   RO          287    i.GPIO_ResetBits    stm32f10x_gpio.o
    0x08001cfa   0x00000004   Code   RO          288    i.GPIO_SetBits      stm32f10x_gpio.o
    0x08001cfe   0x00000004   Code   RO          183    i.HardFault_Handler  stm32f10x_it.o
    0x08001d02   0x00000002   PAD
    0x08001d04   0x00000048   Code   RO         2945    i.KEY_Init          key.o
    0x08001d4c   0x0000009c   Code   RO         2946    i.KEY_Scan          key.o
    0x08001de8   0x00000048   Code   RO         2754    i.LCD_Clear         tftlcd.o
    0x08001e30   0x00000064   Code   RO         2755    i.LCD_Display_Dir   tftlcd.o
    0x08001e94   0x0000001c   Code   RO         2756    i.LCD_DrawFRONT_COLOR  tftlcd.o
    0x08001eb0   0x00000020   Code   RO         2759    i.LCD_DrawPoint     tftlcd.o
    0x08001ed0   0x0000005c   Code   RO         2763    i.LCD_Fill          tftlcd.o
    0x08001f2c   0x00000016   Code   RO         2764    i.LCD_Pow           tftlcd.o
    0x08001f42   0x00000002   PAD
    0x08001f44   0x0000000c   Code   RO         2766    i.LCD_ReadData      tftlcd.o
    0x08001f50   0x00000054   Code   RO         2767    i.LCD_ReadPoint     tftlcd.o
    0x08001fa4   0x000000c4   Code   RO         2768    i.LCD_Set_Window    tftlcd.o
    0x08002068   0x00000110   Code   RO         2769    i.LCD_ShowChar      tftlcd.o
    0x08002178   0x00000094   Code   RO         2771    i.LCD_ShowNum       tftlcd.o
    0x0800220c   0x00000066   Code   RO         2773    i.LCD_ShowString    tftlcd.o
    0x08002272   0x00000002   PAD
    0x08002274   0x0000000c   Code   RO         2775    i.LCD_WriteCmd      tftlcd.o
    0x08002280   0x0000000c   Code   RO         2777    i.LCD_WriteData     tftlcd.o
    0x0800228c   0x0000000c   Code   RO         2778    i.LCD_WriteData_Color  tftlcd.o
    0x08002298   0x00000034   Code   RO         2739    i.LED_Init          led.o
    0x080022cc   0x00000004   Code   RO          184    i.MemManage_Handler  stm32f10x_it.o
    0x080022d0   0x00000130   Code   RO         4665    i.MoShiShiBie_All   algo.o
    0x08002400   0x00000002   Code   RO          185    i.NMI_Handler       stm32f10x_it.o
    0x08002402   0x00000002   PAD
    0x08002404   0x00000070   Code   RO          588    i.NVIC_Init         misc.o
    0x08002474   0x00000014   Code   RO          589    i.NVIC_PriorityGroupConfig  misc.o
    0x08002488   0x0000037c   Code   RO         4666    i.Normalized        algo.o
    0x08002804   0x00000032   Code   RO         2967    i.OV7670_Brightness  ov7670.o
    0x08002836   0x0000007a   Code   RO         2968    i.OV7670_Color_Saturation  ov7670.o
    0x080028b0   0x00000032   Code   RO         2969    i.OV7670_Contrast   ov7670.o
    0x080028e2   0x00000002   PAD
    0x080028e4   0x00000100   Code   RO         2970    i.OV7670_Init       ov7670.o
    0x080029e4   0x0000005c   Code   RO         2971    i.OV7670_Light_Mode  ov7670.o
    0x08002a40   0x0000006a   Code   RO         2972    i.OV7670_Special_Effects  ov7670.o
    0x08002aaa   0x0000008a   Code   RO         2973    i.OV7670_Window_Set  ov7670.o
    0x08002b34   0x00000002   Code   RO          186    i.PendSV_Handler    stm32f10x_it.o
    0x08002b36   0x00000002   PAD
    0x08002b38   0x00000098   Code   RO         4667    i.Picture_String    algo.o
    0x08002bd0   0x0000010c   Code   RO         3517    i.PostToWeb         esp8266_public.o
    0x08002cdc   0x00000020   Code   RO          389    i.RCC_AHBPeriphClockCmd  stm32f10x_rcc.o
    0x08002cfc   0x00000020   Code   RO          390    i.RCC_APB1PeriphClockCmd  stm32f10x_rcc.o
    0x08002d1c   0x00000020   Code   RO          392    i.RCC_APB2PeriphClockCmd  stm32f10x_rcc.o
    0x08002d3c   0x000000d4   Code   RO          400    i.RCC_GetClocksFreq  stm32f10x_rcc.o
    0x08002e10   0x000001c4   Code   RO         4668    i.RGB_HSV           algo.o
    0x08002fd4   0x00000050   Code   RO         3027    i.SCCB_Init         sccb.o
    0x08003024   0x00000040   Code   RO         3028    i.SCCB_No_Ack       sccb.o
    0x08003064   0x0000004c   Code   RO         3029    i.SCCB_RD_Byte      sccb.o
    0x080030b0   0x0000004e   Code   RO         3030    i.SCCB_RD_Reg       sccb.o
    0x080030fe   0x00000002   PAD
    0x08003100   0x0000001c   Code   RO         3031    i.SCCB_SDA_IN       sccb.o
    0x0800311c   0x00000024   Code   RO         3032    i.SCCB_SDA_OUT      sccb.o
    0x08003140   0x00000034   Code   RO         3033    i.SCCB_Start        sccb.o
    0x08003174   0x00000034   Code   RO         3034    i.SCCB_Stop         sccb.o
    0x080031a8   0x00000084   Code   RO         3035    i.SCCB_WR_Byte      sccb.o
    0x0800322c   0x0000003e   Code   RO         3036    i.SCCB_WR_Reg       sccb.o
    0x0800326a   0x00000002   PAD
    0x0800326c   0x00000014   Code   RO         3141    i.SD_DisSelect      sd.o
    0x08003280   0x0000002a   Code   RO         3143    i.SD_GetCSD         sd.o
    0x080032aa   0x00000026   Code   RO         3144    i.SD_GetResponse    sd.o
    0x080032d0   0x00000076   Code   RO         3145    i.SD_GetSectorCount  sd.o
    0x08003346   0x00000002   PAD
    0x08003348   0x00000188   Code   RO         3146    i.SD_Init           sd.o
    0x080034d0   0x00000074   Code   RO         3147    i.SD_ReadDisk       sd.o
    0x08003544   0x00000038   Code   RO         3148    i.SD_RecvData       sd.o
    0x0800357c   0x00000084   Code   RO         3149    i.SD_SPI_Init       sd.o
    0x08003600   0x0000000c   Code   RO         3150    i.SD_SPI_ReadWriteByte  sd.o
    0x0800360c   0x0000000a   Code   RO         3151    i.SD_SPI_SpeedHigh  sd.o
    0x08003616   0x0000000a   Code   RO         3152    i.SD_SPI_SpeedLow   sd.o
    0x08003620   0x00000020   Code   RO         3153    i.SD_Select         sd.o
    0x08003640   0x00000052   Code   RO         3154    i.SD_SendBlock      sd.o
    0x08003692   0x00000078   Code   RO         3155    i.SD_SendCmd        sd.o
    0x0800370a   0x00000022   Code   RO         3156    i.SD_WaitReady      sd.o
    0x0800372c   0x00000090   Code   RO         3157    i.SD_WriteDisk      sd.o
    0x080037bc   0x0000008c   Code   RO         3261    i.SPI2_Init         spi.o
    0x08003848   0x00000038   Code   RO         3262    i.SPI2_ReadWriteByte  spi.o
    0x08003880   0x00000028   Code   RO         3263    i.SPI2_SetSpeed     spi.o
    0x080038a8   0x00000018   Code   RO         2382    i.SPI_Cmd           stm32f10x_spi.o
    0x080038c0   0x00000012   Code   RO         2390    i.SPI_I2S_GetFlagStatus  stm32f10x_spi.o
    0x080038d2   0x00000006   Code   RO         2393    i.SPI_I2S_ReceiveData  stm32f10x_spi.o
    0x080038d8   0x00000004   Code   RO         2394    i.SPI_I2S_SendData  stm32f10x_spi.o
    0x080038dc   0x0000003c   Code   RO         2395    i.SPI_Init          stm32f10x_spi.o
    0x08003918   0x00000002   Code   RO          187    i.SVC_Handler       stm32f10x_it.o
    0x0800391a   0x00000002   PAD
    0x0800391c   0x000000f0   Code   RO         4669    i.SegmentationChar  algo.o
    0x08003a0c   0x00000008   Code   RO         2695    i.SetSysClock       system_stm32f10x.o
    0x08003a14   0x000000e0   Code   RO         2696    i.SetSysClockTo72   system_stm32f10x.o
    0x08003af4   0x00000028   Code   RO          592    i.SysTick_CLKSourceConfig  misc.o
    0x08003b1c   0x00000002   Code   RO          188    i.SysTick_Handler   stm32f10x_it.o
    0x08003b1e   0x00000002   PAD
    0x08003b20   0x0000003c   Code   RO         3580    i.SysTick_Init      systick.o
    0x08003b5c   0x00000060   Code   RO         2698    i.SystemInit        system_stm32f10x.o
    0x08003bbc   0x0000007e   Code   RO         2779    i.TFTLCD_FSMC_Init  tftlcd.o
    0x08003c3a   0x00000002   PAD
    0x08003c3c   0x00000070   Code   RO         2780    i.TFTLCD_GPIO_Init  tftlcd.o
    0x08003cac   0x000002f8   Code   RO         2781    i.TFTLCD_Init       tftlcd.o
    0x08003fa4   0x00000054   Code   RO         3117    i.TIM4_IRQHandler   time.o
    0x08003ff8   0x00000068   Code   RO         3118    i.TIM4_Init         time.o
    0x08004060   0x00000006   Code   RO          689    i.TIM_ClearITPendingBit  stm32f10x_tim.o
    0x08004066   0x00000018   Code   RO          694    i.TIM_Cmd           stm32f10x_tim.o
    0x0800407e   0x00000022   Code   RO          715    i.TIM_GetITStatus   stm32f10x_tim.o
    0x080040a0   0x00000012   Code   RO          719    i.TIM_ITConfig      stm32f10x_tim.o
    0x080040b2   0x00000002   PAD
    0x080040b4   0x000000a4   Code   RO          765    i.TIM_TimeBaseInit  stm32f10x_tim.o
    0x08004158   0x0000003c   Code   RO         3609    i.USART1_IRQHandler  usart.o
    0x08004194   0x000000b8   Code   RO         3610    i.USART1_Init       usart.o
    0x0800424c   0x000000a0   Code   RO         3419    i.USART2_IRQHandler  esp8266_drive.o
    0x080042ec   0x000000a4   Code   RO         3420    i.USART2_Init       esp8266_drive.o
    0x08004390   0x00000012   Code   RO         1226    i.USART_ClearFlag   stm32f10x_usart.o
    0x080043a2   0x00000018   Code   RO         1230    i.USART_Cmd         stm32f10x_usart.o
    0x080043ba   0x0000001a   Code   RO         1233    i.USART_GetFlagStatus  stm32f10x_usart.o
    0x080043d4   0x00000054   Code   RO         1234    i.USART_GetITStatus  stm32f10x_usart.o
    0x08004428   0x0000004a   Code   RO         1236    i.USART_ITConfig    stm32f10x_usart.o
    0x08004472   0x00000002   PAD
    0x08004474   0x000000d8   Code   RO         1237    i.USART_Init        stm32f10x_usart.o
    0x0800454c   0x0000000a   Code   RO         1244    i.USART_ReceiveData  stm32f10x_usart.o
    0x08004556   0x00000008   Code   RO         1247    i.USART_SendData    stm32f10x_usart.o
    0x0800455e   0x00000106   Code   RO         3518    i.USART_printf      esp8266_public.o
    0x08004664   0x00000004   Code   RO          189    i.UsageFault_Handler  stm32f10x_it.o
    0x08004668   0x00000120   Code   RO         4671    i.WordShow          algo.o
    0x08004788   0x00000020   Code   RO         4964    i.__0printf$8       mc_w.l(printf8.o)
    0x080047a8   0x00000028   Code   RO         4966    i.__0sprintf$8      mc_w.l(printf8.o)
    0x080047d0   0x0000000e   Code   RO         5078    i.__scatterload_copy  mc_w.l(handlers.o)
    0x080047de   0x00000002   Code   RO         5079    i.__scatterload_null  mc_w.l(handlers.o)
    0x080047e0   0x0000000e   Code   RO         5080    i.__scatterload_zeroinit  mc_w.l(handlers.o)
    0x080047ee   0x00000002   PAD
    0x080047f0   0x00000410   Code   RO         4971    i._printf_core      mc_w.l(printf8.o)
    0x08004c00   0x00000024   Code   RO         4972    i._printf_post_padding  mc_w.l(printf8.o)
    0x08004c24   0x0000002e   Code   RO         4973    i._printf_pre_padding  mc_w.l(printf8.o)
    0x08004c52   0x0000000a   Code   RO         4975    i._sputc            mc_w.l(printf8.o)
    0x08004c5c   0x00000210   Code   RO         4128    i.bmp_encode        bmp.o
    0x08004e6c   0x00000050   Code   RO         4129    i.camera_new_pathname  bmp.o
    0x08004ebc   0x00000178   Code   RO         4609    i.camera_refresh    discern.o
    0x08005034   0x00000090   Code   RO         3703    i.check_fs          ff.o
    0x080050c4   0x00000014   Code   RO         3704    i.chk_chr           ff.o
    0x080050d8   0x00000032   Code   RO         3705    i.clmt_clust        ff.o
    0x0800510a   0x0000001a   Code   RO         3706    i.clust2sect        ff.o
    0x08005124   0x000000a0   Code   RO         3707    i.cmp_lfn           ff.o
    0x080051c4   0x000000d6   Code   RO         3708    i.create_chain      ff.o
    0x0800529a   0x00000002   PAD
    0x0800529c   0x00000270   Code   RO         3709    i.create_name       ff.o
    0x0800550c   0x0000004c   Code   RO         3581    i.delay_ms          systick.o
    0x08005558   0x0000004c   Code   RO         3582    i.delay_us          systick.o
    0x080055a4   0x0000005c   Code   RO         3710    i.dir_alloc         ff.o
    0x08005600   0x000000ea   Code   RO         3711    i.dir_find          ff.o
    0x080056ea   0x0000010e   Code   RO         3712    i.dir_next          ff.o
    0x080057f8   0x0000012a   Code   RO         3714    i.dir_register      ff.o
    0x08005922   0x0000009e   Code   RO         3716    i.dir_sdi           ff.o
    0x080059c0   0x0000003c   Code   RO         3636    i.disk_initialize   diskio.o
    0x080059fc   0x00000094   Code   RO         3637    i.disk_ioctl        diskio.o
    0x08005a90   0x0000007c   Code   RO         3638    i.disk_read         diskio.o
    0x08005b0c   0x0000001e   Code   RO         3639    i.disk_status       diskio.o
    0x08005b2a   0x00000078   Code   RO         3640    i.disk_write        diskio.o
    0x08005ba2   0x00000020   Code   RO         3718    i.f_close           ff.o
    0x08005bc2   0x0000017c   Code   RO         3724    i.f_mkdir           ff.o
    0x08005d3e   0x00000002   PAD
    0x08005d40   0x0000005c   Code   RO         3726    i.f_mount           ff.o
    0x08005d9c   0x00000196   Code   RO         3727    i.f_open            ff.o
    0x08005f32   0x000001b0   Code   RO         3732    i.f_read            ff.o
    0x080060e2   0x000000b0   Code   RO         3737    i.f_sync            ff.o
    0x08006192   0x000001ea   Code   RO         3741    i.f_write           ff.o
    0x0800637c   0x0000007c   Code   RO         4099    i.ff_convert        cc936.o
    0x080063f8   0x0000000e   Code   RO         3641    i.ff_memalloc       diskio.o
    0x08006406   0x0000000e   Code   RO         3642    i.ff_memfree        diskio.o
    0x08006414   0x0000005c   Code   RO         4100    i.ff_wtoupper       cc936.o
    0x08006470   0x00000394   Code   RO         3742    i.find_volume       ff.o
    0x08006804   0x00000080   Code   RO         3743    i.fit_lfn           ff.o
    0x08006884   0x00000090   Code   RO         3744    i.follow_path       ff.o
    0x08006914   0x00000024   Code   RO         3611    i.fputc             usart.o
    0x08006938   0x000000cc   Code   RO         3745    i.gen_numname       ff.o
    0x08006a04   0x000000f2   Code   RO         3746    i.get_fat           ff.o
    0x08006af6   0x00000004   Code   RO         3643    i.get_fattime       diskio.o
    0x08006afa   0x0000004a   Code   RO         3748    i.get_ldnumber      ff.o
    0x08006b44   0x00000062   Code   RO         3519    i.itoa              esp8266_public.o
    0x08006ba6   0x00000020   Code   RO         3749    i.ld_clust          ff.o
    0x08006bc6   0x00000002   PAD
    0x08006bc8   0x000003ac   Code   RO            1    i.main              main.o
    0x08006f74   0x00000026   Code   RO         3750    i.mem_cmp           ff.o
    0x08006f9a   0x0000001a   Code   RO         3751    i.mem_cpy           ff.o
    0x08006fb4   0x00000014   Code   RO         3752    i.mem_set           ff.o
    0x08006fc8   0x00000034   Code   RO         3753    i.move_window       ff.o
    0x08006ffc   0x0000006c   Code   RO         4474    i.my_mem_free       malloc.o
    0x08007068   0x00000044   Code   RO         4475    i.my_mem_init       malloc.o
    0x080070ac   0x000000a8   Code   RO         4476    i.my_mem_malloc     malloc.o
    0x08007154   0x00000040   Code   RO         4477    i.my_mem_perused    malloc.o
    0x08007194   0x00000014   Code   RO         4478    i.my_mem_set        malloc.o
    0x080071a8   0x00000024   Code   RO         4479    i.myfree            malloc.o
    0x080071cc   0x00000028   Code   RO         4480    i.mymalloc          malloc.o
    0x080071f4   0x0000000e   Code   RO         4291    i.pic_memalloc      piclib.o
    0x08007202   0x0000000e   Code   RO         4292    i.pic_memfree       piclib.o
    0x08007210   0x00000142   Code   RO         3755    i.put_fat           ff.o
    0x08007352   0x0000006c   Code   RO         3757    i.remove_chain      ff.o
    0x080073be   0x00000010   Code   RO         3758    i.st_clust          ff.o
    0x080073ce   0x00000020   Code   RO         3759    i.sum_sfn           ff.o
    0x080073ee   0x000000c8   Code   RO         3760    i.sync_fs           ff.o
    0x080074b6   0x00000052   Code   RO         3761    i.sync_window       ff.o
    0x08007508   0x00000032   Code   RO         3762    i.validate          ff.o
    0x0800753a   0x00001524   Data   RO         2782    .constdata          tftlcd.o
    0x08008a5e   0x00000150   Data   RO         2974    .constdata          ov7670.o
    0x08008bae   0x0000003a   Data   RO         3764    .constdata          ff.o
    0x08008be8   0x0002b0c0   Data   RO         4101    .constdata          cc936.o
    0x08033ca8   0x00000018   Data   RO         4485    .constdata          malloc.o
    0x08033cc0   0x000000e5   Data   RO         3520    .conststring        esp8266_public.o
    0x08033da5   0x00000003   PAD
    0x08033da8   0x00000020   Data   RO         5076    Region$$Table       anon$$obj.o


    Execution Region RW_IRAM1 (Base: 0x20000000, Size: 0x0000e170, Max: 0x00010000, ABSOLUTE, COMPRESSED[0x00000b8c])

    Base Addr    Size         Type   Attr      Idx    E Section Name        Object

    0x20000000   0x00000014   Data   RW          420    .data               stm32f10x_rcc.o
    0x20000014   0x0000000c   Data   RW         2783    .data               tftlcd.o
    0x20000020   0x00000001   Data   RW         2947    .data               key.o
    0x20000021   0x00000001   Data   RW         3095    .data               exti.o
    0x20000022   0x00000001   Data   RW         3119    .data               time.o
    0x20000023   0x00000001   Data   RW         3158    .data               sd.o
    0x20000024   0x00000002   Data   RW         3319    .data               flash.o
    0x20000026   0x00000001   Data   RW         3521    .data               esp8266_public.o
    0x20000027   0x00000001   PAD
    0x20000028   0x00000004   Data   RW         3583    .data               systick.o
    0x2000002c   0x00000002   Data   RW         3644    .data               diskio.o
    0x2000002e   0x00000002   Data   RW         3765    .data               ff.o
    0x20000030   0x00000014   Data   RW         4055    .data               fatfs_app.o
    0x20000044   0x0000001c   Data   RW         4486    .data               malloc.o
    0x20000060   0x000000c2   Data   RW         4595    .data               value.o
    0x20000122   0x000019f2   Data   RW         4646    .data               string.o
    0x20001b14   0x00000004   Data   RW         5048    .data               mc_w.l(stdout.o)
    0x20001b18   0x00001000   Zero   RW         3318    .bss                flash.o
    0x20002b18   0x00000402   Zero   RW         3421    .bss                esp8266_drive.o
    0x20002f1a   0x00000002   PAD
    0x20002f1c   0x0000000c   Zero   RW         3763    .bss                ff.o
    0x20002f28   0x00000150   Zero   RW         4052    .bss                fatfs_app.o
    0x20003078   0x00000008   PAD
    0x20003080   0x0000aa00   Zero   RW         4484    .bss                malloc.o
    0x2000da80   0x000002ee   Zero   RW         4594    .bss                value.o
    0x2000dd6e   0x00000002   PAD
    0x2000dd70   0x00000400   Zero   RW          266    STACK               startup_stm32f10x_hd.o



  Load Region LR$$.ARM.__AT_0x68000000 (Base: 0x68000000, Size: 0x00000000, Max: 0x000f0000, ABSOLUTE)

    Execution Region ER$$.ARM.__AT_0x68000000 (Base: 0x68000000, Size: 0x000f0000, Max: 0x000f0000, ABSOLUTE, UNINIT)

    Base Addr    Size         Type   Attr      Idx    E Section Name        Object

    0x68000000   0x000f0000   Zero   RW         4482    .ARM.__AT_0x68000000  malloc.o



  Load Region LR$$.ARM.__AT_0x680F0000 (Base: 0x680f0000, Size: 0x00000000, Max: 0x0000f000, ABSOLUTE)

    Execution Region ER$$.ARM.__AT_0x680F0000 (Base: 0x680f0000, Size: 0x0000f000, Max: 0x0000f000, ABSOLUTE, UNINIT)

    Base Addr    Size         Type   Attr      Idx    E Section Name        Object

    0x680f0000   0x0000f000   Zero   RW         4483    .ARM.__AT_0x680F0000  malloc.o


==============================================================================

Image component sizes


      Code (inc. data)   RO Data    RW Data    ZI Data      Debug   Object Name

      4920        510          0          0          0       9201   algo.o
       608         54          0          0          0       3351   bmp.o
       216         16     176320          0          0       2587   cc936.o
       816         82          0          0          0       1798   discern.o
       514          8          0          2          0       6908   diskio.o
      1104        240          0          0       1026       8488   esp8266_drive.o
       968        256        229          1          0       5186   esp8266_public.o
       144         18          0          1          0       1263   exti.o
       132         18          0         20        336       5591   fatfs_app.o
      6984         64         58          2         12      36497   ff.o
       848         78          0          2       4096       6629   flash.o
       228         22          0          1          0       1154   key.o
        52          6          0          0          0        487   led.o
       940        198          0          0          0     276291   main.o
       504         60         24         28    1088000       6054   malloc.o
       172         22          0          0          0       2281   misc.o
       814         32        336          0          0       5093   ov7670.o
        28          0          0          0          0       1021   piclib.o
       660         60          0          0          0       5346   sccb.o
      1358         42          0          1          0      10224   sd.o
       236         20          0          0          0       1653   spi.o
        36          8        304          0       1024        848   startup_stm32f10x_hd.o
       200         18          0          0          0       2316   stm32f10x_exti.o
       282          6          0          0          0       1985   stm32f10x_fsmc.o
       350          4          0          0          0       3906   stm32f10x_gpio.o
        26          0          0          0          0       3926   stm32f10x_it.o
       308         38          0         20          0       5306   stm32f10x_rcc.o
       112          0          0          0          0       4130   stm32f10x_spi.o
       246         42          0          0          0       3866   stm32f10x_tim.o
       460          6          0          0          0       7135   stm32f10x_usart.o
         0          0          0       6642          0        877   string.o
       328         28          0          0          0       1993   system_stm32f10x.o
       212         16          0          4          0       1745   systick.o
      2194        102       5412         12          0      13855   tftlcd.o
       188         36          0          1          0       1345   time.o
       280         20          0          0          0       1730   usart.o
         0          0          0        194        750       3672   value.o

    ----------------------------------------------------------------------
     27510       2130     182718       6932    1095256     455738   Object Totals
         0          0         32          0          0          0   (incl. Generated)
        42          0          3          1         12          0   (incl. Padding)

    ----------------------------------------------------------------------

      Code (inc. data)   RO Data    RW Data    ZI Data      Debug   Library Member Name

        94          0          0          0          0          0   __dclz77c.o
         0          0          0          0          0          0   entry.o
         0          0          0          0          0          0   entry10a.o
         0          0          0          0          0          0   entry11a.o
         8          4          0          0          0          0   entry2.o
         4          0          0          0          0          0   entry5.o
         0          0          0          0          0          0   entry7b.o
         0          0          0          0          0          0   entry8b.o
         8          4          0          0          0          0   entry9a.o
        30          0          0          0          0          0   handlers.o
        36          8          0          0          0         68   init.o
         0          0          0          0          0          0   iusefp.o
        30          0          0          0          0         68   llshl.o
        32          0          0          0          0         68   llushr.o
        36          0          0          0          0        108   memseta.o
      1204         60          0          0          0        504   printf8.o
         0          0          0          4          0          0   stdout.o
        36          0          0          0          0         80   strstr.o
        98          0          0          0          0         92   uldiv.o
        20          0          0          0          0         68   cfcmple.o
        20          0          0          0          0         68   cfrcmple.o
       176          0          0          0          0        140   fadd.o
       124          0          0          0          0         88   fdiv.o
       110          0          0          0          0        168   fepilogue.o
        18          0          0          0          0         68   fflti.o
        10          0          0          0          0         68   ffltui.o
       100          0          0          0          0         76   fmul.o

    ----------------------------------------------------------------------
      2196         76          0          4          0       1732   Library Totals
         2          0          0          0          0          0   (incl. Padding)

    ----------------------------------------------------------------------

      Code (inc. data)   RO Data    RW Data    ZI Data      Debug   Library Name

      1616         76          0          4          0        988   mc_w.l
       578          0          0          0          0        744   mf_w.l

    ----------------------------------------------------------------------
      2196         76          0          4          0       1732   Library Totals

    ----------------------------------------------------------------------

==============================================================================


      Code (inc. data)   RO Data    RW Data    ZI Data      Debug   

     29706       2206     182718       6936    1095256     446054   Grand Totals
     29706       2206     182718       2956    1095256     446054   ELF Image Totals (compressed)
     29706       2206     182718       2956          0          0   ROM Totals

==============================================================================

    Total RO  Size (Code + RO Data)               212424 ( 207.45kB)
    Total RW  Size (RW Data + ZI Data)           1102192 (1076.36kB)
    Total ROM Size (Code + RO Data + RW Data)     215380 ( 210.33kB)

==============================================================================

