Component: ARM Compiler 5.05 update 1 (build 106) Tool: armlink [4d0efa]

==============================================================================

Section Cross References

    main.o(i.camera_new_pathname) refers to printf8.o(i.__0sprintf$8) for __2sprintf
    main.o(i.camera_new_pathname) refers to ff.o(i.f_open) for f_open
    main.o(i.camera_new_pathname) refers to fatfs_app.o(.data) for ftemp
    main.o(i.camera_refresh) refers to tftlcd.o(i.LCD_Display_Dir) for LCD_Display_Dir
    main.o(i.camera_refresh) refers to tftlcd.o(i.LCD_Set_Window) for LCD_Set_Window
    main.o(i.camera_refresh) refers to stm32f10x_gpio.o(i.GPIO_ResetBits) for GPIO_ResetBits
    main.o(i.camera_refresh) refers to stm32f10x_gpio.o(i.GPIO_SetBits) for GPIO_SetBits
    main.o(i.camera_refresh) refers to tftlcd.o(i.LCD_WriteData_Color) for LCD_WriteData_Color
    main.o(i.camera_refresh) refers to exti.o(.data) for ov_sta
    main.o(i.camera_refresh) refers to tftlcd.o(.data) for tftlcd_data
    main.o(i.camera_refresh) refers to time.o(.data) for ov_frame
    main.o(i.main) refers to systick.o(i.SysTick_Init) for SysTick_Init
    main.o(i.main) refers to misc.o(i.NVIC_PriorityGroupConfig) for NVIC_PriorityGroupConfig
    main.o(i.main) refers to led.o(i.LED_Init) for LED_Init
    main.o(i.main) refers to usart.o(i.USART1_Init) for USART1_Init
    main.o(i.main) refers to tftlcd.o(i.TFTLCD_Init) for TFTLCD_Init
    main.o(i.main) refers to key.o(i.KEY_Init) for KEY_Init
    main.o(i.main) refers to flash.o(i.EN25QXX_Init) for EN25QXX_Init
    main.o(i.main) refers to malloc.o(i.my_mem_init) for my_mem_init
    main.o(i.main) refers to tftlcd.o(i.LCD_ShowString) for LCD_ShowString
    main.o(i.main) refers to systick.o(i.delay_ms) for delay_ms
    main.o(i.main) refers to tftlcd.o(i.LCD_Fill) for LCD_Fill
    main.o(i.main) refers to ov7670.o(i.OV7670_Init) for OV7670_Init
    main.o(i.main) refers to fatfs_app.o(i.FATFS_Init) for FATFS_Init
    main.o(i.main) refers to ff.o(i.f_mount) for f_mount
    main.o(i.main) refers to ff.o(i.f_mkdir) for f_mkdir
    main.o(i.main) refers to malloc.o(i.mymalloc) for mymalloc
    main.o(i.main) refers to ov7670.o(i.OV7670_Light_Mode) for OV7670_Light_Mode
    main.o(i.main) refers to ov7670.o(i.OV7670_Color_Saturation) for OV7670_Color_Saturation
    main.o(i.main) refers to ov7670.o(i.OV7670_Brightness) for OV7670_Brightness
    main.o(i.main) refers to ov7670.o(i.OV7670_Contrast) for OV7670_Contrast
    main.o(i.main) refers to ov7670.o(i.OV7670_Special_Effects) for OV7670_Special_Effects
    main.o(i.main) refers to time.o(i.TIM4_Init) for TIM4_Init
    main.o(i.main) refers to exti.o(i.EXTI7_Init) for EXTI7_Init
    main.o(i.main) refers to ov7670.o(i.OV7670_Window_Set) for OV7670_Window_Set
    main.o(i.main) refers to tftlcd.o(i.LCD_Clear) for LCD_Clear
    main.o(i.main) refers to key.o(i.KEY_Scan) for KEY_Scan
    main.o(i.main) refers to main.o(i.camera_new_pathname) for camera_new_pathname
    main.o(i.main) refers to bmp.o(i.bmp_encode) for bmp_encode
    main.o(i.main) refers to main.o(i.camera_refresh) for camera_refresh
    main.o(i.main) refers to tftlcd.o(.data) for tftlcd_data
    main.o(i.main) refers to fatfs_app.o(.bss) for fs
    startup_stm32f10x_hd.o(RESET) refers to startup_stm32f10x_hd.o(STACK) for __initial_sp
    startup_stm32f10x_hd.o(RESET) refers to startup_stm32f10x_hd.o(.text) for Reset_Handler
    startup_stm32f10x_hd.o(RESET) refers to stm32f10x_it.o(i.NMI_Handler) for NMI_Handler
    startup_stm32f10x_hd.o(RESET) refers to stm32f10x_it.o(i.HardFault_Handler) for HardFault_Handler
    startup_stm32f10x_hd.o(RESET) refers to stm32f10x_it.o(i.MemManage_Handler) for MemManage_Handler
    startup_stm32f10x_hd.o(RESET) refers to stm32f10x_it.o(i.BusFault_Handler) for BusFault_Handler
    startup_stm32f10x_hd.o(RESET) refers to stm32f10x_it.o(i.UsageFault_Handler) for UsageFault_Handler
    startup_stm32f10x_hd.o(RESET) refers to stm32f10x_it.o(i.SVC_Handler) for SVC_Handler
    startup_stm32f10x_hd.o(RESET) refers to stm32f10x_it.o(i.DebugMon_Handler) for DebugMon_Handler
    startup_stm32f10x_hd.o(RESET) refers to stm32f10x_it.o(i.PendSV_Handler) for PendSV_Handler
    startup_stm32f10x_hd.o(RESET) refers to stm32f10x_it.o(i.SysTick_Handler) for SysTick_Handler
    startup_stm32f10x_hd.o(RESET) refers to exti.o(i.EXTI9_5_IRQHandler) for EXTI9_5_IRQHandler
    startup_stm32f10x_hd.o(RESET) refers to time.o(i.TIM4_IRQHandler) for TIM4_IRQHandler
    startup_stm32f10x_hd.o(RESET) refers to usart.o(i.USART1_IRQHandler) for USART1_IRQHandler
    startup_stm32f10x_hd.o(.text) refers to system_stm32f10x.o(i.SystemInit) for SystemInit
    startup_stm32f10x_hd.o(.text) refers to entry.o(.ARM.Collect$$$$00000000) for __main
    stm32f10x_gpio.o(i.GPIO_AFIODeInit) refers to stm32f10x_rcc.o(i.RCC_APB2PeriphResetCmd) for RCC_APB2PeriphResetCmd
    stm32f10x_gpio.o(i.GPIO_DeInit) refers to stm32f10x_rcc.o(i.RCC_APB2PeriphResetCmd) for RCC_APB2PeriphResetCmd
[...]
    ../clib/microlib/printf/printf.c         0x00000000   Number         0  printf8.o ABSOLUTE
    ../clib/microlib/printf/printf.c         0x00000000   Number         0  printf0.o ABSOLUTE
    ../clib/microlib/printf/stubs.s          0x00000000   Number         0  stubs.o ABSOLUTE
    ../clib/microlib/stdio/streams.c         0x00000000   Number         0  stdout.o ABSOLUTE
    ../clib/microlib/string/strcmp.c         0x00000000   Number         0  strcmp.o ABSOLUTE
    ../clib/microlib/string/strcpy.c         0x00000000   Number         0  strcpy.o ABSOLUTE
    ../clib/microlib/stubs.s                 0x00000000   Number         0  iusefp.o ABSOLUTE
    ../fplib/microlib/fpadd.c                0x00000000   Number         0  dadd.o ABSOLUTE
    ../fplib/microlib/fpadd.c                0x00000000   Number         0  fadd.o ABSOLUTE
    ../fplib/microlib/fpdiv.c                0x00000000   Number         0  ddiv.o ABSOLUTE
    ../fplib/microlib/fpdiv.c                0x00000000   Number         0  fdiv.o ABSOLUTE
    ../fplib/microlib/fpepilogue.c           0x00000000   Number         0  depilogue.o ABSOLUTE
    ../fplib/microlib/fpepilogue.c           0x00000000   Number         0  fepilogue.o ABSOLUTE
    ../fplib/microlib/fpfix.c                0x00000000   Number         0  dfixul.o ABSOLUTE
    ../fplib/microlib/fpfix.c                0x00000000   Number         0  ffixui.o ABSOLUTE
    ../fplib/microlib/fpflt.c                0x00000000   Number         0  ffltui.o ABSOLUTE
    ../fplib/microlib/fpmul.c                0x00000000   Number         0  dmul.o ABSOLUTE
    ../fplib/microlib/fpmul.c                0x00000000   Number         0  fmul.o ABSOLUTE
    APP\exti\exti.c                          0x00000000   Number         0  exti.o ABSOLUTE
    APP\flash\flash.c                        0x00000000   Number         0  flash.o ABSOLUTE
    APP\key\key.c                            0x00000000   Number         0  key.o ABSOLUTE
    APP\led\led.c                            0x00000000   Number         0  led.o ABSOLUTE
    APP\ov7670\ov7670.c                      0x00000000   Number         0  ov7670.o ABSOLUTE
    APP\ov7670\sccb.c                        0x00000000   Number         0  sccb.o ABSOLUTE
    APP\sd\sd.c                              0x00000000   Number         0  sd.o ABSOLUTE
    APP\spi\spi.c                            0x00000000   Number         0  spi.o ABSOLUTE
    APP\tftlcd\tftlcd.c                      0x00000000   Number         0  tftlcd.o ABSOLUTE
    APP\time\time.c                          0x00000000   Number         0  time.o ABSOLUTE
    FATFS\FATFS_APP\fatfs_app.c              0x00000000   Number         0  fatfs_app.o ABSOLUTE
    FATFS\diskio.c                           0x00000000   Number         0  diskio.o ABSOLUTE
    FATFS\ff.c                               0x00000000   Number         0  ff.o ABSOLUTE
    FATFS\option\cc936.c                     0x00000000   Number         0  cc936.o ABSOLUTE
    Libraries\CMSIS\core_cm3.c               0x00000000   Number         0  core_cm3.o ABSOLUTE
    Libraries\CMSIS\startup_stm32f10x_hd.s   0x00000000   Number         0  startup_stm32f10x_hd.o ABSOLUTE
    Libraries\CMSIS\system_stm32f10x.c       0x00000000   Number         0  system_stm32f10x.o ABSOLUTE
    Libraries\STM32F10x_StdPeriph_Driver\src\misc.c 0x00000000   Number         0  misc.o ABSOLUTE
    Libraries\STM32F10x_StdPeriph_Driver\src\stm32f10x_adc.c 0x00000000   Number         0  stm32f10x_adc.o ABSOLUTE
    Libraries\STM32F10x_StdPeriph_Driver\src\stm32f10x_bkp.c 0x00000000   Number         0  stm32f10x_bkp.o ABSOLUTE
    Libraries\STM32F10x_StdPeriph_Driver\src\stm32f10x_can.c 0x00000000   Number         0  stm32f10x_can.o ABSOLUTE
    Libraries\STM32F10x_StdPeriph_Driver\src\stm32f10x_dac.c 0x00000000   Number         0  stm32f10x_dac.o ABSOLUTE
    Libraries\STM32F10x_StdPeriph_Driver\src\stm32f10x_dma.c 0x00000000   Number         0  stm32f10x_dma.o ABSOLUTE
    Libraries\STM32F10x_StdPeriph_Driver\src\stm32f10x_exti.c 0x00000000   Number         0  stm32f10x_exti.o ABSOLUTE
    Libraries\STM32F10x_StdPeriph_Driver\src\stm32f10x_flash.c 0x00000000   Number         0  stm32f10x_flash.o ABSOLUTE
    Libraries\STM32F10x_StdPeriph_Driver\src\stm32f10x_fsmc.c 0x00000000   Number         0  stm32f10x_fsmc.o ABSOLUTE
    Libraries\STM32F10x_StdPeriph_Driver\src\stm32f10x_gpio.c 0x00000000   Number         0  stm32f10x_gpio.o ABSOLUTE
    Libraries\STM32F10x_StdPeriph_Driver\src\stm32f10x_iwdg.c 0x00000000   Number         0  stm32f10x_iwdg.o ABSOLUTE
    Libraries\STM32F10x_StdPeriph_Driver\src\stm32f10x_pwr.c 0x00000000   Number         0  stm32f10x_pwr.o ABSOLUTE
    Libraries\STM32F10x_StdPeriph_Driver\src\stm32f10x_rcc.c 0x00000000   Number         0  stm32f10x_rcc.o ABSOLUTE
    Libraries\STM32F10x_StdPeriph_Driver\src\stm32f10x_rtc.c 0x00000000   Number         0  stm32f10x_rtc.o ABSOLUTE
    Libraries\STM32F10x_StdPeriph_Driver\src\stm32f10x_spi.c 0x00000000   Number         0  stm32f10x_spi.o ABSOLUTE
    Libraries\STM32F10x_StdPeriph_Driver\src\stm32f10x_tim.c 0x00000000   Number         0  stm32f10x_tim.o ABSOLUTE
    Libraries\STM32F10x_StdPeriph_Driver\src\stm32f10x_usart.c 0x00000000   Number         0  stm32f10x_usart.o ABSOLUTE
    Libraries\STM32F10x_StdPeriph_Driver\src\stm32f10x_wwdg.c 0x00000000   Number         0  stm32f10x_wwdg.o ABSOLUTE
    Libraries\\CMSIS\\core_cm3.c             0x00000000   Number         0  core_cm3.o ABSOLUTE
    Malloc\malloc.c                          0x00000000   Number         0  malloc.o ABSOLUTE
    PICTURE\bmp.c                            0x00000000   Number         0  bmp.o ABSOLUTE
    PICTURE\gif.c                            0x00000000   Number         0  gif.o ABSOLUTE
    PICTURE\piclib.c                         0x00000000   Number         0  piclib.o ABSOLUTE
    PICTURE\tjpgd.c                          0x00000000   Number         0  tjpgd.o ABSOLUTE
    Public\SysTick.c                         0x00000000   Number         0  systick.o ABSOLUTE
    Public\system.c                          0x00000000   Number         0  system.o ABSOLUTE
    Public\usart.c                           0x00000000   Number         0  usart.o ABSOLUTE
    User\main.c                              0x00000000   Number         0  main.o ABSOLUTE
    User\stm32f10x_it.c                      0x00000000   Number         0  stm32f10x_it.o ABSOLUTE
    cdrcmple.s                               0x00000000   Number         0  cdrcmple.o ABSOLUTE
    cfcmple.s                                0x00000000   Number         0  cfcmple.o ABSOLUTE
    cfrcmple.s                               0x00000000   Number         0  cfrcmple.o ABSOLUTE
    dc.s                                     0x00000000   Number         0  dc.o ABSOLUTE
    handlers.s                               0x00000000   Number         0  handlers.o ABSOLUTE
    init.s                                   0x00000000   Number         0  init.o ABSOLUTE
    RESET                                    0x08000000   Section      304  startup_stm32f10x_hd.o(RESET)
    .ARM.Collect$$$$00000000                 0x08000130   Section        0  entry.o(.ARM.Collect$$$$00000000)
    .ARM.Collect$$$$00000001                 0x08000130   Section        4  entry2.o(.ARM.Collect$$$$00000001)
    .ARM.Collect$$$$00000004                 0x08000134   Section        4  entry5.o(.ARM.Collect$$$$00000004)
    .ARM.Collect$$$$00000008                 0x08000138   Section        0  entry7b.o(.ARM.Collect$$$$00000008)
    .ARM.Collect$$$$0000000A                 0x08000138   Section        0  entry8b.o(.ARM.Collect$$$$0000000A)
    .ARM.Collect$$$$0000000B                 0x08000138   Section        8  entry9a.o(.ARM.Collect$$$$0000000B)
    .ARM.Collect$$$$0000000D                 0x08000140   Section        0  entry10a.o(.ARM.Collect$$$$0000000D)
    .ARM.Collect$$$$0000000F                 0x08000140   Section        0  entry11a.o(.ARM.Collect$$$$0000000F)
    .ARM.Collect$$$$00002712                 0x08000140   Section        4  entry2.o(.ARM.Collect$$$$00002712)
    __lit__00000000                          0x08000140   Data           4  entry2.o(.ARM.Collect$$$$00002712)
    .text                                    0x08000144   Section       36  startup_stm32f10x_hd.o(.text)
    .text                                    0x08000168   Section        0  uldiv.o(.text)
    .text                                    0x080001cc   Section       36  init.o(.text)
    .text                                    0x080001f0   Section        0  llshl.o(.text)
    .text                                    0x0800020e   Section        0  llushr.o(.text)
    i.BusFault_Handler                       0x0800022e   Section        0  stm32f10x_it.o(i.BusFault_Handler)
    i.DebugMon_Handler                       0x08000232   Section        0  stm32f10x_it.o(i.DebugMon_Handler)
    i.EN25QXX_Erase_Sector                   0x08000234   Section        0  flash.o(i.EN25QXX_Erase_Sector)
    i.EN25QXX_Init                           0x0800028c   Section        0  flash.o(i.EN25QXX_Init)
    i.EN25QXX_Read                           0x0800033c   Section        0  flash.o(i.EN25QXX_Read)
    i.EN25QXX_ReadID                         0x0800038c   Section        0  flash.o(i.EN25QXX_ReadID)
    i.EN25QXX_ReadSR                         0x080003d4   Section        0  flash.o(i.EN25QXX_ReadSR)
    i.EN25QXX_Wait_Busy                      0x08000400   Section        0  flash.o(i.EN25QXX_Wait_Busy)
    i.EN25QXX_Write                          0x08000414   Section        0  flash.o(i.EN25QXX_Write)
    i.EN25QXX_Write_Enable                   0x080004cc   Section        0  flash.o(i.EN25QXX_Write_Enable)
    i.EN25QXX_Write_NoCheck                  0x080004ec   Section        0  flash.o(i.EN25QXX_Write_NoCheck)
    i.EN25QXX_Write_Page                     0x08000534   Section        0  flash.o(i.EN25QXX_Write_Page)
    i.EXTI7_Init                             0x08000588   Section        0  exti.o(i.EXTI7_Init)
    i.EXTI9_5_IRQHandler                     0x080005d4   Section        0  exti.o(i.EXTI9_5_IRQHandler)
    i.EXTI_ClearITPendingBit                 0x08000618   Section        0  stm32f10x_exti.o(i.EXTI_ClearITPendingBit)
    i.EXTI_GetITStatus                       0x08000624   Section        0  stm32f10x_exti.o(i.EXTI_GetITStatus)
    i.EXTI_Init                              0x0800064c   Section        0  stm32f10x_exti.o(i.EXTI_Init)
    i.FATFS_Init                             0x080006e0   Section        0  fatfs_app.o(i.FATFS_Init)
    i.FSMC_NORSRAMCmd                        0x08000764   Section        0  stm32f10x_fsmc.o(i.FSMC_NORSRAMCmd)
    i.FSMC_NORSRAMInit                       0x08000798   Section        0  stm32f10x_fsmc.o(i.FSMC_NORSRAMInit)
    i.GPIO_EXTILineConfig                    0x08000880   Section        0  stm32f10x_gpio.o(i.GPIO_EXTILineConfig)
    i.GPIO_Init                              0x080008c0   Section        0  stm32f10x_gpio.o(i.GPIO_Init)
    i.GPIO_ResetBits                         0x080009d6   Section        0  stm32f10x_gpio.o(i.GPIO_ResetBits)
    i.GPIO_SetBits                           0x080009da   Section        0  stm32f10x_gpio.o(i.GPIO_SetBits)
    i.HardFault_Handler                      0x080009de   Section        0  stm32f10x_it.o(i.HardFault_Handler)
    i.KEY_Init                               0x080009e4   Section        0  key.o(i.KEY_Init)
    i.KEY_Scan                               0x08000a2c   Section        0  key.o(i.KEY_Scan)
    i.LCD_Clear                              0x08000ac8   Section        0  tftlcd.o(i.LCD_Clear)
    i.LCD_Display_Dir                        0x08000b10   Section        0  tftlcd.o(i.LCD_Display_Dir)
    i.LCD_DrawFRONT_COLOR                    0x08000b74   Section        0  tftlcd.o(i.LCD_DrawFRONT_COLOR)
    i.LCD_Fill                               0x08000b90   Section        0  tftlcd.o(i.LCD_Fill)
    i.LCD_ReadData                           0x08000bec   Section        0  tftlcd.o(i.LCD_ReadData)
    i.LCD_ReadPoint                          0x08000bf8   Section        0  tftlcd.o(i.LCD_ReadPoint)
    i.LCD_Set_Window                         0x08000c4c   Section        0  tftlcd.o(i.LCD_Set_Window)
    i.LCD_ShowChar                           0x08000d10   Section        0  tftlcd.o(i.LCD_ShowChar)
    i.LCD_ShowString                         0x08000e20   Section        0  tftlcd.o(i.LCD_ShowString)
    i.LCD_WriteCmd                           0x08000e88   Section        0  tftlcd.o(i.LCD_WriteCmd)
    i.LCD_WriteData                          0x08000e94   Section        0  tftlcd.o(i.LCD_WriteData)
    i.LCD_WriteData_Color                    0x08000ea0   Section        0  tftlcd.o(i.LCD_WriteData_Color)
    i.LED_Init                               0x08000eac   Section        0  led.o(i.LED_Init)
    i.MemManage_Handler                      0x08000ee0   Section        0  stm32f10x_it.o(i.MemManage_Handler)
    i.NMI_Handler                            0x08000ee4   Section        0  stm32f10x_it.o(i.NMI_Handler)
    i.NVIC_Init                              0x08000ee8   Section        0  misc.o(i.NVIC_Init)
    i.NVIC_PriorityGroupConfig               0x08000f58   Section        0  misc.o(i.NVIC_PriorityGroupConfig)
    i.OV7670_Brightness                      0x08000f6c   Section        0  ov7670.o(i.OV7670_Brightness)
    i.OV7670_Color_Saturation                0x08000f9e   Section        0  ov7670.o(i.OV7670_Color_Saturation)
    i.OV7670_Contrast                        0x08001018   Section        0  ov7670.o(i.OV7670_Contrast)
    i.OV7670_Init                            0x0800104c   Section        0  ov7670.o(i.OV7670_Init)
    i.OV7670_Light_Mode                      0x0800114c   Section        0  ov7670.o(i.OV7670_Light_Mode)
    i.OV7670_Special_Effects                 0x080011a8   Section        0  ov7670.o(i.OV7670_Special_Effects)
    i.OV7670_Window_Set                      0x08001212   Section        0  ov7670.o(i.OV7670_Window_Set)
    i.PendSV_Handler                         0x0800129c   Section        0  stm32f10x_it.o(i.PendSV_Handler)
    i.RCC_AHBPeriphClockCmd                  0x080012a0   Section        0  stm32f10x_rcc.o(i.RCC_AHBPeriphClockCmd)
    i.RCC_APB1PeriphClockCmd                 0x080012c0   Section        0  stm32f10x_rcc.o(i.RCC_APB1PeriphClockCmd)
    i.RCC_APB2PeriphClockCmd                 0x080012e0   Section        0  stm32f10x_rcc.o(i.RCC_APB2PeriphClockCmd)
    i.RCC_GetClocksFreq                      0x08001300   Section        0  stm32f10x_rcc.o(i.RCC_GetClocksFreq)
    i.SCCB_Init                              0x080013d4   Section        0  sccb.o(i.SCCB_Init)
    i.SCCB_No_Ack                            0x08001424   Section        0  sccb.o(i.SCCB_No_Ack)
    i.SCCB_RD_Byte                           0x08001464   Section        0  sccb.o(i.SCCB_RD_Byte)
    i.SCCB_RD_Reg                            0x080014b0   Section        0  sccb.o(i.SCCB_RD_Reg)
    i.SCCB_SDA_IN                            0x08001500   Section        0  sccb.o(i.SCCB_SDA_IN)
    i.SCCB_SDA_OUT                           0x0800151c   Section        0  sccb.o(i.SCCB_SDA_OUT)
    i.SCCB_Start                             0x08001540   Section        0  sccb.o(i.SCCB_Start)
    i.SCCB_Stop                              0x08001574   Section        0  sccb.o(i.SCCB_Stop)
    i.SCCB_WR_Byte                           0x080015a8   Section        0  sccb.o(i.SCCB_WR_Byte)
    i.SCCB_WR_Reg                            0x0800162c   Section        0  sccb.o(i.SCCB_WR_Reg)
    i.SD_DisSelect                           0x0800166c   Section        0  sd.o(i.SD_DisSelect)
    i.SD_GetCSD                              0x08001680   Section        0  sd.o(i.SD_GetCSD)
    i.SD_GetResponse                         0x080016aa   Section        0  sd.o(i.SD_GetResponse)
    i.SD_GetSectorCount                      0x080016d0   Section        0  sd.o(i.SD_GetSectorCount)
    i.SD_Init                                0x08001748   Section        0  sd.o(i.SD_Init)
    i.SD_ReadDisk                            0x080018d0   Section        0  sd.o(i.SD_ReadDisk)
    i.SD_RecvData                            0x08001944   Section        0  sd.o(i.SD_RecvData)
    i.SD_SPI_Init                            0x0800197c   Section        0  sd.o(i.SD_SPI_Init)
    i.SD_SPI_ReadWriteByte                   0x08001a00   Section        0  sd.o(i.SD_SPI_ReadWriteByte)
    i.SD_SPI_SpeedHigh                       0x08001a0c   Section        0  sd.o(i.SD_SPI_SpeedHigh)
    i.SD_SPI_SpeedLow                        0x08001a16   Section        0  sd.o(i.SD_SPI_SpeedLow)
    i.SD_Select                              0x08001a20   Section        0  sd.o(i.SD_Select)
    i.SD_SendBlock                           0x08001a40   Section        0  sd.o(i.SD_SendBlock)
    i.SD_SendCmd                             0x08001a92   Section        0  sd.o(i.SD_SendCmd)
    i.SD_WaitReady                           0x08001b0a   Section        0  sd.o(i.SD_WaitReady)
    i.SD_WriteDisk                           0x08001b2c   Section        0  sd.o(i.SD_WriteDisk)
    i.SPI2_Init                              0x08001bbc   Section        0  spi.o(i.SPI2_Init)
    i.SPI2_ReadWriteByte                     0x08001c48   Section        0  spi.o(i.SPI2_ReadWriteByte)
    i.SPI2_SetSpeed                          0x08001c80   Section        0  spi.o(i.SPI2_SetSpeed)
    i.SPI_Cmd                                0x08001ca8   Section        0  stm32f10x_spi.o(i.SPI_Cmd)
    i.SPI_I2S_GetFlagStatus                  0x08001cc0   Section        0  stm32f10x_spi.o(i.SPI_I2S_GetFlagStatus)
    i.SPI_I2S_ReceiveData                    0x08001cd2   Section        0  stm32f10x_spi.o(i.SPI_I2S_ReceiveData)
    i.SPI_I2S_SendData                       0x08001cd8   Section        0  stm32f10x_spi.o(i.SPI_I2S_SendData)
    i.SPI_Init                               0x08001cdc   Section        0  stm32f10x_spi.o(i.SPI_Init)
    i.SVC_Handler                            0x08001d18   Section        0  stm32f10x_it.o(i.SVC_Handler)
    i.SetSysClock                            0x08001d1a   Section        0  system_stm32f10x.o(i.SetSysClock)
    SetSysClock                              0x08001d1b   Thumb Code     8  system_stm32f10x.o(i.SetSysClock)
    i.SetSysClockTo72                        0x08001d24   Section        0  system_stm32f10x.o(i.SetSysClockTo72)
    SetSysClockTo72                          0x08001d25   Thumb Code   214  system_stm32f10x.o(i.SetSysClockTo72)
    i.SysTick_CLKSourceConfig                0x08001e04   Section        0  misc.o(i.SysTick_CLKSourceConfig)
    i.SysTick_Handler                        0x08001e2c   Section        0  stm32f10x_it.o(i.SysTick_Handler)
    i.SysTick_Init                           0x08001e30   Section        0  systick.o(i.SysTick_Init)
    i.SystemInit                             0x08001e6c   Section        0  system_stm32f10x.o(i.SystemInit)
    i.TFTLCD_FSMC_Init                       0x08001ecc   Section        0  tftlcd.o(i.TFTLCD_FSMC_Init)
    i.TFTLCD_GPIO_Init                       0x08001f4c   Section        0  tftlcd.o(i.TFTLCD_GPIO_Init)
    i.TFTLCD_Init                            0x08001fbc   Section        0  tftlcd.o(i.TFTLCD_Init)
    i.TIM4_IRQHandler                        0x080022b4   Section        0  time.o(i.TIM4_IRQHandler)
    i.TIM4_Init                              0x08002308   Section        0  time.o(i.TIM4_Init)
    i.TIM_ClearITPendingBit                  0x08002370   Section        0  stm32f10x_tim.o(i.TIM_ClearITPendingBit)
    i.TIM_Cmd                                0x08002376   Section        0  stm32f10x_tim.o(i.TIM_Cmd)
    i.TIM_GetITStatus                        0x0800238e   Section        0  stm32f10x_tim.o(i.TIM_GetITStatus)
    i.TIM_ITConfig                           0x080023b0   Section        0  stm32f10x_tim.o(i.TIM_ITConfig)
    i.TIM_TimeBaseInit                       0x080023c4   Section        0  stm32f10x_tim.o(i.TIM_TimeBaseInit)
    i.USART1_IRQHandler                      0x08002468   Section        0  usart.o(i.USART1_IRQHandler)
    i.USART1_Init                            0x080024a4   Section        0  usart.o(i.USART1_Init)
    i.USART_ClearFlag                        0x0800255c   Section        0  stm32f10x_usart.o(i.USART_ClearFlag)
    i.USART_Cmd                              0x0800256e   Section        0  stm32f10x_usart.o(i.USART_Cmd)
    i.USART_GetFlagStatus                    0x08002586   Section        0  stm32f10x_usart.o(i.USART_GetFlagStatus)
    i.USART_GetITStatus                      0x080025a0   Section        0  stm32f10x_usart.o(i.USART_GetITStatus)
    i.USART_ITConfig                         0x080025f4   Section        0  stm32f10x_usart.o(i.USART_ITConfig)
    i.USART_Init                             0x08002640   Section        0  stm32f10x_usart.o(i.USART_Init)
    i.USART_ReceiveData                      0x08002718   Section        0  stm32f10x_usart.o(i.USART_ReceiveData)
    i.USART_SendData                         0x08002722   Section        0  stm32f10x_usart.o(i.USART_SendData)
    i.UsageFault_Handler                     0x0800272a   Section        0  stm32f10x_it.o(i.UsageFault_Handler)
    i.__0printf$8                            0x08002730   Section        0  printf8.o(i.__0printf$8)
    i.__0sprintf$8                           0x08002750   Section        0  printf8.o(i.__0sprintf$8)
    i.__scatterload_copy                     0x08002778   Section       14  handlers.o(i.__scatterload_copy)
    i.__scatterload_null                     0x08002786   Section        2  handlers.o(i.__scatterload_null)
    i.__scatterload_zeroinit                 0x08002788   Section       14  handlers.o(i.__scatterload_zeroinit)
    i._printf_core                           0x08002798   Section        0  printf8.o(i._printf_core)
    _printf_core                             0x08002799   Thumb Code   996  printf8.o(i._printf_core)
    i._printf_post_padding                   0x08002ba8   Section        0  printf8.o(i._printf_post_padding)
    _printf_post_padding                     0x08002ba9   Thumb Code    36  printf8.o(i._printf_post_padding)
    i._printf_pre_padding                    0x08002bcc   Section        0  printf8.o(i._printf_pre_padding)
    _printf_pre_padding                      0x08002bcd   Thumb Code    46  printf8.o(i._printf_pre_padding)
    i._sputc                                 0x08002bfa   Section        0  printf8.o(i._sputc)
    _sputc                                   0x08002bfb   Thumb Code    10  printf8.o(i._sputc)
    i.bmp_encode                             0x08002c04   Section        0  bmp.o(i.bmp_encode)
    i.camera_new_pathname                    0x08002e14   Section        0  main.o(i.camera_new_pathname)
    i.camera_refresh                         0x08002e64   Section        0  main.o(i.camera_refresh)
    i.check_fs                               0x08002f3c   Section        0  ff.o(i.check_fs)
    check_fs                                 0x08002f3d   Thumb Code   140  ff.o(i.check_fs)
    i.chk_chr                                0x08002fcc   Section        0  ff.o(i.chk_chr)
    chk_chr                                  0x08002fcd   Thumb Code    20  ff.o(i.chk_chr)
    i.clmt_clust                             0x08002fe0   Section        0  ff.o(i.clmt_clust)
    clmt_clust                               0x08002fe1   Thumb Code    50  ff.o(i.clmt_clust)
    i.clust2sect                             0x08003012   Section        0  ff.o(i.clust2sect)
    i.cmp_lfn                                0x0800302c   Section        0  ff.o(i.cmp_lfn)
    cmp_lfn                                  0x0800302d   Thumb Code   154  ff.o(i.cmp_lfn)
    i.create_chain                           0x080030cc   Section        0  ff.o(i.create_chain)
    create_chain                             0x080030cd   Thumb Code   214  ff.o(i.create_chain)
    i.create_name                            0x080031a4   Section        0  ff.o(i.create_name)
    create_name                              0x080031a5   Thumb Code   604  ff.o(i.create_name)
    i.delay_ms                               0x08003414   Section        0  systick.o(i.delay_ms)
    i.delay_us                               0x08003460   Section        0  systick.o(i.delay_us)
    i.dir_alloc                              0x080034ac   Section        0  ff.o(i.dir_alloc)
    dir_alloc                                0x080034ad   Thumb Code    92  ff.o(i.dir_alloc)
    i.dir_find                               0x08003508   Section        0  ff.o(i.dir_find)
    dir_find                                 0x08003509   Thumb Code   234  ff.o(i.dir_find)
    i.dir_next                               0x080035f2   Section        0  ff.o(i.dir_next)
    dir_next                                 0x080035f3   Thumb Code   270  ff.o(i.dir_next)
    i.dir_register                           0x08003700   Section        0  ff.o(i.dir_register)
    dir_register                             0x08003701   Thumb Code   298  ff.o(i.dir_register)
    i.dir_sdi                                0x0800382a   Section        0  ff.o(i.dir_sdi)
    dir_sdi                                  0x0800382b   Thumb Code   158  ff.o(i.dir_sdi)
    i.disk_initialize                        0x080038c8   Section        0  diskio.o(i.disk_initialize)
    i.disk_ioctl                             0x08003904   Section        0  diskio.o(i.disk_ioctl)
    i.disk_read                              0x08003998   Section        0  diskio.o(i.disk_read)
    i.disk_status                            0x08003a14   Section        0  diskio.o(i.disk_status)
    i.disk_write                             0x08003a32   Section        0  diskio.o(i.disk_write)
    i.f_close                                0x08003aaa   Section        0  ff.o(i.f_close)
    i.f_mkdir                                0x08003aca   Section        0  ff.o(i.f_mkdir)
    i.f_mount                                0x08003c48   Section        0  ff.o(i.f_mount)
    i.f_open                                 0x08003ca4   Section        0  ff.o(i.f_open)
    i.f_sync                                 0x08003e3a   Section        0  ff.o(i.f_sync)
    i.f_write                                0x08003eea   Section        0  ff.o(i.f_write)
    i.ff_convert                             0x080040d4   Section        0  cc936.o(i.ff_convert)
    i.ff_memalloc                            0x08004150   Section        0  diskio.o(i.ff_memalloc)
    i.ff_memfree                             0x0800415e   Section        0  diskio.o(i.ff_memfree)
    i.ff_wtoupper                            0x0800416c   Section        0  cc936.o(i.ff_wtoupper)
    i.find_volume                            0x080041c8   Section        0  ff.o(i.find_volume)
    find_volume                              0x080041c9   Thumb Code   900  ff.o(i.find_volume)
    i.fit_lfn                                0x0800455c   Section        0  ff.o(i.fit_lfn)
    fit_lfn                                  0x0800455d   Thumb Code   122  ff.o(i.fit_lfn)
    i.follow_path                            0x080045dc   Section        0  ff.o(i.follow_path)
    follow_path                              0x080045dd   Thumb Code   144  ff.o(i.follow_path)
    i.fputc                                  0x0800466c   Section        0  usart.o(i.fputc)
    i.gen_numname                            0x08004690   Section        0  ff.o(i.gen_numname)
    gen_numname                              0x08004691   Thumb Code   198  ff.o(i.gen_numname)
    i.get_fat                                0x0800475c   Section        0  ff.o(i.get_fat)
    i.get_fattime                            0x0800484e   Section        0  diskio.o(i.get_fattime)
    i.get_ldnumber                           0x08004852   Section        0  ff.o(i.get_ldnumber)
    get_ldnumber                             0x08004853   Thumb Code    74  ff.o(i.get_ldnumber)
    i.ld_clust                               0x0800489c   Section        0  ff.o(i.ld_clust)
    ld_clust                                 0x0800489d   Thumb Code    32  ff.o(i.ld_clust)
    i.main                                   0x080048bc   Section        0  main.o(i.main)
    i.mem_cmp                                0x08004c24   Section        0  ff.o(i.mem_cmp)
    mem_cmp                                  0x08004c25   Thumb Code    38  ff.o(i.mem_cmp)
    i.mem_cpy                                0x08004c4a   Section        0  ff.o(i.mem_cpy)
    mem_cpy                                  0x08004c4b   Thumb Code    26  ff.o(i.mem_cpy)
    i.mem_set                                0x08004c64   Section        0  ff.o(i.mem_set)
    mem_set                                  0x08004c65   Thumb Code    20  ff.o(i.mem_set)
    i.move_window                            0x08004c78   Section        0  ff.o(i.move_window)
    move_window                              0x08004c79   Thumb Code    52  ff.o(i.move_window)
    i.my_mem_free                            0x08004cac   Section        0  malloc.o(i.my_mem_free)
    i.my_mem_init                            0x08004d18   Section        0  malloc.o(i.my_mem_init)
    i.my_mem_malloc                          0x08004d5c   Section        0  malloc.o(i.my_mem_malloc)
    i.my_mem_perused                         0x08004e04   Section        0  malloc.o(i.my_mem_perused)
    i.my_mem_set                             0x08004e44   Section        0  malloc.o(i.my_mem_set)
    i.myfree                                 0x08004e58   Section        0  malloc.o(i.myfree)
    i.mymalloc                               0x08004e7c   Section        0  malloc.o(i.mymalloc)
    i.pic_memalloc                           0x08004ea4   Section        0  piclib.o(i.pic_memalloc)
    i.pic_memfree                            0x08004eb2   Section        0  piclib.o(i.pic_memfree)
    i.put_fat                                0x08004ec0   Section        0  ff.o(i.put_fat)
    i.remove_chain                           0x08005002   Section        0  ff.o(i.remove_chain)
    remove_chain                             0x08005003   Thumb Code   108  ff.o(i.remove_chain)
    i.st_clust                               0x0800506e   Section        0  ff.o(i.st_clust)
    st_clust                                 0x0800506f   Thumb Code    16  ff.o(i.st_clust)
    i.sum_sfn                                0x0800507e   Section        0  ff.o(i.sum_sfn)
    sum_sfn                                  0x0800507f   Thumb Code    32  ff.o(i.sum_sfn)
    i.sync_fs                                0x0800509e   Section        0  ff.o(i.sync_fs)
    sync_fs                                  0x0800509f   Thumb Code   200  ff.o(i.sync_fs)
    i.sync_window                            0x08005166   Section        0  ff.o(i.sync_window)
    sync_window                              0x08005167   Thumb Code    82  ff.o(i.sync_window)
    i.validate                               0x080051b8   Section        0  ff.o(i.validate)
    validate                                 0x080051b9   Thumb Code    50  ff.o(i.validate)
    .constdata                               0x080051ea   Section     5412  tftlcd.o(.constdata)
    .constdata                               0x0800670e   Section      336  ov7670.o(.constdata)
    .constdata                               0x0800685e   Section       58  ff.o(.constdata)
    LfnOfs                                   0x0800685e   Data          13  ff.o(.constdata)
    vst                                      0x0800686c   Data          22  ff.o(.constdata)
    cst                                      0x08006882   Data          22  ff.o(.constdata)
    .constdata                               0x08006898   Section    176320  cc936.o(.constdata)
    uni2oem                                  0x08006898   Data       87172  cc936.o(.constdata)
    oem2uni                                  0x0801bd1c   Data       87172  cc936.o(.constdata)
    lower                                    0x080311a0   Data         988  cc936.o(.constdata)
    upper                                    0x0803157c   Data         988  cc936.o(.constdata)
    .constdata                               0x08031958   Section       24  malloc.o(.constdata)
    .data                                    0x20000000   Section       20  stm32f10x_rcc.o(.data)
    APBAHBPrescTable                         0x20000000   Data          16  stm32f10x_rcc.o(.data)
    ADCPrescTable                            0x20000010   Data           4  stm32f10x_rcc.o(.data)
    .data                                    0x20000014   Section       12  tftlcd.o(.data)
    .data                                    0x20000020   Section        1  key.o(.data)
    key                                      0x20000020   Data           1  key.o(.data)
    .data                                    0x20000021   Section        1  exti.o(.data)
    .data                                    0x20000022   Section        1  time.o(.data)
    .data                                    0x20000023   Section        1  sd.o(.data)
    .data                                    0x20000024   Section        2  flash.o(.data)
    .data                                    0x20000026   Section        4  systick.o(.data)
    fac_us                                   0x20000026   Data           1  systick.o(.data)
    fac_ms                                   0x20000028   Data           2  systick.o(.data)
    .data                                    0x2000002a   Section        2  diskio.o(.data)
    .data                                    0x2000002c   Section        2  ff.o(.data)
    Fsid                                     0x2000002c   Data           2  ff.o(.data)
    .data                                    0x20000030   Section       20  fatfs_app.o(.data)
    .data                                    0x20000044   Section       28  malloc.o(.data)
    .data                                    0x20000060   Section        4  stdout.o(.data)
    .bss                                     0x20000064   Section     4096  flash.o(.bss)
    .bss                                     0x20001064   Section       12  ff.o(.bss)
    FatFs                                    0x20001064   Data          12  ff.o(.bss)
    .bss                                     0x20001070   Section      336  fatfs_app.o(.bss)
    lfn                                      0x200010c0   Data         256  fatfs_app.o(.bss)
    .bss                                     0x200011c0   Section    43520  malloc.o(.bss)
    STACK                                    0x2000bbc0   Section     1024  startup_stm32f10x_hd.o(STACK)
    .ARM.__AT_0x68000000                     0x68000000   Section    983040  malloc.o(.ARM.__AT_0x68000000)
    .ARM.__AT_0x680F0000                     0x680f0000   Section    61440  malloc.o(.ARM.__AT_0x680F0000)

    Global Symbols

    Symbol Name                              Value     Ov Type        Size  Object(Section)

    BuildAttributes$$THM_ISAv4$P$D$K$B$S$PE$A:L22UL41UL21$X:L11$S22US41US21$IEEE1$IW$USESV6$~STKCKD$USESV7$~SHL$OTIME$ROPI$EBA8$MICROLIB$REQ8$PRES8$EABIv2 0x00000000   Number         0  anon$$obj.o ABSOLUTE
    __ARM_use_no_argv                        0x00000000   Number         0  main.o ABSOLUTE
    _printf_a                                0x00000000   Number         0  stubs.o ABSOLUTE
    _printf_c                                0x00000000   Number         0  stubs.o ABSOLUTE
    _printf_charcount                        0x00000000   Number         0  stubs.o ABSOLUTE
    _printf_d                                0x00000000   Number         0  stubs.o ABSOLUTE
    _printf_e                                0x00000000   Number         0  stubs.o ABSOLUTE
    _printf_f                                0x00000000   Number         0  stubs.o ABSOLUTE
    _printf_flags                            0x00000000   Number         0  stubs.o ABSOLUTE
    _printf_fp_dec                           0x00000000   Number         0  stubs.o ABSOLUTE
    _printf_fp_hex                           0x00000000   Number         0  stubs.o ABSOLUTE
    _printf_g                                0x00000000   Number         0  stubs.o ABSOLUTE
    _printf_i                                0x00000000   Number         0  stubs.o ABSOLUTE
    _printf_int_dec                          0x00000000   Number         0  stubs.o ABSOLUTE
    _printf_l                                0x00000000   Number         0  stubs.o ABSOLUTE
    _printf_lc                               0x00000000   Number         0  stubs.o ABSOLUTE
    _printf_ll                               0x00000000   Number         0  stubs.o ABSOLUTE
    _printf_lld                              0x00000000   Number         0  stubs.o ABSOLUTE
    _printf_lli                              0x00000000   Number         0  stubs.o ABSOLUTE
    _printf_llo                              0x00000000   Number         0  stubs.o ABSOLUTE
    _printf_llu                              0x00000000   Number         0  stubs.o ABSOLUTE
    _printf_llx                              0x00000000   Number         0  stubs.o ABSOLUTE
    _printf_longlong_dec                     0x00000000   Number         0  stubs.o ABSOLUTE
    _printf_longlong_hex                     0x00000000   Number         0  stubs.o ABSOLUTE
    _printf_longlong_oct                     0x00000000   Number         0  stubs.o ABSOLUTE
    _printf_ls                               0x00000000   Number         0  stubs.o ABSOLUTE
    _printf_mbtowc                           0x00000000   Number         0  stubs.o ABSOLUTE
    _printf_n                                0x00000000   Number         0  stubs.o ABSOLUTE
    _printf_o                                0x00000000   Number         0  stubs.o ABSOLUTE
    _printf_p                                0x00000000   Number         0  stubs.o ABSOLUTE
    _printf_percent                          0x00000000   Number         0  stubs.o ABSOLUTE
    _printf_pre_padding                      0x00000000   Number         0  stubs.o ABSOLUTE
    _printf_return_value                     0x00000000   Number         0  stubs.o ABSOLUTE
    _printf_s                                0x00000000   Number         0  stubs.o ABSOLUTE
    _printf_sizespec                         0x00000000   Number         0  stubs.o ABSOLUTE
    _printf_str                              0x00000000   Number         0  stubs.o ABSOLUTE
    _printf_truncate_signed                  0x00000000   Number         0  stubs.o ABSOLUTE
    _printf_truncate_unsigned                0x00000000   Number         0  stubs.o ABSOLUTE
    _printf_u                                0x00000000   Number         0  stubs.o ABSOLUTE
    _printf_wc                               0x00000000   Number         0  stubs.o ABSOLUTE
    _printf_wctomb                           0x00000000   Number         0  stubs.o ABSOLUTE
    _printf_widthprec                        0x00000000   Number         0  stubs.o ABSOLUTE
    _printf_x                                0x00000000   Number         0  stubs.o ABSOLUTE
    __cpp_initialize__aeabi_                  - Undefined Weak Reference
    __cxa_finalize                            - Undefined Weak Reference
    __decompress                              - Undefined Weak Reference
    _clock_init                               - Undefined Weak Reference
    _microlib_exit                            - Undefined Weak Reference
    __Vectors_Size                           0x00000130   Number         0  startup_stm32f10x_hd.o ABSOLUTE
    __Vectors                                0x08000000   Data           4  startup_stm32f10x_hd.o(RESET)
    __Vectors_End                            0x08000130   Data           0  startup_stm32f10x_hd.o(RESET)
    __main                                   0x08000131   Thumb Code     0  entry.o(.ARM.Collect$$$$00000000)
    _main_stk                                0x08000131   Thumb Code     0  entry2.o(.ARM.Collect$$$$00000001)
    _main_scatterload                        0x08000135   Thumb Code     0  entry5.o(.ARM.Collect$$$$00000004)
    __main_after_scatterload                 0x08000139   Thumb Code     0  entry5.o(.ARM.Collect$$$$00000004)
    _main_clock                              0x08000139   Thumb Code     0  entry7b.o(.ARM.Collect$$$$00000008)
    _main_cpp_init                           0x08000139   Thumb Code     0  entry8b.o(.ARM.Collect$$$$0000000A)
    _main_init                               0x08000139   Thumb Code     0  entry9a.o(.ARM.Collect$$$$0000000B)
    __rt_final_cpp                           0x08000141   Thumb Code     0  entry10a.o(.ARM.Collect$$$$0000000D)
    __rt_final_exit                          0x08000141   Thumb Code     0  entry11a.o(.ARM.Collect$$$$0000000F)
    Reset_Handler                            0x08000145   Thumb Code     8  startup_stm32f10x_hd.o(.text)
    ADC1_2_IRQHandler                        0x0800015f   Thumb Code     0  startup_stm32f10x_hd.o(.text)
    ADC3_IRQHandler                          0x0800015f   Thumb Code     0  startup_stm32f10x_hd.o(.text)
    CAN1_RX1_IRQHandler                      0x0800015f   Thumb Code     0  startup_stm32f10x_hd.o(.text)
    CAN1_SCE_IRQHandler                      0x0800015f   Thumb Code     0  startup_stm32f10x_hd.o(.text)
    DMA1_Channel1_IRQHandler                 0x0800015f   Thumb Code     0  startup_stm32f10x_hd.o(.text)
    DMA1_Channel2_IRQHandler                 0x0800015f   Thumb Code     0  startup_stm32f10x_hd.o(.text)
    DMA1_Channel3_IRQHandler                 0x0800015f   Thumb Code     0  startup_stm32f10x_hd.o(.text)
    DMA1_Channel4_IRQHandler                 0x0800015f   Thumb Code     0  startup_stm32f10x_hd.o(.text)
    DMA1_Channel5_IRQHandler                 0x0800015f   Thumb Code     0  startup_stm32f10x_hd.o(.text)
    DMA1_Channel6_IRQHandler                 0x0800015f   Thumb Code     0  startup_stm32f10x_hd.o(.text)
    DMA1_Channel7_IRQHandler                 0x0800015f   Thumb Code     0  startup_stm32f10x_hd.o(.text)
    DMA2_Channel1_IRQHandler                 0x0800015f   Thumb Code     0  startup_stm32f10x_hd.o(.text)
    DMA2_Channel2_IRQHandler                 0x0800015f   Thumb Code     0  startup_stm32f10x_hd.o(.text)
    DMA2_Channel3_IRQHandler                 0x0800015f   Thumb Code     0  startup_stm32f10x_hd.o(.text)
    DMA2_Channel4_5_IRQHandler               0x0800015f   Thumb Code     0  startup_stm32f10x_hd.o(.text)
    EXTI0_IRQHandler                         0x0800015f   Thumb Code     0  startup_stm32f10x_hd.o(.text)
    EXTI15_10_IRQHandler                     0x0800015f   Thumb Code     0  startup_stm32f10x_hd.o(.text)
    EXTI1_IRQHandler                         0x0800015f   Thumb Code     0  startup_stm32f10x_hd.o(.text)
    EXTI2_IRQHandler                         0x0800015f   Thumb Code     0  startup_stm32f10x_hd.o(.text)
    EXTI3_IRQHandler                         0x0800015f   Thumb Code     0  startup_stm32f10x_hd.o(.text)
    EXTI4_IRQHandler                         0x0800015f   Thumb Code     0  startup_stm32f10x_hd.o(.text)
    FLASH_IRQHandler                         0x0800015f   Thumb Code     0  startup_stm32f10x_hd.o(.text)
    FSMC_IRQHandler                          0x0800015f   Thumb Code     0  startup_stm32f10x_hd.o(.text)
    I2C1_ER_IRQHandler                       0x0800015f   Thumb Code     0  startup_stm32f10x_hd.o(.text)
    I2C1_EV_IRQHandler                       0x0800015f   Thumb Code     0  startup_stm32f10x_hd.o(.text)
    I2C2_ER_IRQHandler                       0x0800015f   Thumb Code     0  startup_stm32f10x_hd.o(.text)
    I2C2_EV_IRQHandler                       0x0800015f   Thumb Code     0  startup_stm32f10x_hd.o(.text)
    PVD_IRQHandler                           0x0800015f   Thumb Code     0  startup_stm32f10x_hd.o(.text)
    RCC_IRQHandler                           0x0800015f   Thumb Code     0  startup_stm32f10x_hd.o(.text)
    RTCAlarm_IRQHandler                      0x0800015f   Thumb Code     0  startup_stm32f10x_hd.o(.text)
    RTC_IRQHandler                           0x0800015f   Thumb Code     0  startup_stm32f10x_hd.o(.text)
    SDIO_IRQHandler                          0x0800015f   Thumb Code     0  startup_stm32f10x_hd.o(.text)
    SPI1_IRQHandler                          0x0800015f   Thumb Code     0  startup_stm32f10x_hd.o(.text)
    SPI2_IRQHandler                          0x0800015f   Thumb Code     0  startup_stm32f10x_hd.o(.text)
    SPI3_IRQHandler                          0x0800015f   Thumb Code     0  startup_stm32f10x_hd.o(.text)
    TAMPER_IRQHandler                        0x0800015f   Thumb Code     0  startup_stm32f10x_hd.o(.text)
    TIM1_BRK_IRQHandler                      0x0800015f   Thumb Code     0  startup_stm32f10x_hd.o(.text)
    TIM1_CC_IRQHandler                       0x0800015f   Thumb Code     0  startup_stm32f10x_hd.o(.text)
    TIM1_TRG_COM_IRQHandler                  0x0800015f   Thumb Code     0  startup_stm32f10x_hd.o(.text)
    TIM1_UP_IRQHandler                       0x0800015f   Thumb Code     0  startup_stm32f10x_hd.o(.text)
    TIM2_IRQHandler                          0x0800015f   Thumb Code     0  startup_stm32f10x_hd.o(.text)
    TIM3_IRQHandler                          0x0800015f   Thumb Code     0  startup_stm32f10x_hd.o(.text)
    TIM5_IRQHandler                          0x0800015f   Thumb Code     0  startup_stm32f10x_hd.o(.text)
    TIM6_IRQHandler                          0x0800015f   Thumb Code     0  startup_stm32f10x_hd.o(.text)
    TIM7_IRQHandler                          0x0800015f   Thumb Code     0  startup_stm32f10x_hd.o(.text)
    TIM8_BRK_IRQHandler                      0x0800015f   Thumb Code     0  startup_stm32f10x_hd.o(.text)
    TIM8_CC_IRQHandler                       0x0800015f   Thumb Code     0  startup_stm32f10x_hd.o(.text)
    TIM8_TRG_COM_IRQHandler                  0x0800015f   Thumb Code     0  startup_stm32f10x_hd.o(.text)
    TIM8_UP_IRQHandler                       0x0800015f   Thumb Code     0  startup_stm32f10x_hd.o(.text)
    UART4_IRQHandler                         0x0800015f   Thumb Code     0  startup_stm32f10x_hd.o(.text)
    UART5_IRQHandler                         0x0800015f   Thumb Code     0  startup_stm32f10x_hd.o(.text)
    USART2_IRQHandler                        0x0800015f   Thumb Code     0  startup_stm32f10x_hd.o(.text)
    USART3_IRQHandler                        0x0800015f   Thumb Code     0  startup_stm32f10x_hd.o(.text)
    USBWakeUp_IRQHandler                     0x0800015f   Thumb Code     0  startup_stm32f10x_hd.o(.text)
    USB_HP_CAN1_TX_IRQHandler                0x0800015f   Thumb Code     0  startup_stm32f10x_hd.o(.text)
    USB_LP_CAN1_RX0_IRQHandler               0x0800015f   Thumb Code     0  startup_stm32f10x_hd.o(.text)
    WWDG_IRQHandler                          0x0800015f   Thumb Code     0  startup_stm32f10x_hd.o(.text)
    __aeabi_uldivmod                         0x08000169   Thumb Code    98  uldiv.o(.text)
    __scatterload                            0x080001cd   Thumb Code    28  init.o(.text)
    __scatterload_rt2                        0x080001cd   Thumb Code     0  init.o(.text)
    __aeabi_llsl                             0x080001f1   Thumb Code    30  llshl.o(.text)
    _ll_shift_l                              0x080001f1   Thumb Code     0  llshl.o(.text)
    __aeabi_llsr                             0x0800020f   Thumb Code    32  llushr.o(.text)
    _ll_ushift_r                             0x0800020f   Thumb Code     0  llushr.o(.text)
    BusFault_Handler                         0x0800022f   Thumb Code     4  stm32f10x_it.o(i.BusFault_Handler)
    DebugMon_Handler                         0x08000233   Thumb Code     2  stm32f10x_it.o(i.DebugMon_Handler)
    EN25QXX_Erase_Sector                     0x08000235   Thumb Code    70  flash.o(i.EN25QXX_Erase_Sector)
    EN25QXX_Init                             0x0800028d   Thumb Code   154  flash.o(i.EN25QXX_Init)
    EN25QXX_Read                             0x0800033d   Thumb Code    74  flash.o(i.EN25QXX_Read)
    EN25QXX_ReadID                           0x0800038d   Thumb Code    64  flash.o(i.EN25QXX_ReadID)
    EN25QXX_ReadSR                           0x080003d5   Thumb Code    36  flash.o(i.EN25QXX_ReadSR)
    EN25QXX_Wait_Busy                        0x08000401   Thumb Code    18  flash.o(i.EN25QXX_Wait_Busy)
    EN25QXX_Write                            0x08000415   Thumb Code   180  flash.o(i.EN25QXX_Write)
    EN25QXX_Write_Enable                     0x080004cd   Thumb Code    24  flash.o(i.EN25QXX_Write_Enable)
    EN25QXX_Write_NoCheck                    0x080004ed   Thumb Code    70  flash.o(i.EN25QXX_Write_NoCheck)
    EN25QXX_Write_Page                       0x08000535   Thumb Code    80  flash.o(i.EN25QXX_Write_Page)
    EXTI7_Init                               0x08000589   Thumb Code    76  exti.o(i.EXTI7_Init)
    EXTI9_5_IRQHandler                       0x080005d5   Thumb Code    50  exti.o(i.EXTI9_5_IRQHandler)
    EXTI_ClearITPendingBit                   0x08000619   Thumb Code     6  stm32f10x_exti.o(i.EXTI_ClearITPendingBit)
    EXTI_GetITStatus                         0x08000625   Thumb Code    34  stm32f10x_exti.o(i.EXTI_GetITStatus)
    EXTI_Init                                0x0800064d   Thumb Code   142  stm32f10x_exti.o(i.EXTI_Init)
    FATFS_Init                               0x080006e1   Thumb Code   114  fatfs_app.o(i.FATFS_Init)
    FSMC_NORSRAMCmd                          0x08000765   Thumb Code    46  stm32f10x_fsmc.o(i.FSMC_NORSRAMCmd)
    FSMC_NORSRAMInit                         0x08000799   Thumb Code   230  stm32f10x_fsmc.o(i.FSMC_NORSRAMInit)
    GPIO_EXTILineConfig                      0x08000881   Thumb Code    60  stm32f10x_gpio.o(i.GPIO_EXTILineConfig)
    GPIO_Init                                0x080008c1   Thumb Code   278  stm32f10x_gpio.o(i.GPIO_Init)
    GPIO_ResetBits                           0x080009d7   Thumb Code     4  stm32f10x_gpio.o(i.GPIO_ResetBits)
    GPIO_SetBits                             0x080009db   Thumb Code     4  stm32f10x_gpio.o(i.GPIO_SetBits)
    HardFault_Handler                        0x080009df   Thumb Code     4  stm32f10x_it.o(i.HardFault_Handler)
    KEY_Init                                 0x080009e5   Thumb Code    64  key.o(i.KEY_Init)
    KEY_Scan                                 0x08000a2d   Thumb Code   142  key.o(i.KEY_Scan)
    LCD_Clear                                0x08000ac9   Thumb Code    68  tftlcd.o(i.LCD_Clear)
    LCD_Display_Dir                          0x08000b11   Thumb Code    96  tftlcd.o(i.LCD_Display_Dir)
    LCD_DrawFRONT_COLOR                      0x08000b75   Thumb Code    28  tftlcd.o(i.LCD_DrawFRONT_COLOR)
    LCD_Fill                                 0x08000b91   Thumb Code    92  tftlcd.o(i.LCD_Fill)
    LCD_ReadData                             0x08000bed   Thumb Code     6  tftlcd.o(i.LCD_ReadData)
    LCD_ReadPoint                            0x08000bf9   Thumb Code    78  tftlcd.o(i.LCD_ReadPoint)
    LCD_Set_Window                           0x08000c4d   Thumb Code   192  tftlcd.o(i.LCD_Set_Window)
    LCD_ShowChar                             0x08000d11   Thumb Code   252  tftlcd.o(i.LCD_ShowChar)
    LCD_ShowString                           0x08000e21   Thumb Code   102  tftlcd.o(i.LCD_ShowString)
    LCD_WriteCmd                             0x08000e89   Thumb Code     6  tftlcd.o(i.LCD_WriteCmd)
    LCD_WriteData                            0x08000e95   Thumb Code     6  tftlcd.o(i.LCD_WriteData)
    LCD_WriteData_Color                      0x08000ea1   Thumb Code     6  tftlcd.o(i.LCD_WriteData_Color)
    LED_Init                                 0x08000ead   Thumb Code    46  led.o(i.LED_Init)
    MemManage_Handler                        0x08000ee1   Thumb Code     4  stm32f10x_it.o(i.MemManage_Handler)
    NMI_Handler                              0x08000ee5   Thumb Code     2  stm32f10x_it.o(i.NMI_Handler)
    NVIC_Init                                0x08000ee9   Thumb Code   100  misc.o(i.NVIC_Init)
    NVIC_PriorityGroupConfig                 0x08000f59   Thumb Code    10  misc.o(i.NVIC_PriorityGroupConfig)
    OV7670_Brightness                        0x08000f6d   Thumb Code    50  ov7670.o(i.OV7670_Brightness)
    OV7670_Color_Saturation                  0x08000f9f   Thumb Code   122  ov7670.o(i.OV7670_Color_Saturation)
    OV7670_Contrast                          0x08001019   Thumb Code    50  ov7670.o(i.OV7670_Contrast)
    OV7670_Init                              0x0800104d   Thumb Code   232  ov7670.o(i.OV7670_Init)
    OV7670_Light_Mode                        0x0800114d   Thumb Code    92  ov7670.o(i.OV7670_Light_Mode)
    OV7670_Special_Effects                   0x080011a9   Thumb Code   106  ov7670.o(i.OV7670_Special_Effects)
    OV7670_Window_Set                        0x08001213   Thumb Code   138  ov7670.o(i.OV7670_Window_Set)
    PendSV_Handler                           0x0800129d   Thumb Code     2  stm32f10x_it.o(i.PendSV_Handler)
    RCC_AHBPeriphClockCmd                    0x080012a1   Thumb Code    26  stm32f10x_rcc.o(i.RCC_AHBPeriphClockCmd)
    RCC_APB1PeriphClockCmd                   0x080012c1   Thumb Code    26  stm32f10x_rcc.o(i.RCC_APB1PeriphClockCmd)
    RCC_APB2PeriphClockCmd                   0x080012e1   Thumb Code    26  stm32f10x_rcc.o(i.RCC_APB2PeriphClockCmd)
    RCC_GetClocksFreq                        0x08001301   Thumb Code   192  stm32f10x_rcc.o(i.RCC_GetClocksFreq)
    SCCB_Init                                0x080013d5   Thumb Code    76  sccb.o(i.SCCB_Init)
    SCCB_No_Ack                              0x08001425   Thumb Code    56  sccb.o(i.SCCB_No_Ack)
    SCCB_RD_Byte                             0x08001465   Thumb Code    68  sccb.o(i.SCCB_RD_Byte)
    SCCB_RD_Reg                              0x080014b1   Thumb Code    78  sccb.o(i.SCCB_RD_Reg)
    SCCB_SDA_IN                              0x08001501   Thumb Code    24  sccb.o(i.SCCB_SDA_IN)
    SCCB_SDA_OUT                             0x0800151d   Thumb Code    30  sccb.o(i.SCCB_SDA_OUT)
    SCCB_Start                               0x08001541   Thumb Code    42  sccb.o(i.SCCB_Start)
    SCCB_Stop                                0x08001575   Thumb Code    42  sccb.o(i.SCCB_Stop)
    SCCB_WR_Byte                             0x080015a9   Thumb Code   122  sccb.o(i.SCCB_WR_Byte)
    SCCB_WR_Reg                              0x0800162d   Thumb Code    62  sccb.o(i.SCCB_WR_Reg)
    SD_DisSelect                             0x0800166d   Thumb Code    16  sd.o(i.SD_DisSelect)
    SD_GetCSD                                0x08001681   Thumb Code    42  sd.o(i.SD_GetCSD)
    SD_GetResponse                           0x080016ab   Thumb Code    38  sd.o(i.SD_GetResponse)
    SD_GetSectorCount                        0x080016d1   Thumb Code   118  sd.o(i.SD_GetSectorCount)
    SD_Init                                  0x08001749   Thumb Code   386  sd.o(i.SD_Init)
    SD_ReadDisk                              0x080018d1   Thumb Code   112  sd.o(i.SD_ReadDisk)
    SD_RecvData                              0x08001945   Thumb Code    56  sd.o(i.SD_RecvData)
    SD_SPI_Init                              0x0800197d   Thumb Code   114  sd.o(i.SD_SPI_Init)
    SD_SPI_ReadWriteByte                     0x08001a01   Thumb Code    12  sd.o(i.SD_SPI_ReadWriteByte)
    SD_SPI_SpeedHigh                         0x08001a0d   Thumb Code    10  sd.o(i.SD_SPI_SpeedHigh)
    SD_SPI_SpeedLow                          0x08001a17   Thumb Code    10  sd.o(i.SD_SPI_SpeedLow)
    SD_Select                                0x08001a21   Thumb Code    26  sd.o(i.SD_Select)
    SD_SendBlock                             0x08001a41   Thumb Code    82  sd.o(i.SD_SendBlock)
    SD_SendCmd                               0x08001a93   Thumb Code   120  sd.o(i.SD_SendCmd)
    SD_WaitReady                             0x08001b0b   Thumb Code    34  sd.o(i.SD_WaitReady)
    SD_WriteDisk                             0x08001b2d   Thumb Code   140  sd.o(i.SD_WriteDisk)
    SPI2_Init                                0x08001bbd   Thumb Code   130  spi.o(i.SPI2_Init)
    SPI2_ReadWriteByte                       0x08001c49   Thumb Code    50  spi.o(i.SPI2_ReadWriteByte)
    SPI2_SetSpeed                            0x08001c81   Thumb Code    36  spi.o(i.SPI2_SetSpeed)
    SPI_Cmd                                  0x08001ca9   Thumb Code    24  stm32f10x_spi.o(i.SPI_Cmd)
    SPI_I2S_GetFlagStatus                    0x08001cc1   Thumb Code    18  stm32f10x_spi.o(i.SPI_I2S_GetFlagStatus)
    SPI_I2S_ReceiveData                      0x08001cd3   Thumb Code     6  stm32f10x_spi.o(i.SPI_I2S_ReceiveData)
    SPI_I2S_SendData                         0x08001cd9   Thumb Code     4  stm32f10x_spi.o(i.SPI_I2S_SendData)
    SPI_Init                                 0x08001cdd   Thumb Code    60  stm32f10x_spi.o(i.SPI_Init)
    SVC_Handler                              0x08001d19   Thumb Code     2  stm32f10x_it.o(i.SVC_Handler)
    SysTick_CLKSourceConfig                  0x08001e05   Thumb Code    40  misc.o(i.SysTick_CLKSourceConfig)
    SysTick_Handler                          0x08001e2d   Thumb Code     2  stm32f10x_it.o(i.SysTick_Handler)
    SysTick_Init                             0x08001e31   Thumb Code    52  systick.o(i.SysTick_Init)
    SystemInit                               0x08001e6d   Thumb Code    78  system_stm32f10x.o(i.SystemInit)
    TFTLCD_FSMC_Init                         0x08001ecd   Thumb Code   126  tftlcd.o(i.TFTLCD_FSMC_Init)
    TFTLCD_GPIO_Init                         0x08001f4d   Thumb Code    98  tftlcd.o(i.TFTLCD_GPIO_Init)
    TFTLCD_Init                              0x08001fbd   Thumb Code   738  tftlcd.o(i.TFTLCD_Init)
    TIM4_IRQHandler                          0x080022b5   Thumb Code    54  time.o(i.TIM4_IRQHandler)
    TIM4_Init                                0x08002309   Thumb Code    98  time.o(i.TIM4_Init)
    TIM_ClearITPendingBit                    0x08002371   Thumb Code     6  stm32f10x_tim.o(i.TIM_ClearITPendingBit)
    TIM_Cmd                                  0x08002377   Thumb Code    24  stm32f10x_tim.o(i.TIM_Cmd)
    TIM_GetITStatus                          0x0800238f   Thumb Code    34  stm32f10x_tim.o(i.TIM_GetITStatus)
    TIM_ITConfig                             0x080023b1   Thumb Code    18  stm32f10x_tim.o(i.TIM_ITConfig)
    TIM_TimeBaseInit                         0x080023c5   Thumb Code   122  stm32f10x_tim.o(i.TIM_TimeBaseInit)
    USART1_IRQHandler                        0x08002469   Thumb Code    54  usart.o(i.USART1_IRQHandler)
    USART1_Init                              0x080024a5   Thumb Code   174  usart.o(i.USART1_Init)
    USART_ClearFlag                          0x0800255d   Thumb Code    18  stm32f10x_usart.o(i.USART_ClearFlag)
    USART_Cmd                                0x0800256f   Thumb Code    24  stm32f10x_usart.o(i.USART_Cmd)
    USART_GetFlagStatus                      0x08002587   Thumb Code    26  stm32f10x_usart.o(i.USART_GetFlagStatus)
    USART_GetITStatus                        0x080025a1   Thumb Code    84  stm32f10x_usart.o(i.USART_GetITStatus)
    USART_ITConfig                           0x080025f5   Thumb Code    74  stm32f10x_usart.o(i.USART_ITConfig)
    USART_Init                               0x08002641   Thumb Code   210  stm32f10x_usart.o(i.USART_Init)
    USART_ReceiveData                        0x08002719   Thumb Code    10  stm32f10x_usart.o(i.USART_ReceiveData)
    USART_SendData                           0x08002723   Thumb Code     8  stm32f10x_usart.o(i.USART_SendData)
    UsageFault_Handler                       0x0800272b   Thumb Code     4  stm32f10x_it.o(i.UsageFault_Handler)
    __0printf$8                              0x08002731   Thumb Code    22  printf8.o(i.__0printf$8)
    __1printf$8                              0x08002731   Thumb Code     0  printf8.o(i.__0printf$8)
    __2printf                                0x08002731   Thumb Code     0  printf8.o(i.__0printf$8)
    __0sprintf$8                             0x08002751   Thumb Code    34  printf8.o(i.__0sprintf$8)
    __1sprintf$8                             0x08002751   Thumb Code     0  printf8.o(i.__0sprintf$8)
    __2sprintf                               0x08002751   Thumb Code     0  printf8.o(i.__0sprintf$8)
    __scatterload_copy                       0x08002779   Thumb Code    14  handlers.o(i.__scatterload_copy)
    __scatterload_null                       0x08002787   Thumb Code     2  handlers.o(i.__scatterload_null)
    __scatterload_zeroinit                   0x08002789   Thumb Code    14  handlers.o(i.__scatterload_zeroinit)
    bmp_encode                               0x08002c05   Thumb Code   500  bmp.o(i.bmp_encode)
    camera_new_pathname                      0x08002e15   Thumb Code    54  main.o(i.camera_new_pathname)
    camera_refresh                           0x08002e65   Thumb Code   186  main.o(i.camera_refresh)
    clust2sect                               0x08003013   Thumb Code    26  ff.o(i.clust2sect)
    delay_ms                                 0x08003415   Thumb Code    72  systick.o(i.delay_ms)
    delay_us                                 0x08003461   Thumb Code    72  systick.o(i.delay_us)
    disk_initialize                          0x080038c9   Thumb Code    56  diskio.o(i.disk_initialize)
    disk_ioctl                               0x08003905   Thumb Code   144  diskio.o(i.disk_ioctl)
    disk_read                                0x08003999   Thumb Code   124  diskio.o(i.disk_read)
    disk_status                              0x08003a15   Thumb Code    30  diskio.o(i.disk_status)
    disk_write                               0x08003a33   Thumb Code   120  diskio.o(i.disk_write)
    f_close                                  0x08003aab   Thumb Code    32  ff.o(i.f_close)
    f_mkdir                                  0x08003acb   Thumb Code   380  ff.o(i.f_mkdir)
    f_mount                                  0x08003c49   Thumb Code    86  ff.o(i.f_mount)
    f_open                                   0x08003ca5   Thumb Code   406  ff.o(i.f_open)
    f_sync                                   0x08003e3b   Thumb Code   176  ff.o(i.f_sync)
    f_write                                  0x08003eeb   Thumb Code   490  ff.o(i.f_write)
    ff_convert                               0x080040d5   Thumb Code   116  cc936.o(i.ff_convert)
    ff_memalloc                              0x08004151   Thumb Code    14  diskio.o(i.ff_memalloc)
    ff_memfree                               0x0800415f   Thumb Code    14  diskio.o(i.ff_memfree)
    ff_wtoupper                              0x0800416d   Thumb Code    84  cc936.o(i.ff_wtoupper)
    fputc                                    0x0800466d   Thumb Code    32  usart.o(i.fputc)
    get_fat                                  0x0800475d   Thumb Code   242  ff.o(i.get_fat)
    get_fattime                              0x0800484f   Thumb Code     4  diskio.o(i.get_fattime)
    main                                     0x080048bd   Thumb Code   700  main.o(i.main)
    my_mem_free                              0x08004cad   Thumb Code    96  malloc.o(i.my_mem_free)
    my_mem_init                              0x08004d19   Thumb Code    54  malloc.o(i.my_mem_init)
    my_mem_malloc                            0x08004d5d   Thumb Code   156  malloc.o(i.my_mem_malloc)
    my_mem_perused                           0x08004e05   Thumb Code    54  malloc.o(i.my_mem_perused)
    my_mem_set                               0x08004e45   Thumb Code    20  malloc.o(i.my_mem_set)
    myfree                                   0x08004e59   Thumb Code    30  malloc.o(i.myfree)
    mymalloc                                 0x08004e7d   Thumb Code    34  malloc.o(i.mymalloc)
    pic_memalloc                             0x08004ea5   Thumb Code    14  piclib.o(i.pic_memalloc)
    pic_memfree                              0x08004eb3   Thumb Code    14  piclib.o(i.pic_memfree)
    put_fat                                  0x08004ec1   Thumb Code   322  ff.o(i.put_fat)
    ascii_1608                               0x080051ea   Data        1520  tftlcd.o(.constdata)
    ascii_2412                               0x080057da   Data        3420  tftlcd.o(.constdata)
    CnChar32x29                              0x08006536   Data         472  tftlcd.o(.constdata)
    ov7670_init_reg_tbl                      0x0800670e   Data         336  ov7670.o(.constdata)
    memtblsize                               0x08031958   Data           8  malloc.o(.constdata)
    memblksize                               0x08031960   Data           8  malloc.o(.constdata)
    memsize                                  0x08031968   Data           8  malloc.o(.constdata)
    Region$$Table$$Base                      0x08031970   Number         0  anon$$obj.o(Region$$Table)
    Region$$Table$$Limit                     0x08031990   Number         0  anon$$obj.o(Region$$Table)
    FRONT_COLOR                              0x20000014   Data           2  tftlcd.o(.data)
    BACK_COLOR                               0x20000016   Data           2  tftlcd.o(.data)
    tftlcd_data                              0x20000018   Data           8  tftlcd.o(.data)
    ov_sta                                   0x20000021   Data           1  exti.o(.data)
    ov_frame                                 0x20000022   Data           1  time.o(.data)
    SD_Type                                  0x20000023   Data           1  sd.o(.data)
    EN25QXX_TYPE                             0x20000024   Data           2  flash.o(.data)
    FLASH_SECTOR_COUNT                       0x2000002a   Data           2  diskio.o(.data)
    file                                     0x20000030   Data           4  fatfs_app.o(.data)
    ftemp                                    0x20000034   Data           4  fatfs_app.o(.data)
    br                                       0x20000038   Data           4  fatfs_app.o(.data)
    bw                                       0x2000003c   Data           4  fatfs_app.o(.data)
    fatbuf                                   0x20000040   Data           4  fatfs_app.o(.data)
    malloc_cortol                            0x20000044   Data          28  malloc.o(.data)
    __stdout                                 0x20000060   Data           4  stdout.o(.data)
    EN25QXX_BUFFER                           0x20000064   Data        4096  flash.o(.bss)
    fs                                       0x20001070   Data          12  fatfs_app.o(.bss)
    fileinfo                                 0x2000107c   Data          32  fatfs_app.o(.bss)
    dir                                      0x2000109c   Data          36  fatfs_app.o(.bss)
    mem1base                                 0x200011c0   Data       40960  malloc.o(.bss)
    mem1mapbase                              0x2000b1c0   Data        2560  malloc.o(.bss)
    __initial_sp                             0x2000bfc0   Data           0  startup_stm32f10x_hd.o(STACK)
    mem2base                                 0x68000000   Data       983040  malloc.o(.ARM.__AT_0x68000000)
    mem2mapbase                              0x680f0000   Data       61440  malloc.o(.ARM.__AT_0x680F0000)



==============================================================================

Memory Map of the image

  Image Entry point : 0x08000131

  Load Region LR_IROM1 (Base: 0x08000000, Size: 0x000319f4, Max: 0x00080000, ABSOLUTE)

    Execution Region ER_IROM1 (Base: 0x08000000, Size: 0x00031990, Max: 0x00080000, ABSOLUTE)

    Base Addr    Size         Type   Attr      Idx    E Section Name        Object

    0x08000000   0x00000130   Data   RO          264    RESET               startup_stm32f10x_hd.o
    0x08000130   0x00000000   Code   RO         4373  * .ARM.Collect$$$$00000000  mc_w.l(entry.o)
    0x08000130   0x00000004   Code   RO         4655    .ARM.Collect$$$$00000001  mc_w.l(entry2.o)
    0x08000134   0x00000004   Code   RO         4658    .ARM.Collect$$$$00000004  mc_w.l(entry5.o)
    0x08000138   0x00000000   Code   RO         4660    .ARM.Collect$$$$00000008  mc_w.l(entry7b.o)
    0x08000138   0x00000000   Code   RO         4662    .ARM.Collect$$$$0000000A  mc_w.l(entry8b.o)
    0x08000138   0x00000008   Code   RO         4663    .ARM.Collect$$$$0000000B  mc_w.l(entry9a.o)
    0x08000140   0x00000000   Code   RO         4665    .ARM.Collect$$$$0000000D  mc_w.l(entry10a.o)
    0x08000140   0x00000000   Code   RO         4667    .ARM.Collect$$$$0000000F  mc_w.l(entry11a.o)
    0x08000140   0x00000004   Code   RO         4656    .ARM.Collect$$$$00002712  mc_w.l(entry2.o)
    0x08000144   0x00000024   Code   RO          265    .text               startup_stm32f10x_hd.o
    0x08000168   0x00000062   Code   RO         4672    .text               mc_w.l(uldiv.o)
    0x080001ca   0x00000002   PAD
    0x080001cc   0x00000024   Code   RO         4687    .text               mc_w.l(init.o)
    0x080001f0   0x0000001e   Code   RO         4689    .text               mc_w.l(llshl.o)
    0x0800020e   0x00000020   Code   RO         4691    .text               mc_w.l(llushr.o)
    0x0800022e   0x00000004   Code   RO          177    i.BusFault_Handler  stm32f10x_it.o
    0x08000232   0x00000002   Code   RO          178    i.DebugMon_Handler  stm32f10x_it.o
    0x08000234   0x00000058   Code   RO         3300    i.EN25QXX_Erase_Sector  flash.o
    0x0800028c   0x000000b0   Code   RO         3301    i.EN25QXX_Init      flash.o
    0x0800033c   0x00000050   Code   RO         3303    i.EN25QXX_Read      flash.o
    0x0800038c   0x00000048   Code   RO         3304    i.EN25QXX_ReadID    flash.o
    0x080003d4   0x0000002c   Code   RO         3305    i.EN25QXX_ReadSR    flash.o
    0x08000400   0x00000012   Code   RO         3307    i.EN25QXX_Wait_Busy  flash.o
    0x08000412   0x00000002   PAD
    0x08000414   0x000000b8   Code   RO         3308    i.EN25QXX_Write     flash.o
    0x080004cc   0x00000020   Code   RO         3310    i.EN25QXX_Write_Enable  flash.o
    0x080004ec   0x00000046   Code   RO         3311    i.EN25QXX_Write_NoCheck  flash.o
    0x08000532   0x00000002   PAD
    0x08000534   0x00000054   Code   RO         3312    i.EN25QXX_Write_Page  flash.o
    0x08000588   0x0000004c   Code   RO         3089    i.EXTI7_Init        exti.o
    0x080005d4   0x00000044   Code   RO         3090    i.EXTI9_5_IRQHandler  exti.o
    0x08000618   0x0000000c   Code   RO          621    i.EXTI_ClearITPendingBit  stm32f10x_exti.o
    0x08000624   0x00000028   Code   RO          625    i.EXTI_GetITStatus  stm32f10x_exti.o
    0x0800064c   0x00000094   Code   RO          626    i.EXTI_Init         stm32f10x_exti.o
    0x080006e0   0x00000084   Code   RO         3882    i.FATFS_Init        fatfs_app.o
    0x08000764   0x00000034   Code   RO         2264    i.FSMC_NORSRAMCmd   stm32f10x_fsmc.o
    0x08000798   0x000000e6   Code   RO         2266    i.FSMC_NORSRAMInit  stm32f10x_fsmc.o
    0x0800087e   0x00000002   PAD
    0x08000880   0x00000040   Code   RO          273    i.GPIO_EXTILineConfig  stm32f10x_gpio.o
    0x080008c0   0x00000116   Code   RO          276    i.GPIO_Init         stm32f10x_gpio.o
    0x080009d6   0x00000004   Code   RO          283    i.GPIO_ResetBits    stm32f10x_gpio.o
    0x080009da   0x00000004   Code   RO          284    i.GPIO_SetBits      stm32f10x_gpio.o
    0x080009de   0x00000004   Code   RO          179    i.HardFault_Handler  stm32f10x_it.o
    0x080009e2   0x00000002   PAD
    0x080009e4   0x00000048   Code   RO         2941    i.KEY_Init          key.o
    0x08000a2c   0x0000009c   Code   RO         2942    i.KEY_Scan          key.o
    0x08000ac8   0x00000048   Code   RO         2750    i.LCD_Clear         tftlcd.o
    0x08000b10   0x00000064   Code   RO         2751    i.LCD_Display_Dir   tftlcd.o
    0x08000b74   0x0000001c   Code   RO         2752    i.LCD_DrawFRONT_COLOR  tftlcd.o
    0x08000b90   0x0000005c   Code   RO         2759    i.LCD_Fill          tftlcd.o
    0x08000bec   0x0000000c   Code   RO         2762    i.LCD_ReadData      tftlcd.o
    0x08000bf8   0x00000054   Code   RO         2763    i.LCD_ReadPoint     tftlcd.o
    0x08000c4c   0x000000c4   Code   RO         2764    i.LCD_Set_Window    tftlcd.o
    0x08000d10   0x00000110   Code   RO         2765    i.LCD_ShowChar      tftlcd.o
    0x08000e20   0x00000066   Code   RO         2769    i.LCD_ShowString    tftlcd.o
    0x08000e86   0x00000002   PAD
    0x08000e88   0x0000000c   Code   RO         2771    i.LCD_WriteCmd      tftlcd.o
    0x08000e94   0x0000000c   Code   RO         2773    i.LCD_WriteData     tftlcd.o
    0x08000ea0   0x0000000c   Code   RO         2774    i.LCD_WriteData_Color  tftlcd.o
    0x08000eac   0x00000034   Code   RO         2735    i.LED_Init          led.o
    0x08000ee0   0x00000004   Code   RO          180    i.MemManage_Handler  stm32f10x_it.o
    0x08000ee4   0x00000002   Code   RO          181    i.NMI_Handler       stm32f10x_it.o
    0x08000ee6   0x00000002   PAD
    0x08000ee8   0x00000070   Code   RO          584    i.NVIC_Init         misc.o
    0x08000f58   0x00000014   Code   RO          585    i.NVIC_PriorityGroupConfig  misc.o
    0x08000f6c   0x00000032   Code   RO         2963    i.OV7670_Brightness  ov7670.o
    0x08000f9e   0x0000007a   Code   RO         2964    i.OV7670_Color_Saturation  ov7670.o
    0x08001018   0x00000032   Code   RO         2965    i.OV7670_Contrast   ov7670.o
    0x0800104a   0x00000002   PAD
    0x0800104c   0x00000100   Code   RO         2966    i.OV7670_Init       ov7670.o
    0x0800114c   0x0000005c   Code   RO         2967    i.OV7670_Light_Mode  ov7670.o
    0x080011a8   0x0000006a   Code   RO         2968    i.OV7670_Special_Effects  ov7670.o
    0x08001212   0x0000008a   Code   RO         2969    i.OV7670_Window_Set  ov7670.o
    0x0800129c   0x00000002   Code   RO          182    i.PendSV_Handler    stm32f10x_it.o
    0x0800129e   0x00000002   PAD
    0x080012a0   0x00000020   Code   RO          385    i.RCC_AHBPeriphClockCmd  stm32f10x_rcc.o
    0x080012c0   0x00000020   Code   RO          386    i.RCC_APB1PeriphClockCmd  stm32f10x_rcc.o
    0x080012e0   0x00000020   Code   RO          388    i.RCC_APB2PeriphClockCmd  stm32f10x_rcc.o
    0x08001300   0x000000d4   Code   RO          396    i.RCC_GetClocksFreq  stm32f10x_rcc.o
    0x080013d4   0x00000050   Code   RO         3023    i.SCCB_Init         sccb.o
    0x08001424   0x00000040   Code   RO         3024    i.SCCB_No_Ack       sccb.o
    0x08001464   0x0000004c   Code   RO         3025    i.SCCB_RD_Byte      sccb.o
    0x080014b0   0x0000004e   Code   RO         3026    i.SCCB_RD_Reg       sccb.o
    0x080014fe   0x00000002   PAD
    0x08001500   0x0000001c   Code   RO         3027    i.SCCB_SDA_IN       sccb.o
    0x0800151c   0x00000024   Code   RO         3028    i.SCCB_SDA_OUT      sccb.o
    0x08001540   0x00000034   Code   RO         3029    i.SCCB_Start        sccb.o
    0x08001574   0x00000034   Code   RO         3030    i.SCCB_Stop         sccb.o
    0x080015a8   0x00000084   Code   RO         3031    i.SCCB_WR_Byte      sccb.o
    0x0800162c   0x0000003e   Code   RO         3032    i.SCCB_WR_Reg       sccb.o
    0x0800166a   0x00000002   PAD
    0x0800166c   0x00000014   Code   RO         3137    i.SD_DisSelect      sd.o
    0x08001680   0x0000002a   Code   RO         3139    i.SD_GetCSD         sd.o
    0x080016aa   0x00000026   Code   RO         3140    i.SD_GetResponse    sd.o
    0x080016d0   0x00000076   Code   RO         3141    i.SD_GetSectorCount  sd.o
    0x08001746   0x00000002   PAD
    0x08001748   0x00000188   Code   RO         3142    i.SD_Init           sd.o
    0x080018d0   0x00000074   Code   RO         3143    i.SD_ReadDisk       sd.o
    0x08001944   0x00000038   Code   RO         3144    i.SD_RecvData       sd.o
    0x0800197c   0x00000084   Code   RO         3145    i.SD_SPI_Init       sd.o
    0x08001a00   0x0000000c   Code   RO         3146    i.SD_SPI_ReadWriteByte  sd.o
    0x08001a0c   0x0000000a   Code   RO         3147    i.SD_SPI_SpeedHigh  sd.o
    0x08001a16   0x0000000a   Code   RO         3148    i.SD_SPI_SpeedLow   sd.o
    0x08001a20   0x00000020   Code   RO         3149    i.SD_Select         sd.o
    0x08001a40   0x00000052   Code   RO         3150    i.SD_SendBlock      sd.o
    0x08001a92   0x00000078   Code   RO         3151    i.SD_SendCmd        sd.o
    0x08001b0a   0x00000022   Code   RO         3152    i.SD_WaitReady      sd.o
    0x08001b2c   0x00000090   Code   RO         3153    i.SD_WriteDisk      sd.o
    0x08001bbc   0x0000008c   Code   RO         3257    i.SPI2_Init         spi.o
    0x08001c48   0x00000038   Code   RO         3258    i.SPI2_ReadWriteByte  spi.o
    0x08001c80   0x00000028   Code   RO         3259    i.SPI2_SetSpeed     spi.o
    0x08001ca8   0x00000018   Code   RO         2378    i.SPI_Cmd           stm32f10x_spi.o
    0x08001cc0   0x00000012   Code   RO         2386    i.SPI_I2S_GetFlagStatus  stm32f10x_spi.o
    0x08001cd2   0x00000006   Code   RO         2389    i.SPI_I2S_ReceiveData  stm32f10x_spi.o
    0x08001cd8   0x00000004   Code   RO         2390    i.SPI_I2S_SendData  stm32f10x_spi.o
    0x08001cdc   0x0000003c   Code   RO         2391    i.SPI_Init          stm32f10x_spi.o
    0x08001d18   0x00000002   Code   RO          183    i.SVC_Handler       stm32f10x_it.o
    0x08001d1a   0x00000008   Code   RO         2691    i.SetSysClock       system_stm32f10x.o
    0x08001d22   0x00000002   PAD
    0x08001d24   0x000000e0   Code   RO         2692    i.SetSysClockTo72   system_stm32f10x.o
    0x08001e04   0x00000028   Code   RO          588    i.SysTick_CLKSourceConfig  misc.o
    0x08001e2c   0x00000002   Code   RO          184    i.SysTick_Handler   stm32f10x_it.o
    0x08001e2e   0x00000002   PAD
    0x08001e30   0x0000003c   Code   RO         3411    i.SysTick_Init      systick.o
    0x08001e6c   0x00000060   Code   RO         2694    i.SystemInit        system_stm32f10x.o
    0x08001ecc   0x0000007e   Code   RO         2775    i.TFTLCD_FSMC_Init  tftlcd.o
    0x08001f4a   0x00000002   PAD
    0x08001f4c   0x00000070   Code   RO         2776    i.TFTLCD_GPIO_Init  tftlcd.o
    0x08001fbc   0x000002f8   Code   RO         2777    i.TFTLCD_Init       tftlcd.o
    0x080022b4   0x00000054   Code   RO         3113    i.TIM4_IRQHandler   time.o
    0x08002308   0x00000068   Code   RO         3114    i.TIM4_Init         time.o
    0x08002370   0x00000006   Code   RO          685    i.TIM_ClearITPendingBit  stm32f10x_tim.o
    0x08002376   0x00000018   Code   RO          690    i.TIM_Cmd           stm32f10x_tim.o
    0x0800238e   0x00000022   Code   RO          711    i.TIM_GetITStatus   stm32f10x_tim.o
    0x080023b0   0x00000012   Code   RO          715    i.TIM_ITConfig      stm32f10x_tim.o
    0x080023c2   0x00000002   PAD
    0x080023c4   0x000000a4   Code   RO          761    i.TIM_TimeBaseInit  stm32f10x_tim.o
    0x08002468   0x0000003c   Code   RO         3440    i.USART1_IRQHandler  usart.o
    0x080024a4   0x000000b8   Code   RO         3441    i.USART1_Init       usart.o
    0x0800255c   0x00000012   Code   RO         1222    i.USART_ClearFlag   stm32f10x_usart.o
    0x0800256e   0x00000018   Code   RO         1226    i.USART_Cmd         stm32f10x_usart.o
    0x08002586   0x0000001a   Code   RO         1229    i.USART_GetFlagStatus  stm32f10x_usart.o
    0x080025a0   0x00000054   Code   RO         1230    i.USART_GetITStatus  stm32f10x_usart.o
    0x080025f4   0x0000004a   Code   RO         1232    i.USART_ITConfig    stm32f10x_usart.o
    0x0800263e   0x00000002   PAD
    0x08002640   0x000000d8   Code   RO         1233    i.USART_Init        stm32f10x_usart.o
    0x08002718   0x0000000a   Code   RO         1240    i.USART_ReceiveData  stm32f10x_usart.o
    0x08002722   0x00000008   Code   RO         1243    i.USART_SendData    stm32f10x_usart.o
    0x0800272a   0x00000004   Code   RO          185    i.UsageFault_Handler  stm32f10x_it.o
    0x0800272e   0x00000002   PAD
    0x08002730   0x00000020   Code   RO         4587    i.__0printf$8       mc_w.l(printf8.o)
    0x08002750   0x00000028   Code   RO         4589    i.__0sprintf$8      mc_w.l(printf8.o)
    0x08002778   0x0000000e   Code   RO         4699    i.__scatterload_copy  mc_w.l(handlers.o)
    0x08002786   0x00000002   Code   RO         4700    i.__scatterload_null  mc_w.l(handlers.o)
    0x08002788   0x0000000e   Code   RO         4701    i.__scatterload_zeroinit  mc_w.l(handlers.o)
    0x08002796   0x00000002   PAD
    0x08002798   0x00000410   Code   RO         4594    i._printf_core      mc_w.l(printf8.o)
    0x08002ba8   0x00000024   Code   RO         4595    i._printf_post_padding  mc_w.l(printf8.o)
    0x08002bcc   0x0000002e   Code   RO         4596    i._printf_pre_padding  mc_w.l(printf8.o)
    0x08002bfa   0x0000000a   Code   RO         4598    i._sputc            mc_w.l(printf8.o)
    0x08002c04   0x00000210   Code   RO         3961    i.bmp_encode        bmp.o
    0x08002e14   0x00000050   Code   RO            1    i.camera_new_pathname  main.o
    0x08002e64   0x000000d8   Code   RO            2    i.camera_refresh    main.o
    0x08002f3c   0x00000090   Code   RO         3534    i.check_fs          ff.o
    0x08002fcc   0x00000014   Code   RO         3535    i.chk_chr           ff.o
    0x08002fe0   0x00000032   Code   RO         3536    i.clmt_clust        ff.o
    0x08003012   0x0000001a   Code   RO         3537    i.clust2sect        ff.o
    0x0800302c   0x000000a0   Code   RO         3538    i.cmp_lfn           ff.o
    0x080030cc   0x000000d6   Code   RO         3539    i.create_chain      ff.o
    0x080031a2   0x00000002   PAD
    0x080031a4   0x00000270   Code   RO         3540    i.create_name       ff.o
    0x08003414   0x0000004c   Code   RO         3412    i.delay_ms          systick.o
    0x08003460   0x0000004c   Code   RO         3413    i.delay_us          systick.o
    0x080034ac   0x0000005c   Code   RO         3541    i.dir_alloc         ff.o
    0x08003508   0x000000ea   Code   RO         3542    i.dir_find          ff.o
    0x080035f2   0x0000010e   Code   RO         3543    i.dir_next          ff.o
    0x08003700   0x0000012a   Code   RO         3545    i.dir_register      ff.o
    0x0800382a   0x0000009e   Code   RO         3547    i.dir_sdi           ff.o
    0x080038c8   0x0000003c   Code   RO         3467    i.disk_initialize   diskio.o
    0x08003904   0x00000094   Code   RO         3468    i.disk_ioctl        diskio.o
    0x08003998   0x0000007c   Code   RO         3469    i.disk_read         diskio.o
    0x08003a14   0x0000001e   Code   RO         3470    i.disk_status       diskio.o
    0x08003a32   0x00000078   Code   RO         3471    i.disk_write        diskio.o
    0x08003aaa   0x00000020   Code   RO         3549    i.f_close           ff.o
    0x08003aca   0x0000017c   Code   RO         3555    i.f_mkdir           ff.o
    0x08003c46   0x00000002   PAD
    0x08003c48   0x0000005c   Code   RO         3557    i.f_mount           ff.o
    0x08003ca4   0x00000196   Code   RO         3558    i.f_open            ff.o
    0x08003e3a   0x000000b0   Code   RO         3568    i.f_sync            ff.o
    0x08003eea   0x000001ea   Code   RO         3572    i.f_write           ff.o
    0x080040d4   0x0000007c   Code   RO         3932    i.ff_convert        cc936.o
    0x08004150   0x0000000e   Code   RO         3472    i.ff_memalloc       diskio.o
    0x0800415e   0x0000000e   Code   RO         3473    i.ff_memfree        diskio.o
    0x0800416c   0x0000005c   Code   RO         3933    i.ff_wtoupper       cc936.o
    0x080041c8   0x00000394   Code   RO         3573    i.find_volume       ff.o
    0x0800455c   0x00000080   Code   RO         3574    i.fit_lfn           ff.o
    0x080045dc   0x00000090   Code   RO         3575    i.follow_path       ff.o
    0x0800466c   0x00000024   Code   RO         3442    i.fputc             usart.o
    0x08004690   0x000000cc   Code   RO         3576    i.gen_numname       ff.o
    0x0800475c   0x000000f2   Code   RO         3577    i.get_fat           ff.o
    0x0800484e   0x00000004   Code   RO         3474    i.get_fattime       diskio.o
    0x08004852   0x0000004a   Code   RO         3579    i.get_ldnumber      ff.o
    0x0800489c   0x00000020   Code   RO         3580    i.ld_clust          ff.o
    0x080048bc   0x00000368   Code   RO            3    i.main              main.o
    0x08004c24   0x00000026   Code   RO         3581    i.mem_cmp           ff.o
    0x08004c4a   0x0000001a   Code   RO         3582    i.mem_cpy           ff.o
    0x08004c64   0x00000014   Code   RO         3583    i.mem_set           ff.o
    0x08004c78   0x00000034   Code   RO         3584    i.move_window       ff.o
    0x08004cac   0x0000006c   Code   RO         4304    i.my_mem_free       malloc.o
    0x08004d18   0x00000044   Code   RO         4305    i.my_mem_init       malloc.o
    0x08004d5c   0x000000a8   Code   RO         4306    i.my_mem_malloc     malloc.o
    0x08004e04   0x00000040   Code   RO         4307    i.my_mem_perused    malloc.o
    0x08004e44   0x00000014   Code   RO         4308    i.my_mem_set        malloc.o
    0x08004e58   0x00000024   Code   RO         4309    i.myfree            malloc.o
    0x08004e7c   0x00000028   Code   RO         4310    i.mymalloc          malloc.o
    0x08004ea4   0x0000000e   Code   RO         4121    i.pic_memalloc      piclib.o
    0x08004eb2   0x0000000e   Code   RO         4122    i.pic_memfree       piclib.o
    0x08004ec0   0x00000142   Code   RO         3586    i.put_fat           ff.o
    0x08005002   0x0000006c   Code   RO         3588    i.remove_chain      ff.o
    0x0800506e   0x00000010   Code   RO         3589    i.st_clust          ff.o
    0x0800507e   0x00000020   Code   RO         3590    i.sum_sfn           ff.o
    0x0800509e   0x000000c8   Code   RO         3591    i.sync_fs           ff.o
    0x08005166   0x00000052   Code   RO         3592    i.sync_window       ff.o
    0x080051b8   0x00000032   Code   RO         3593    i.validate          ff.o
    0x080051ea   0x00001524   Data   RO         2778    .constdata          tftlcd.o
    0x0800670e   0x00000150   Data   RO         2970    .constdata          ov7670.o
    0x0800685e   0x0000003a   Data   RO         3595    .constdata          ff.o
    0x08006898   0x0002b0c0   Data   RO         3934    .constdata          cc936.o
    0x08031958   0x00000018   Data   RO         4315    .constdata          malloc.o
    0x08031970   0x00000020   Data   RO         4697    Region$$Table       anon$$obj.o


    Execution Region RW_IRAM1 (Base: 0x20000000, Size: 0x0000bfc0, Max: 0x00010000, ABSOLUTE)

    Base Addr    Size         Type   Attr      Idx    E Section Name        Object

    0x20000000   0x00000014   Data   RW          416    .data               stm32f10x_rcc.o
    0x20000014   0x0000000c   Data   RW         2779    .data               tftlcd.o
    0x20000020   0x00000001   Data   RW         2943    .data               key.o
    0x20000021   0x00000001   Data   RW         3091    .data               exti.o
    0x20000022   0x00000001   Data   RW         3115    .data               time.o
    0x20000023   0x00000001   Data   RW         3154    .data               sd.o
    0x20000024   0x00000002   Data   RW         3315    .data               flash.o
    0x20000026   0x00000004   Data   RW         3414    .data               systick.o
    0x2000002a   0x00000002   Data   RW         3475    .data               diskio.o
    0x2000002c   0x00000002   Data   RW         3596    .data               ff.o
    0x2000002e   0x00000002   PAD
    0x20000030   0x00000014   Data   RW         3889    .data               fatfs_app.o
    0x20000044   0x0000001c   Data   RW         4316    .data               malloc.o
    0x20000060   0x00000004   Data   RW         4669    .data               mc_w.l(stdout.o)
    0x20000064   0x00001000   Zero   RW         3314    .bss                flash.o
    0x20001064   0x0000000c   Zero   RW         3594    .bss                ff.o
    0x20001070   0x00000150   Zero   RW         3886    .bss                fatfs_app.o
    0x200011c0   0x0000aa00   Zero   RW         4314    .bss                malloc.o
    0x2000bbc0   0x00000400   Zero   RW          262    STACK               startup_stm32f10x_hd.o



  Load Region LR$$.ARM.__AT_0x68000000 (Base: 0x68000000, Size: 0x00000000, Max: 0x000f0000, ABSOLUTE)

    Execution Region ER$$.ARM.__AT_0x68000000 (Base: 0x68000000, Size: 0x000f0000, Max: 0x000f0000, ABSOLUTE, UNINIT)

    Base Addr    Size         Type   Attr      Idx    E Section Name        Object

    0x68000000   0x000f0000   Zero   RW         4312    .ARM.__AT_0x68000000  malloc.o



  Load Region LR$$.ARM.__AT_0x680F0000 (Base: 0x680f0000, Size: 0x00000000, Max: 0x0000f000, ABSOLUTE)

    Execution Region ER$$.ARM.__AT_0x680F0000 (Base: 0x680f0000, Size: 0x0000f000, Max: 0x0000f000, ABSOLUTE, UNINIT)

    Base Addr    Size         Type   Attr      Idx    E Section Name        Object

    0x680f0000   0x0000f000   Zero   RW         4313    .ARM.__AT_0x680F0000  malloc.o


==============================================================================

Image component sizes


      Code (inc. data)   RO Data    RW Data    ZI Data      Debug   Object Name

       528         28          0          0          0       2777   bmp.o
       216         16     176320          0          0       2587   cc936.o
       514          8          0          2          0       6908   diskio.o
       144         18          0          1          0       1263   exti.o
       132         18          0         20        336       5619   fatfs_app.o
      6552         64         58          2         12      35212   ff.o
       848         78          0          2       4096       6629   flash.o
       228         22          0          1          0       1154   key.o
        52          6          0          0          0        487   led.o
      1168        228          0          0          0     274792   main.o
       504         60         24         28    1088000       6054   malloc.o
       172         22          0          0          0       2281   misc.o
       814         32        336          0          0       5093   ov7670.o
        28          0          0          0          0       1021   piclib.o
       660         60          0          0          0       5346   sccb.o
      1358         42          0          1          0      10224   sd.o
       236         20          0          0          0       1653   spi.o
        36          8        304          0       1024        848   startup_stm32f10x_hd.o
       200         18          0          0          0       2316   stm32f10x_exti.o
       282          6          0          0          0       1985   stm32f10x_fsmc.o
       350          4          0          0          0       3906   stm32f10x_gpio.o
        26          0          0          0          0       3926   stm32f10x_it.o
       308         38          0         20          0       5306   stm32f10x_rcc.o
       112          0          0          0          0       4130   stm32f10x_spi.o
       246         42          0          0          0       3866   stm32f10x_tim.o
       460          6          0          0          0       7135   stm32f10x_usart.o
       328         28          0          0          0       1993   system_stm32f10x.o
       212         16          0          4          0       1745   systick.o
      1992         98       5412         12          0      11979   tftlcd.o
       188         36          0          1          0       1345   time.o
       280         20          0          0          0       1730   usart.o

    ----------------------------------------------------------------------
     19212       1042     182486         96    1093468     421310   Object Totals
         0          0         32          0          0          0   (incl. Generated)
        38          0          0          2          0          0   (incl. Padding)

    ----------------------------------------------------------------------

      Code (inc. data)   RO Data    RW Data    ZI Data      Debug   Library Member Name

         0          0          0          0          0          0   entry.o
         0          0          0          0          0          0   entry10a.o
         0          0          0          0          0          0   entry11a.o
         8          4          0          0          0          0   entry2.o
         4          0          0          0          0          0   entry5.o
         0          0          0          0          0          0   entry7b.o
         0          0          0          0          0          0   entry8b.o
         8          4          0          0          0          0   entry9a.o
        30          0          0          0          0          0   handlers.o
        36          8          0          0          0         68   init.o
        30          0          0          0          0         68   llshl.o
        32          0          0          0          0         68   llushr.o
      1204         60          0          0          0        504   printf8.o
         0          0          0          4          0          0   stdout.o
        98          0          0          0          0         92   uldiv.o

    ----------------------------------------------------------------------
      1454         76          0          4          0        800   Library Totals
         4          0          0          0          0          0   (incl. Padding)

    ----------------------------------------------------------------------

      Code (inc. data)   RO Data    RW Data    ZI Data      Debug   Library Name

      1450         76          0          4          0        800   mc_w.l

    ----------------------------------------------------------------------
      1454         76          0          4          0        800   Library Totals

    ----------------------------------------------------------------------

==============================================================================


      Code (inc. data)   RO Data    RW Data    ZI Data      Debug   

     20666       1118     182486        100    1093468     412746   Grand Totals
     20666       1118     182486        100    1093468     412746   ELF Image Totals
     20666       1118     182486        100          0          0   ROM Totals

==============================================================================

    Total RO  Size (Code + RO Data)               203152 ( 198.39kB)
    Total RW  Size (RW Data + ZI Data)           1093568 (1067.94kB)
    Total ROM Size (Code + RO Data + RW Data)     203252 ( 198.49kB)

==============================================================================

