<html>
<body>
<pre>
<h1>礦ision Build Log</h1>
<h2>Tool Versions:</h2>
IDE-Version: μVision V5.14.0.0
Copyright (C) 2015 ARM Ltd and ARM Germany GmbH. All rights reserved.
License Information: 11 11, 11, LIC=Z3CTG-V7L26-YBCE9-4HVX0-Y8SH0-9JFN7
 
Tool Versions:
Toolchain:       MDK-ARM Professional  Version: 5.14.0.0
Toolchain Path:  d:\Keil_v5\ARM\ARMCC\Bin
C Compiler:      Armcc.exe V5.05 update 1 (build 106)
Assembler:       Armasm.exe V5.05 update 1 (build 106)
Linker/Locator:  ArmLink.exe V5.05 update 1 (build 106)
Library Manager: ArmAr.exe V5.05 update 1 (build 106)
Hex Converter:   FromElf.exe V5.05 update 1 (build 106)
CPU DLL:         SARMCM3.DLL V5.14.0.0
Dialog DLL:      DCM.DLL V1.13.1.0
Target DLL:      CMSIS_AGDI.dll V1.21.0.0
Dialog DLL:      TCM.DLL V1.14.4.0
 
<h2>Project:</h2>
E:\ADesktop\毕业设计\毕业设计完成部分\stm32-Licenseplaterecognition\Template.uvprojx
Project File Date:  02/07/2020

<h2>Output:</h2>
Rebuild target 'Target 1'
compiling main.c...
User\main.c(39): warning:  #223-D: function "ESP8266_STA_LinkAP" declared implicitly
        ESP8266_STA_LinkAP();
User\main.c(132): warning:  #223-D: function "ESP8266_ConnectToServer" declared implicitly
                                ESP8266_ConnectToServer();
User\main.c(133): warning:  #223-D: function "PostToWeb" declared implicitly
                                PostToWeb("0:PHOTO/PIC00001.bmp");
User\main.c(26): warning:  #177-D: variable "sbuf" was declared but never referenced
        u8 sbuf[15];
User\main.c(27): warning:  #177-D: variable "count" was declared but never referenced
        u8 count;
User\main.c: 5 warnings, 0 errors
compiling stm32f10x_it.c...
assembling startup_stm32f10x_hd.s...
compiling stm32f10x_gpio.c...
compiling stm32f10x_rcc.c...
compiling misc.c...
compiling stm32f10x_exti.c...
compiling stm32f10x_tim.c...
compiling stm32f10x_usart.c...
compiling stm32f10x_iwdg.c...
compiling stm32f10x_wwdg.c...
compiling stm32f10x_bkp.c...
compiling stm32f10x_pwr.c...
compiling stm32f10x_adc.c...
compiling stm32f10x_dac.c...
compiling stm32f10x_dma.c...
compiling stm32f10x_rtc.c...
compiling stm32f10x_can.c...
compiling stm32f10x_fsmc.c...
compiling stm32f10x_spi.c...
compiling stm32f10x_flash.c...
compiling system_stm32f10x.c...
compiling core_cm3.c...
compiling led.c...
compiling tftlcd.c...
APP\tftlcd\tftlcd.c(564): warning:  #177-D: variable "i" was declared but never referenced
        u16 i;
APP\tftlcd\tftlcd.c(2207): warning:  #177-D: variable "g" was declared but never referenced
        u16 r=0,g=0,b=0;
APP\tftlcd\tftlcd.c(2207): warning:  #177-D: variable "b" was declared but never referenced
        u16 r=0,g=0,b=0;
APP\tftlcd\tftlcd.c(2208): warning:  #177-D: variable "r1" was declared but never referenced
        u16 r1,r2,r3;
APP\tftlcd\tftlcd.c(2208): warning:  #177-D: variable "r2" was declared but never referenced
        u16 r1,r2,r3;
APP\tftlcd\tftlcd.c(2208): warning:  #177-D: variable "r3" was declared but never referenced
        u16 r1,r2,r3;
APP\tftlcd\tftlcd.c(2209): warning:  #177-D: variable "value" was declared but never referenced
        u32 value;
APP\tftlcd\tftlcd.c: 7 warnings, 0 errors
compiling key.c...
compiling ov7670.c...
compiling sccb.c...
compiling exti.c...
compiling time.c...
compiling sd.c...
compiling spi.c...
compiling flash.c...
compiling esp8266_drive.c...
compiling esp8266_public.c...
APP\esp8266\ESP8266_Public\esp8266_public.c(183): warning:  #223-D: function "memset" declared implicitly
        memset(ESP8266_Fram_Record_Struct .Data_RX_BUF,'\0',RX_BUF_MAX_LEN);
APP\esp8266\ESP8266_Public\esp8266_public.c(206): warning:  #177-D: variable "fsrc" was declared but never referenced
                FIL fsrc;
APP\esp8266\ESP8266_Public\esp8266_public.c: 2 warnings, 0 errors
compiling system.c...
compiling SysTick.c...
compiling usart.c...
compiling diskio.c...
compiling ff.c...
compiling fatfs_app.c...
FATFS\FATFS_APP\fatfs_app.c(81): warning:  #223-D: function "strcpy" declared implicitly
        strcpy((char *)tbuf,(const char*)attr);//copy
FATFS\FATFS_APP\fatfs_app.c(88): warning:  #223-D: function "strcmp" declared implicitly
                        if(strcmp((const char *)FILE_TYPE_TBL[i][j],(const char *)tbuf)==0)//找到了
FATFS\FATFS_APP\fatfs_app.c: 2 warnings, 0 errors
compiling cc936.c...
compiling bmp.c...
PICTURE\bmp.c(378): warning:  #223-D: function "printf" declared implicitly
        printf(" size= %d\r\n",sizeof(FIL));
PICTURE\bmp.c(447): warning:  #223-D: function "sprintf" declared implicitly
                sprintf((char*)pname,"0:PHOTO/PIC%05d.bmp",index);
PICTURE\bmp.c: 2 warnings, 0 errors
compiling gif.c...
compiling piclib.c...
compiling tjpgd.c...
compiling malloc.c...
compiling color.c...
compiling value.c...
compiling discern.c...
Color\discern.c(35): warning:  #223-D: function "LCD_Display_Dir" declared implicitly
                LCD_Display_Dir(1);
Color\discern.c(76): warning:  #223-D: function "LCD_Display_Dir" declared implicitly
                        LCD_Display_Dir(0);
Color\discern.c: 2 warnings, 0 errors
compiling string.c...
compiling algo.c...
Color\algo.c(624): warning:  #177-D: variable "u" was declared but never referenced
        u16 a,b,u,i;
Color\algo.c(624): warning:  #177-D: variable "i" was declared but never referenced
        u16 a,b,u,i;
Color\algo.c: 2 warnings, 0 errors
linking...
Program Size: Code=29706 RO-data=182718 RW-data=6936 ZI-data=1095256  
FromELF: creating hex file...
".\Obj\Template.axf" - 0 Error(s), 22 Warning(s).

<h2>Collection of Component include folders:</h2>
  E:\ADesktop\毕业设计\毕业设计完成部分\stm32-Licenseplaterecognition\RTE
  d:\Keil_v5\ARM\PACK\Keil\STM32F1xx_DFP\1.0.5\Device\Include

<h2>Collection of Component Files used:</h2>
</pre>
</body>
</html>
